../amazon_acs/dpk_impl/rt106a/common/debug/asd_crashdump.c:566:12:asd_crashdump_flash_print	40	static
../amazon_acs/dpk_impl/rt106a/common/debug/asd_crashdump.c:654:6:asd_crashdump_is_available.part.0	72	static
../amazon_acs/dpk_impl/rt106a/common/debug/asd_crashdump.c:612:9:asd_crashdump_init	8	static
../amazon_acs/dpk_impl/rt106a/common/debug/asd_crashdump.c:622:13:asd_crashdump_reason_name	0	static
../amazon_acs/dpk_impl/rt106a/common/debug/asd_crashdump.c:627:13:asd_crashdump_metrics_key	0	static
../amazon_acs/dpk_impl/rt106a/common/debug/asd_crashdump.c:632:13:asd_get_cpu_reg_name	0	static
../amazon_acs/dpk_impl/rt106a/common/debug/asd_crashdump.c:639:6:asd_crashdump_header_is_valid	4	static
../amazon_acs/dpk_impl/rt106a/common/debug/asd_crashdump.c:654:6:asd_crashdump_is_available	0	static
../amazon_acs/dpk_impl/rt106a/common/debug/asd_crashdump.c:694:9:asd_crashdump_erase	8	static
../amazon_acs/dpk_impl/rt106a/common/debug/asd_crashdump.c:706:6:asd_crashdump_save	64	static
../amazon_acs/dpk_impl/rt106a/common/debug/asd_crashdump.c:741:9:asd_crashdump_read_raw	32	static
../amazon_acs/dpk_impl/rt106a/common/debug/asd_crashdump.c:827:9:asd_crashdump_read_frame	120	static
../amazon_acs/dpk_impl/rt106a/common/debug/asd_crashdump.c:767:9:asd_crashdump_get_total_frame_length	40	static
../amazon_acs/dpk_impl/rt106a/common/debug/asd_crashdump.c:792:9:asd_crashdump_get_first_frame	16	static
../amazon_acs/dpk_impl/rt106a/common/debug/asd_crashdump.c:808:9:asd_crashdump_get_next_frame	16	static
../amazon_acs/dpk_impl/rt106a/common/debug/asd_crashdump.c:855:23:asd_get_cached_minidump	0	static
../amazon_acs/dpk_impl/rt106a/common/debug/asd_crashdump.c:860:6:asd_clear_cached_minidump	0	static
../amazon_acs/dpk_impl/rt106a/common/debug/asd_crashdump.c:866:6:crashdump_register_version_info_callback	0	static
