../amazon_acs/dpk_impl/rt106a/hal_impl/rt106a_wifi_hal.c:302:25:wifi_hal_ConvertHalToWiced	32	static
../amazon_acs/dpk_impl/rt106a/hal_impl/rt106a_wifi_hal.c:605:13:wifi_hal_SoftApProcessConnEvent	136	static
../amazon_acs/dpk_impl/rt106a/hal_impl/rt106a_wifi_hal.c:662:14:wifi_hal_SoftApConnectionsCb	16	static
../amazon_acs/dpk_impl/rt106a/hal_impl/rt106a_wifi_hal.c:429:13:wifi_hal_ConnectUpdateCb	64	static
../amazon_acs/dpk_impl/rt106a/hal_impl/rt106a_wifi_hal.c:389:25:wifi_hal_ConvertAuthWicedToHal.isra	0	static
../amazon_acs/dpk_impl/rt106a/hal_impl/rt106a_wifi_hal.c:701:13:wifi_hal_ScanResultCb	72	static
../amazon_acs/dpk_impl/rt106a/hal_impl/rt106a_wifi_hal.c:1060:18:WIFI_HAL_Init	72	static
../amazon_acs/dpk_impl/rt106a/hal_impl/rt106a_wifi_hal.c:1094:18:WIFI_HAL_DeInit	72	static
../amazon_acs/dpk_impl/rt106a/hal_impl/rt106a_wifi_hal.c:1132:18:WIFI_HAL_SetRadio	0	static
../amazon_acs/dpk_impl/rt106a/hal_impl/rt106a_wifi_hal.c:1138:18:WIFI_HAL_SetMode	0	static
../amazon_acs/dpk_impl/rt106a/hal_impl/rt106a_wifi_hal.c:1162:18:WIFI_HAL_GetMode	8	static
../amazon_acs/dpk_impl/rt106a/hal_impl/rt106a_wifi_hal.c:1199:18:WIFI_HAL_GetMacAddress	24	static
../amazon_acs/dpk_impl/rt106a/hal_impl/rt106a_wifi_hal.c:1226:18:WIFI_HAL_SetMacAddress	16	static
../amazon_acs/dpk_impl/rt106a/hal_impl/rt106a_wifi_hal.c:1253:18:WIFI_HAL_GetIPInfo	24	static
../amazon_acs/dpk_impl/rt106a/hal_impl/rt106a_wifi_hal.c:1295:18:WIFI_HAL_StartScan	32	static
../amazon_acs/dpk_impl/rt106a/hal_impl/rt106a_wifi_hal.c:1344:18:WIFI_HAL_StopScan	8	static
../amazon_acs/dpk_impl/rt106a/hal_impl/rt106a_wifi_hal.c:1485:18:WIFI_HAL_StartDisconnectAP	56	static
../amazon_acs/dpk_impl/rt106a/hal_impl/rt106a_wifi_hal.c:805:13:wifi_hal_NotifyUpperLayerTask	200	static
../amazon_acs/dpk_impl/rt106a/hal_impl/rt106a_wifi_hal.c:1362:18:WIFI_HAL_StartConnectAP	184	static
../amazon_acs/dpk_impl/rt106a/hal_impl/rt106a_wifi_hal.c:1522:12:WIFI_HAL_IsConnected	0	static
../amazon_acs/dpk_impl/rt106a/hal_impl/rt106a_wifi_hal.c:1553:18:WIFI_HAL_GetConnectionInfo	152	static
../amazon_acs/dpk_impl/rt106a/hal_impl/rt106a_wifi_hal.c:1587:18:WIFI_HAL_GetRSSI	16	static
../amazon_acs/dpk_impl/rt106a/hal_impl/rt106a_wifi_hal.c:1614:18:WIFI_HAL_StartAP	176	static
../amazon_acs/dpk_impl/rt106a/hal_impl/rt106a_wifi_hal.c:1699:18:WIFI_HAL_StopAP	56	static
../amazon_acs/dpk_impl/rt106a/hal_impl/rt106a_wifi_hal.c:1761:18:WIFI_HAL_GetStationList	0	static
../amazon_acs/dpk_impl/rt106a/hal_impl/rt106a_wifi_hal.c:1784:18:WIFI_HAL_DisconnectStation	64	static
../amazon_acs/dpk_impl/rt106a/hal_impl/rt106a_wifi_hal.c:1814:18:WIFI_HAL_RegisterEvent	0	static
../amazon_acs/dpk_impl/rt106a/hal_impl/rt106a_wifi_hal.c:1863:18:WIFI_HAL_SetCountryCode	16	static
../amazon_acs/dpk_impl/rt106a/hal_impl/rt106a_wifi_hal.c:1891:18:WIFI_HAL_GetCountryCode	8	static
../amazon_acs/dpk_impl/rt106a/hal_impl/rt106a_wifi_hal.c:1916:18:WIFI_HAL_GetStatistic	1000	static
../amazon_acs/dpk_impl/rt106a/hal_impl/rt106a_wifi_hal.c:1971:18:WIFI_HAL_GetCapability	0	static
../amazon_acs/dpk_impl/rt106a/hal_impl/rt106a_wifi_hal.c:1992:18:WIFI_HAL_SetPMMode	8	static
../amazon_acs/dpk_impl/rt106a/hal_impl/rt106a_wifi_hal.c:2031:18:WIFI_HAL_GetPMMode	8	static
