C:\Users\amos.zhou\Documents\MCUXpressoIDE_11.5.0_7232\workspace\sln_alexa_iot_iled_blinky\CMSIS/mpu_armv7.h:191:22:ARM_MPU_Enable	16	static
C:\Users\amos.zhou\Documents\MCUXpressoIDE_11.5.0_7232\workspace\sln_alexa_iot_iled_blinky\CMSIS/mpu_armv7.h:203:22:ARM_MPU_Disable	4	static
C:\Users\amos.zhou\Documents\MCUXpressoIDE_11.5.0_7232\workspace\sln_alexa_iot_iled_blinky\drivers/fsl_clock.h:990:20:CLOCK_SetMux	24	static
C:\Users\amos.zhou\Documents\MCUXpressoIDE_11.5.0_7232\workspace\sln_alexa_iot_iled_blinky\drivers/fsl_clock.h:1016:24:CLOCK_GetMux	16	static
C:\Users\amos.zhou\Documents\MCUXpressoIDE_11.5.0_7232\workspace\sln_alexa_iot_iled_blinky\drivers/fsl_clock.h:1052:24:CLOCK_GetDiv	16	static
C:\Users\amos.zhou\Documents\MCUXpressoIDE_11.5.0_7232\workspace\sln_alexa_iot_iled_blinky\drivers/fsl_clock.h:1113:24:CLOCK_GetOscFreq	4	static
C:\Users\amos.zhou\Documents\MCUXpressoIDE_11.5.0_7232\workspace\sln_alexa_iot_iled_blinky\drivers/fsl_common.h:552:28:DisableGlobalIRQ	16	static
C:\Users\amos.zhou\Documents\MCUXpressoIDE_11.5.0_7232\workspace\sln_alexa_iot_iled_blinky\drivers/fsl_common.h:583:24:EnableGlobalIRQ	24	static
C:\Users\amos.zhou\Documents\MCUXpressoIDE_11.5.0_7232\workspace\sln_alexa_iot_iled_blinky\drivers/fsl_gpio.h:174:24:GPIO_PinRead	16	static
../board/board.c:92:16:get_mpu_size	24	static
../board/board.c:125:10:BOARD_DebugConsoleSrcFreq	24	static
../board/board.c:144:6:BOARD_InitDebugConsole	16	static
../board/board.c:579:6:BOARD_ConfigMPU	64	static
../board/board.c:732:6:BOARD_BoostClock	8	static
../board/board.c:753:6:BOARD_RevertClock	8	static
../board/board.c:775:6:BOARD_RelocateVectorTableToRam	48	static
../board/board.c:805:9:BUTTON_MSDPressed	8	static
../board/board.c:815:9:BUTTON_OTWPressed	8	static
