C:\Users\amos.zhou\Documents\MCUXpressoIDE_11.5.0_7232\workspace\sln_alexa_iot_iled_blinky\drivers/fsl_clock.h:990:20:CLOCK_SetMux	24	static
C:\Users\amos.zhou\Documents\MCUXpressoIDE_11.5.0_7232\workspace\sln_alexa_iot_iled_blinky\drivers/fsl_clock.h:1027:20:CLOCK_SetDiv	24	static
C:\Users\amos.zhou\Documents\MCUXpressoIDE_11.5.0_7232\workspace\sln_alexa_iot_iled_blinky\drivers/fsl_clock.h:1063:20:CLOCK_ControlGate	32	static
C:\Users\amos.zhou\Documents\MCUXpressoIDE_11.5.0_7232\workspace\sln_alexa_iot_iled_blinky\drivers/fsl_clock.h:1090:20:CLOCK_DisableClock	16	static
C:\Users\amos.zhou\Documents\MCUXpressoIDE_11.5.0_7232\workspace\sln_alexa_iot_iled_blinky\drivers/fsl_clock.h:1222:20:CLOCK_SetXtalFreq	16	static
C:\Users\amos.zhou\Documents\MCUXpressoIDE_11.5.0_7232\workspace\sln_alexa_iot_iled_blinky\drivers/fsl_clock.h:1232:20:CLOCK_SetRtcXtalFreq	16	static
C:\Users\amos.zhou\Documents\MCUXpressoIDE_11.5.0_7232\workspace\sln_alexa_iot_iled_blinky\drivers/fsl_clock.h:1289:20:CLOCK_SetPllBypass	24	static
C:\Users\amos.zhou\Documents\MCUXpressoIDE_11.5.0_7232\workspace\sln_alexa_iot_iled_blinky\drivers/fsl_iomuxc.h:1318:20:IOMUXC_EnableMode	24	static
C:\Users\amos.zhou\Documents\MCUXpressoIDE_11.5.0_7232\workspace\sln_alexa_iot_iled_blinky\drivers/fsl_iomuxc.h:1341:20:IOMUXC_SetSaiMClkClockSource	24	static
C:\Users\amos.zhou\Documents\MCUXpressoIDE_11.5.0_7232\workspace\sln_alexa_iot_iled_blinky\drivers/fsl_iomuxc.h:1401:20:IOMUXC_MQSConfig	24	static
../board/clock_config.c:48:6:BOARD_InitBootClocks	8	static
../board/clock_config.c:171:6:BOARD_BootClockRUN	8	static
