C:\Users\amos.zhou\Documents\MCUXpressoIDE_11.5.0_7232\workspace\sln_alexa_iot_iled_blinky\drivers/fsl_clock.h:1063:20:CLOCK_ControlGate	32	static
C:\Users\amos.zhou\Documents\MCUXpressoIDE_11.5.0_7232\workspace\sln_alexa_iot_iled_blinky\drivers/fsl_clock.h:1080:20:CLOCK_EnableClock	16	static
C:\Users\amos.zhou\Documents\MCUXpressoIDE_11.5.0_7232\workspace\sln_alexa_iot_iled_blinky\drivers/fsl_iomuxc.h:1266:20:IOMUXC_SetPinMux	24	static
C:\Users\amos.zhou\Documents\MCUXpressoIDE_11.5.0_7232\workspace\sln_alexa_iot_iled_blinky\drivers/fsl_iomuxc.h:1298:20:IOMUXC_SetPinConfig	24	static
../board/pin_mux.c:35:6:BOARD_InitBootPins	8	static
../board/pin_mux.c:66:6:BOARD_InitSwitches	24	static
../board/pin_mux.c:145:6:BOARD_InitMicrophone	24	static
../board/pin_mux.c:264:6:BOARD_InitEthernet	16	static
../board/pin_mux.c:427:6:BOARD_InitFlash	24	static
../board/pin_mux.c:634:6:BOARD_InittJtag	16	static
../board/pin_mux.c:673:6:BOARD_InitLPI2C	16	static
../board/pin_mux.c:727:6:BOARD_InitLPSPI	16	static
../board/pin_mux.c:803:6:BOARD_InitLPUART	16	static
../board/pin_mux.c:851:6:BOARD_InitBootConfig	24	static
../board/pin_mux.c:905:6:BOARD_InitWifi	24	static
../board/pin_mux.c:980:6:BOARD_InitBluetooth	16	static
../board/pin_mux.c:1091:6:BOARD_InitAudioOut	16	static
../board/pin_mux.c:1192:6:BOARD_InitLED	32	static
