../source/ble/ble_hal_adapter.c:197:19:prvBTBleAdapterInit	8	static
../source/ble/ble_hal_adapter.c:219:12:prvBTRegisterBleApp	8	static
../source/ble/ble_hal_adapter.c:231:12:prvBTUnregisterBleApp	0	static
../source/ble/ble_hal_adapter.c:238:12:prvBTGetBleAdapterProperty	0	static
../source/ble/ble_hal_adapter.c:250:12:prvBTSetBleAdapterProperty	0	static
../source/ble/ble_hal_adapter.c:269:12:prvBTGetBleRemoteDeviceProperty	16	static
../source/ble/ble_hal_adapter.c:277:12:prvBTSetBleRemoteDeviceProperty	0	static
../source/ble/ble_hal_adapter.c:285:12:prvBTScan	0	static
../source/ble/ble_hal_adapter.c:292:12:prvBTConnect	0	static
../source/ble/ble_hal_adapter.c:356:12:prvBTReadRemoteRssi	0	static
../source/ble/ble_hal_adapter.c:364:12:prvBTScanFilterParamSetup	0	static
../source/ble/ble_hal_adapter.c:371:12:prvBTScanFilterAddRemove	0	static
../source/ble/ble_hal_adapter.c:391:12:prvBTScanFilterEnable	0	static
../source/ble/ble_hal_adapter.c:577:19:prvBTSetAdvRawData	0	static
../source/ble/ble_hal_adapter.c:586:12:prvBTConnParameterUpdateRequest	0	static
../source/ble/ble_hal_adapter.c:597:12:prvBTSetScanParameters	0	static
../source/ble/ble_hal_adapter.c:622:12:prvBTMultiAdvSetInstData	0	static
../source/ble/ble_hal_adapter.c:646:12:prvBTBatchscanCfgStorage	0	static
../source/ble/ble_hal_adapter.c:656:12:prvBTBatchscanEndBatchScan	0	static
../source/ble/ble_hal_adapter.c:675:12:prvBTBatchscanReadReports	0	static
../source/ble/ble_hal_adapter.c:683:12:prvBTSetPreferredPhy	0	static
../source/ble/ble_hal_adapter.c:693:12:prvBTReadPhy	0	static
../source/ble/ble_hal_adapter.c:701:14:prvBTGetGattClientInterface	0	static
../source/ble/ble_hal_adapter.c:406:19:prvBTSetAdvData	72	static
../source/ble/ble_hal_adapter.c:337:19:prvBTStopAdv	16	static
../source/ble/ble_hal_adapter.c:318:19:prvBTStartAdv	16	static
../source/ble/ble_hal_adapter.c:302:12:prvBTDisconnect	8	static
../source/ble/ble_hal_adapter.c:606:12:prvBTMultiAdvEnable	0	static
../source/ble/ble_hal_adapter.c:614:12:prvBTMultiAdvUpdate	0	static
../source/ble/ble_hal_adapter.c:639:12:prvBTMultiAdvDisable	0	static
../source/ble/ble_hal_adapter.c:399:15:prvBTGetDeviceType	0	static
../source/ble/ble_hal_adapter.c:668:12:prvBTBatchscanDisBatchScan	0	static
../source/ble/ble_hal_adapter.c:262:12:prvBTGetallBleRemoteDeviceProperties	0	static
../source/ble/ble_hal_adapter.c:706:14:prvGetLeAdapter	0	static
