../source/ble/bt_hal_gatt.c:337:19:prvBTConnect	0	static
../source/ble/bt_hal_gatt.c:345:19:prvBTDisconnect	0	static
../source/ble/bt_hal_gatt.c:612:19:prvBTDeleteService	8	static
../source/ble/bt_hal_gatt.c:682:19:prvAddServiceBlob	0	static
../source/ble/bt_hal_gatt.c:704:19:prvRemoveDevicesFromWhiteList	0	static
../source/ble/bt_hal_gatt.c:688:19:prvConfigureMtu	8	static
../source/ble/bt_hal_gatt.c:657:19:prvBTSendResponse	32	static
../source/ble/bt_hal_gatt.c:625:19:prvBTSendIndication	16	static
../source/ble/bt_hal_gatt.c:590:19:prvBTStopService	24	static
../source/ble/bt_hal_gatt.c:567:19:prvBTStartService	32	static
../source/ble/bt_hal_gatt.c:514:19:prvBTAddDescriptor	48	static
../source/ble/bt_hal_gatt.c:477:19:prvBTSetVal	16	static
../source/ble/bt_hal_gatt.c:423:19:prvBTAddCharacteristic	48	static
../source/ble/bt_hal_gatt.c:400:19:prvBTAddIncludedService	40	static
../source/ble/bt_hal_gatt.c:352:19:prvBTAddService	48	static
../source/ble/bt_hal_gatt.c:319:19:prvBTGattServerInit	8	static
../source/ble/bt_hal_gatt.c:302:19:prvBTUnregisterServer	16	static
../source/ble/bt_hal_gatt.c:285:19:prvBTRegisterServer	16	static
../source/ble/bt_hal_gatt.c:236:31:gatts_callback	40	static
../source/ble/bt_hal_gatt.c:711:19:prvAddDevicesToWhiteList	0	static
../source/ble/bt_hal_gatt.c:718:19:prvReconnect	0	static
../source/ble/bt_hal_gatt.c:145:10:get_connection_id	0	static
../source/ble/bt_hal_gatt.c:150:14:get_connection_state	0	static
../source/ble/bt_hal_gatt.c:280:14:prvBTGetGattServerInterface	0	static
