../source/ble/bt_hal_gap.c:494:12:prvBTGetAllDeviceProperties	0	static
../source/ble/bt_hal_gap.c:593:12:prvBTGetAllRemoteDeviceProperties	0	static
../source/ble/bt_hal_gap.c:600:12:prvBTGetRemoteDeviceProperty	0	static
../source/ble/bt_hal_gap.c:608:12:prvBTSetRemoteDeviceProperty	0	static
../source/ble/bt_hal_gap.c:616:12:prvBTPair	0	static
../source/ble/bt_hal_gap.c:625:12:prvBTCreateBondOutOfBand	0	static
../source/ble/bt_hal_gap.c:660:12:prvBTGetConnectionState	0	static
../source/ble/bt_hal_gap.c:668:12:prvBTPinReply	0	static
../source/ble/bt_hal_gap.c:678:12:prvBTSspReply	0	static
../source/ble/bt_hal_gap.c:712:12:prvBTDutModeConfigure	0	static
../source/ble/bt_hal_gap.c:719:12:prvBTDutModeSend	0	static
../source/ble/bt_hal_gap.c:858:14:prvGetClassicAdapter	0	static
../source/ble/bt_hal_gap.c:752:6:rssi_callback	16	static
../source/ble/bt_hal_gap.c:448:12:prvBTDisable	8	static
../source/ble/bt_hal_gap.c:184:19:bond_state_get	136	static
../source/ble/bt_hal_gap.c:239:16:wiced_stack_management_callback	264	static
../source/ble/bt_hal_gap.c:389:12:prvBtManagerCleanup	8	static
../source/ble/bt_hal_gap.c:408:12:prvBTEnable	24	static
../source/ble/bt_hal_gap.c:499:12:prvBTGetDeviceProperty	128	static
../source/ble/bt_hal_gap.c:641:12:prvBTRemoveBond	32	static
../source/ble/bt_hal_gap.c:780:12:prvBTReadRssi	8	static
../source/ble/bt_hal_gap.c:805:12:prvBTSetDeviceProperty	16	static
../source/ble/bt_hal_gap.c:355:12:prvBTManagerInit	16	static
../source/ble/bt_hal_gap.c:728:12:prvBTLeTestMode	0	static
../source/ble/bt_hal_gap.c:797:12:prvBTGetTxpower	0	static
../source/ble/bt_hal_gap.c:737:12:prvBTConfigHCISnoopLog	0	static
../source/ble/bt_hal_gap.c:634:12:prvBTCancelBond	0	static
../source/ble/bt_hal_gap.c:745:12:prvBTConfigClear	0	static
../source/ble/bt_hal_gap.c:705:12:prvBTReadEnergyInfo	0	static
../source/ble/bt_hal_gap.c:146:23:BTGetBluetoothInterface	0	static
../source/ble/bt_hal_gap.c:489:12:prvGetBondableDeviceList	0	static
