../source/ble/bt_hall_gatt_helpers.c:22:13:generate_handle	4	static
../source/ble/bt_hall_gatt_helpers.c:53:10:get_characteristic_handle	16	static
../source/ble/bt_hall_gatt_helpers.c:71:10:get_value_handle	24	static
../source/ble/bt_hall_gatt_helpers.c:96:9:add_service_16	24	static
../source/ble/bt_hall_gatt_helpers.c:133:9:add_service_128	40	static
../source/ble/bt_hall_gatt_helpers.c:170:9:include_serveice16	32	static
../source/ble/bt_hall_gatt_helpers.c:209:9:include_serveice128	32	static
../source/ble/bt_hall_gatt_helpers.c:247:9:add_characteristic16	48	static
../source/ble/bt_hall_gatt_helpers.c:292:9:add_characteristic128	80	static
../source/ble/bt_hall_gatt_helpers.c:338:9:add_characteristic16_writable	48	static
../source/ble/bt_hall_gatt_helpers.c:384:9:add_characteristic128_writable	80	static
../source/ble/bt_hall_gatt_helpers.c:430:9:add_char_descriptor16	24	static
../source/ble/bt_hall_gatt_helpers.c:466:9:add_char_descriptor16_writable	24	static
../source/ble/bt_hall_gatt_helpers.c:504:9:add_char_descriptor128	40	static
../source/ble/bt_hall_gatt_helpers.c:540:9:add_char_descriptor128_writable	40	static
../source/ble/bt_hall_gatt_helpers.c:577:6:init_gatt_database	0	static
../source/ble/bt_hall_gatt_helpers.c:585:9:parse_permissions	0	static
../source/ble/bt_hall_gatt_helpers.c:613:10:get_datebase_size	0	static
