../board/pin_mux.c:68:6:BOARD_InitSwitches	16	static
../board/pin_mux.c:147:6:BOARD_InitMicrophone	24	static
../board/pin_mux.c:266:6:BOARD_InitEthernet	8	static
../board/pin_mux.c:429:6:BOARD_InitFlash	16	static
../board/pin_mux.c:636:6:BOARD_InittJtag	0	static
../board/pin_mux.c:675:6:BOARD_InitLPI2C	4	static
../board/pin_mux.c:729:6:BOARD_InitLPSPI	4	static
../board/pin_mux.c:805:6:BOARD_InitLPUART	4	static
../board/pin_mux.c:853:6:BOARD_InitBootConfig	16	static
../board/pin_mux.c:907:6:BOARD_InitWifi	16	static
../board/pin_mux.c:982:6:BOARD_InitBluetooth	16	static
../board/pin_mux.c:1102:6:BOARD_InitAudioOut	8	static
../board/pin_mux.c:35:6:BOARD_InitBootPins	32	static
../board/pin_mux.c:1203:6:BOARD_InitLED	4	static
