../amazon_acs/dpk_impl/rt106a/common/asd_logger/asd_logger_impl.c:573:12:process_input_stream_dsp	8	static
../amazon_acs/dpk_impl/rt106a/common/asd_logger/asd_logger_impl.c:868:16:asd_logger_frontend_wait_request_completion	0	static
../amazon_acs/dpk_impl/rt106a/common/asd_logger/asd_logger_impl.c:851:16:asd_logger_frontend_send_request	16	static
../amazon_acs/dpk_impl/rt106a/common/asd_logger/asd_logger_impl.c:820:24:asd_logger_frontend_get_log_filter	32	static
../amazon_acs/dpk_impl/rt106a/common/asd_logger/asd_logger_impl.c:778:24:asd_logger_frontend_set_log_filter	32	static
../amazon_acs/dpk_impl/rt106a/common/asd_logger/asd_logger_impl.c:662:24:asd_logger_frontend_vprint	320	static
../amazon_acs/dpk_impl/rt106a/common/asd_logger/asd_logger_impl.c:102:13:asd_logger_flash_log_expiration_check_cb	24	static
../amazon_acs/dpk_impl/rt106a/common/asd_logger/asd_logger_impl.c:732:13:asd_logger_frontend_option_filter	8	static
../amazon_acs/dpk_impl/rt106a/common/asd_logger/asd_logger_impl.c:603:24:asd_logger_frontend_register_stream	24	static
../amazon_acs/dpk_impl/rt106a/common/asd_logger/asd_logger_impl.c:409:13:asd_logger_cleanup.part.0	16	static
../amazon_acs/dpk_impl/rt106a/common/asd_logger/asd_logger_impl.c:462:13:logger_task	32	static
../amazon_acs/dpk_impl/rt106a/common/asd_logger/asd_logger_impl.c:511:13:print_drop_count.part.0	48	static
../amazon_acs/dpk_impl/rt106a/common/asd_logger/asd_logger_impl.c:553:12:process_input_stream_main	32	static
../amazon_acs/dpk_impl/rt106a/common/asd_logger/asd_logger_impl.c:540:12:process_log_requests	80	static
../amazon_acs/dpk_impl/rt106a/common/asd_logger/asd_logger_impl.c:633:24:asd_logger_frontend_write	8	static
../amazon_acs/dpk_impl/rt106a/common/asd_logger/asd_logger_impl.c:97:18:asd_logger_get_handle	0	static
../amazon_acs/dpk_impl/rt106a/common/asd_logger/asd_logger_impl.c:163:17:asd_logger_init	32	static
../amazon_acs/dpk_impl/rt106a/common/asd_logger/asd_logger_impl.c:277:6:asd_logger_deinit	0	static
../amazon_acs/dpk_impl/rt106a/common/asd_logger/asd_logger_impl.c:283:17:asd_logger_update_config	16	static
../amazon_acs/dpk_impl/rt106a/common/asd_logger/asd_logger_impl.c:301:6:asd_logger_dump_module_filters	24	static
../amazon_acs/dpk_impl/rt106a/common/asd_logger/asd_logger_impl.c:317:17:asd_logger_vprint_console	128	static
../amazon_acs/dpk_impl/rt106a/common/asd_logger/asd_logger_impl.c:344:15:asd_get_console_stream	0	static
../amazon_acs/dpk_impl/rt106a/common/asd_logger/asd_logger_impl.c:354:9:asd_logger_decode_line_header	88	static
../amazon_acs/dpk_impl/rt106a/common/asd_logger/asd_logger_impl.c:910:16:console_write	72	static
../amazon_acs/dpk_impl/rt106a/common/asd_logger/asd_logger_impl.c:391:9:asd_logger_get_log_drops	0	static
../amazon_acs/dpk_impl/rt106a/common/asd_logger/asd_logger_impl.c:399:26:asd_logger_get_request_queue	0	static
../amazon_acs/dpk_impl/rt106a/common/asd_logger/asd_logger_impl.c:484:24:asd_logger_get_flash_mgr	0	static
../amazon_acs/dpk_impl/rt106a/common/asd_logger/asd_logger_impl.c:489:21:asd_logger_get_flash_buffer	0	static
