../wiced/43xxx_Wi-Fi/WICED/WWD/internal/chips/4343W/wwd_ap.c:148:21:internal_ap_init	56	static
../wiced/43xxx_Wi-Fi/WICED/WWD/internal/chips/4343W/wwd_ap.c:123:14:wwd_handle_apsta_event	8	static
../wiced/43xxx_Wi-Fi/WICED/WWD/internal/chips/4343W/wwd_ap.c:366:14:wwd_wifi_ap_init	40	static
../wiced/43xxx_Wi-Fi/WICED/WWD/internal/chips/4343W/wwd_ap.c:380:14:wwd_wifi_ap_up	24	static
../wiced/43xxx_Wi-Fi/WICED/WWD/internal/chips/4343W/wwd_ap.c:413:14:wwd_wifi_start_ap	40	static
../wiced/43xxx_Wi-Fi/WICED/WWD/internal/chips/4343W/wwd_ap.c:422:14:wwd_wifi_stop_ap	24	static
../wiced/43xxx_Wi-Fi/WICED/WWD/internal/chips/4343W/wwd_ap.c:485:14:wwd_wifi_set_ampdu_parameters	0	static
../wiced/43xxx_Wi-Fi/WICED/WWD/internal/chips/4343W/wwd_ap.c:493:14:wwd_wifi_set_block_ack_window_size	0	static
