../utilities/fsl_debug_console.c:264:13:DbgConsole_SerialManagerTxCallback	4	static
../utilities/fsl_debug_console.c:341:10:DbgConsole_ReadOneCharacter	0	static
../utilities/fsl_debug_console.c:412:5:DbgConsole_SendData	32	static
../utilities/fsl_debug_console.c:479:5:DbgConsole_SendDataReliable.part.0	32	static
../utilities/fsl_debug_console.c:479:5:DbgConsole_SendDataReliable	8	static
../utilities/fsl_debug_console.c:648:13:DbgConsole_PrintCallback	32	static
../utilities/fsl_debug_console.c:555:5:DbgConsole_ReadLine	16	static
../utilities/fsl_debug_console.c:615:5:DbgConsole_ReadCharacter	8	static
../utilities/fsl_debug_console.c:670:10:DbgConsole_Init	56	static
../utilities/fsl_debug_console.c:801:10:DbgConsole_Deinit	8	static
../utilities/fsl_debug_console.c:838:40:DbgConsole_Flush	8	static
../utilities/fsl_debug_console.c:877:5:DbgConsole_Printf	144	static
../utilities/fsl_debug_console.c:897:5:DbgConsole_Putchar	16	static
../utilities/fsl_debug_console.c:904:5:DbgConsole_Scanf	48	static
../utilities/fsl_debug_console.c:922:5:DbgConsole_BlockingPrintf	144	static
../utilities/fsl_debug_console.c:952:10:DbgConsole_TryGetchar	0	static
../utilities/fsl_debug_console.c:990:5:DbgConsole_Getchar	8	static
../utilities/fsl_debug_console.c:1174:27:_write	8	static
../utilities/fsl_debug_console.c:1195:27:_read	8	static
