C:\Users\amos.zhou\Documents\MCUXpressoIDE_11.5.0_7232\workspace\sln_alexa_iot_iled_blinky\CMSIS/core_cm7.h:1902:22:__NVIC_EnableIRQ	16	static
C:\Users\amos.zhou\Documents\MCUXpressoIDE_11.5.0_7232\workspace\sln_alexa_iot_iled_blinky\CMSIS/core_cm7.h:1940:22:__NVIC_DisableIRQ	16	static
../drivers/fsl_clock.h:1063:20:CLOCK_ControlGate	32	static
../drivers/fsl_clock.h:1080:20:CLOCK_EnableClock	16	static
../drivers/fsl_clock.h:1090:20:CLOCK_DisableClock	16	static
../drivers/fsl_common.h:484:28:EnableIRQ	16	static
../drivers/fsl_common.h:522:28:DisableIRQ	16	static
../drivers/fsl_lpuart.h:281:20:LPUART_SoftwareReset	16	static
../drivers/fsl_lpuart.c:113:10:LPUART_GetInstance	24	static
../drivers/fsl_lpuart.c:137:8:LPUART_TransferGetRxRingBufferLength	32	static
../drivers/fsl_lpuart.c:158:13:LPUART_TransferIsRxRingBufferFull	24	static
../drivers/fsl_lpuart.c:175:13:LPUART_WriteNonBlocking	32	static
../drivers/fsl_lpuart.c:189:13:LPUART_ReadNonBlocking	40	static
../drivers/fsl_lpuart.c:243:10:LPUART_Init	56	static
../drivers/fsl_lpuart.c:455:6:LPUART_Deinit	24	static
../drivers/fsl_lpuart.c:519:6:LPUART_GetDefaultConfig	16	static
../drivers/fsl_lpuart.c:564:10:LPUART_SetBaudRate	56	static
../drivers/fsl_lpuart.c:657:6:LPUART_EnableInterrupts	24	static
../drivers/fsl_lpuart.c:697:6:LPUART_DisableInterrupts	24	static
../drivers/fsl_lpuart.c:744:10:LPUART_GetEnabledInterrupts	24	static
../drivers/fsl_lpuart.c:773:10:LPUART_GetStatusFlags	24	static
../drivers/fsl_lpuart.c:804:10:LPUART_ClearStatusFlags	24	static
../drivers/fsl_lpuart.c:857:10:LPUART_WriteBlocking	32	static
../drivers/fsl_lpuart.c:922:10:LPUART_ReadBlocking	48	static
../drivers/fsl_lpuart.c:1041:6:LPUART_TransferCreateHandle	40	static
../drivers/fsl_lpuart.c:1106:6:LPUART_TransferStartRingBuffer	24	static
../drivers/fsl_lpuart.c:1133:6:LPUART_TransferStopRingBuffer	16	static
../drivers/fsl_lpuart.c:1168:10:LPUART_TransferSendNonBlocking	32	static
../drivers/fsl_lpuart.c:1207:6:LPUART_TransferAbortSend	16	static
../drivers/fsl_lpuart.c:1230:10:LPUART_TransferGetSendCount	32	static
../drivers/fsl_lpuart.c:1288:10:LPUART_TransferReceiveNonBlocking	56	static
../drivers/fsl_lpuart.c:1415:6:LPUART_TransferAbortReceive	16	static
../drivers/fsl_lpuart.c:1444:10:LPUART_TransferGetReceiveCount	32	static
../drivers/fsl_lpuart.c:1472:6:LPUART_TransferHandleIRQ	48	static
../drivers/fsl_lpuart.c:1707:6:LPUART_TransferHandleErrorIRQ	16	static
../drivers/fsl_lpuart.c:1833:6:LPUART1_DriverIRQHandler	8	static
../drivers/fsl_lpuart.c:1855:6:LPUART2_DriverIRQHandler	8	static
../drivers/fsl_lpuart.c:1876:6:LPUART3_DriverIRQHandler	8	static
../drivers/fsl_lpuart.c:1897:6:LPUART4_DriverIRQHandler	8	static
../drivers/fsl_lpuart.c:1918:6:LPUART5_DriverIRQHandler	8	static
../drivers/fsl_lpuart.c:1939:6:LPUART6_DriverIRQHandler	8	static
../drivers/fsl_lpuart.c:1960:6:LPUART7_DriverIRQHandler	8	static
../drivers/fsl_lpuart.c:1981:6:LPUART8_DriverIRQHandler	8	static
