C:\Users\amos.zhou\Documents\MCUXpressoIDE_11.5.0_7232\workspace\sln_alexa_iot_iled_blinky\CMSIS/core_cm7.h:1902:22:__NVIC_EnableIRQ	16	static
../drivers/fsl_clock.h:1063:20:CLOCK_ControlGate	32	static
../drivers/fsl_clock.h:1080:20:CLOCK_EnableClock	16	static
../drivers/fsl_common.h:484:28:EnableIRQ	16	static
../drivers/fsl_flexspi.h:388:20:FLEXSPI_SoftwareReset	16	static
../drivers/fsl_flexspi.h:426:20:FLEXSPI_EnableInterrupts	16	static
../drivers/fsl_flexspi.h:437:20:FLEXSPI_DisableInterrupts	16	static
../drivers/fsl_flexspi.h:572:20:FLEXSPI_ClearInterruptStatusFlags	16	static
../drivers/fsl_flexspi.h:641:20:FLEXSPI_GetBusIdleStatus	16	static
../drivers/fsl_flexspi.c:123:10:FLEXSPI_GetInstance	24	static
../drivers/fsl_flexspi.c:141:17:FLEXSPI_ConfigureDll	40	static
../drivers/fsl_flexspi.c:196:10:FLEXSPI_CheckAndClearError	24	static
../drivers/fsl_flexspi.c:242:6:FLEXSPI_Init	24	static
../drivers/fsl_flexspi.c:335:6:FLEXSPI_GetDefaultConfig	24	static
../drivers/fsl_flexspi.c:389:6:FLEXSPI_Deinit	16	static
../drivers/fsl_flexspi.c:406:6:FLEXSPI_SetFlashConfig	40	static
../drivers/fsl_flexspi.c:508:6:FLEXSPI_UpdateLUT	32	static
../drivers/fsl_flexspi.c:540:6:FLEXSPI_UpdateRxSampleClock	24	static
../drivers/fsl_flexspi.c:569:10:FLEXSPI_WriteBlocking	40	static
../drivers/fsl_flexspi.c:628:10:FLEXSPI_ReadBlocking	48	static
../drivers/fsl_flexspi.c:715:10:FLEXSPI_TransferBlocking	24	static
../drivers/fsl_flexspi.c:782:6:FLEXSPI_TransferCreateHandle	32	static
../drivers/fsl_flexspi.c:823:10:FLEXSPI_TransferNonBlocking	32	static
../drivers/fsl_flexspi.c:900:10:FLEXSPI_TransferGetCount	32	static
../drivers/fsl_flexspi.c:927:6:FLEXSPI_TransferAbort	16	static
../drivers/fsl_flexspi.c:941:6:FLEXSPI_TransferHandleIRQ	48	static
../drivers/fsl_flexspi.c:1052:6:FLEXSPI_DriverIRQHandler	8	static
