../drivers/fsl_clock.h:1063:20:CLOCK_ControlGate	32	static
../drivers/fsl_clock.h:1080:20:CLOCK_EnableClock	16	static
../drivers/fsl_clock.h:1090:20:CLOCK_DisableClock	16	static
../drivers/fsl_common.h:552:28:DisableGlobalIRQ	16	static
../drivers/fsl_common.h:583:24:EnableGlobalIRQ	24	static
../drivers/fsl_dcp.c:104:13:dcp_reverse_and_copy	32	static
../drivers/fsl_dcp.c:121:17:dcp_get_channel_status	32	static
../drivers/fsl_dcp.c:162:13:dcp_clear_status	24	static
../drivers/fsl_dcp.c:172:13:dcp_clear_channel_status	24	static
../drivers/fsl_dcp.c:198:17:dcp_aes_set_sram_based_key	32	static
../drivers/fsl_dcp.c:218:17:dcp_schedule_work	40	static
../drivers/fsl_dcp.c:318:10:DCP_AES_SetKey	32	static
../drivers/fsl_dcp.c:381:10:DCP_AES_EncryptEcb	72	static
../drivers/fsl_dcp.c:423:10:DCP_AES_EncryptEcbNonBlocking	24	static
../drivers/fsl_dcp.c:479:10:DCP_AES_DecryptEcb	72	static
../drivers/fsl_dcp.c:521:10:DCP_AES_DecryptEcbNonBlocking	24	static
../drivers/fsl_dcp.c:577:10:DCP_AES_EncryptCbc	80	static
../drivers/fsl_dcp.c:624:10:DCP_AES_EncryptCbcNonBlocking	24	static
../drivers/fsl_dcp.c:688:10:DCP_AES_DecryptCbc	80	static
../drivers/fsl_dcp.c:735:10:DCP_AES_DecryptCbcNonBlocking	24	static
../drivers/fsl_dcp.c:797:6:DCP_GetDefaultConfig	24	static
../drivers/fsl_dcp.c:822:6:DCP_Init	16	static
../drivers/fsl_dcp.c:854:6:DCP_Deinit	16	static
../drivers/fsl_dcp.c:874:10:DCP_WaitForChannelComplete	16	static
../drivers/fsl_dcp.c:900:17:dcp_hash_check_input_alg	16	static
../drivers/fsl_dcp.c:920:17:dcp_hash_check_input_args	24	static
../drivers/fsl_dcp.c:945:17:dcp_hash_check_context	16	static
../drivers/fsl_dcp.c:971:17:dcp_hash_engine_init	24	static
../drivers/fsl_dcp.c:986:17:dcp_hash_update_non_blocking	24	static
../drivers/fsl_dcp.c:1035:17:dcp_hash_update	72	static
../drivers/fsl_dcp.c:1073:17:dcp_hash_process_message_data	40	static
../drivers/fsl_dcp.c:1125:17:dcp_hash_finalize	24	static
../drivers/fsl_dcp.c:1135:13:dcp_hash_save_running_hash	24	static
../drivers/fsl_dcp.c:1167:13:dcp_hash_restore_running_hash	24	static
../drivers/fsl_dcp.c:1210:10:DCP_HASH_Init	40	static
../drivers/fsl_dcp.c:1256:10:DCP_HASH_Update	40	static
../drivers/fsl_dcp.c:1320:10:DCP_HASH_Finish	40	static
../drivers/fsl_dcp.c:1426:10:DCP_HASH	296	static
