../drivers/fsl_clock.h:1063:20:CLOCK_ControlGate	32	static
../drivers/fsl_clock.h:1080:20:CLOCK_EnableClock	16	static
../drivers/fsl_clock.h:1090:20:CLOCK_DisableClock	16	static
../drivers/fsl_trng.c:1230:17:trng_GetInstance	24	static
../drivers/fsl_trng.c:1292:10:TRNG_GetDefaultConfig	24	static
../drivers/fsl_trng.c:1353:17:trng_SetRetryCount	24	static
../drivers/fsl_trng.c:1375:17:trng_SetMonobitLimit	32	static
../drivers/fsl_trng.c:1400:17:trng_SetRunBit1Limit	32	static
../drivers/fsl_trng.c:1424:17:trng_SetRunBit2Limit	32	static
../drivers/fsl_trng.c:1448:17:trng_SetRunBit3Limit	32	static
../drivers/fsl_trng.c:1471:17:trng_SetRunBit4Limit	32	static
../drivers/fsl_trng.c:1494:17:trng_SetRunBit5Limit	32	static
../drivers/fsl_trng.c:1517:17:trng_SetRunBit6Limit	32	static
../drivers/fsl_trng.c:1540:17:trng_SetPokerMaxLimit	32	static
../drivers/fsl_trng.c:1563:17:trng_SetFrequencyCountMaxLimit	32	static
../drivers/fsl_trng.c:1588:17:trng_SetStatisticalCheckLimit	32	static
../drivers/fsl_trng.c:1661:17:trng_ApplyUserConfig	24	static
../drivers/fsl_trng.c:1742:17:trng_ReadEntropy	24	static
../drivers/fsl_trng.c:1772:10:TRNG_Init	24	static
../drivers/fsl_trng.c:1827:6:TRNG_Deinit	16	static
../drivers/fsl_trng.c:1862:10:TRNG_GetRandomData	64	static
