../amazon_acs/dpk_impl/rt106a/common/afw/common/src/afw_kvs.c:1314:16:delete_entry	56	static
../amazon_acs/dpk_impl/rt106a/common/afw/common/src/afw_kvs.c:1560:13:afw_kvs_unlock	4	static
../amazon_acs/dpk_impl/rt106a/common/afw/common/src/afw_kvs.c:1129:13:find_next_entry	48	static
../amazon_acs/dpk_impl/rt106a/common/afw/common/src/afw_kvs.c:1117:13:populate_entry_header	16	static
../amazon_acs/dpk_impl/rt106a/common/afw/common/src/afw_kvs.c:1442:16:aes_ctr_ram_to_flash	344	static
../amazon_acs/dpk_impl/rt106a/common/afw/common/src/afw_kvs.c:1097:16:get_partition_header	24	static
../amazon_acs/dpk_impl/rt106a/common/afw/common/src/afw_kvs.c:282:9:afw_kvs_deinit.part.0	24	static
../amazon_acs/dpk_impl/rt106a/common/afw/common/src/afw_kvs.c:1190:16:find_write_address	56	static
../amazon_acs/dpk_impl/rt106a/common/afw/common/src/afw_kvs.c:1242:17:find_entry	72	dynamic
../amazon_acs/dpk_impl/rt106a/common/afw/common/src/afw_kvs.c:582:9:afw_kvs_get_all_keys_with_callback.part.0	96	static
../amazon_acs/dpk_impl/rt106a/common/afw/common/src/afw_kvs.c:771:16:cleanup_impl	504	dynamic
../amazon_acs/dpk_impl/rt106a/common/afw/common/src/afw_kvs.c:213:9:afw_kvs_init	72	static
../amazon_acs/dpk_impl/rt106a/common/afw/common/src/afw_kvs.c:282:9:afw_kvs_deinit	8	static
../amazon_acs/dpk_impl/rt106a/common/afw/common/src/afw_kvs.c:511:9:afw_kvs_get	112	static
../amazon_acs/dpk_impl/rt106a/common/afw/common/src/afw_kvs.c:557:9:afw_kvs_get_size	56	static
../amazon_acs/dpk_impl/rt106a/common/afw/common/src/afw_kvs.c:306:9:afw_kvs_set	144	dynamic
../amazon_acs/dpk_impl/rt106a/common/afw/common/src/afw_kvs.c:577:9:afw_kvs_get_all_keys	0	static
../amazon_acs/dpk_impl/rt106a/common/afw/common/src/afw_kvs.c:582:9:afw_kvs_get_all_keys_with_callback	0	static
../amazon_acs/dpk_impl/rt106a/common/afw/common/src/afw_kvs.c:692:9:afw_kvs_delete	32	static
../amazon_acs/dpk_impl/rt106a/common/afw/common/src/afw_kvs.c:707:9:afw_kvs_delete_namespace	56	static
../amazon_acs/dpk_impl/rt106a/common/afw/common/src/afw_kvs.c:758:9:afw_kvs_cleanup	16	static
../amazon_acs/dpk_impl/rt106a/common/afw/common/src/afw_kvs.c:762:6:afw_kvs_is_kvs_partition	0	static
../amazon_acs/dpk_impl/rt106a/common/afw/common/src/afw_kvs.c:1570:6:get_all_namespaces	64	dynamic
