../amazon_acs/dpk_impl/rt106a/common/afw/common/src/afw_utils.c:41:12:compare_float	0	static
../amazon_acs/dpk_impl/rt106a/common/afw/common/src/afw_utils.c:91:13:write_line.part.0	24	static
../amazon_acs/dpk_impl/rt106a/common/afw/common/src/afw_utils.c:58:6:sort_float	0	static
../amazon_acs/dpk_impl/rt106a/common/afw/common/src/afw_utils.c:69:7:median_float	16	static
../amazon_acs/dpk_impl/rt106a/common/afw/common/src/afw_utils.c:119:6:afw_hexdump	32	static
../amazon_acs/dpk_impl/rt106a/common/afw/common/src/afw_utils.c:128:10:afw_strnlen	0	static
../amazon_acs/dpk_impl/rt106a/common/afw/common/src/afw_utils.c:138:6:afw_util_is_hex_str	0	static
../amazon_acs/dpk_impl/rt106a/common/afw/common/src/afw_utils.c:154:9:afw_util_is_alphaNumeric	0	static
../amazon_acs/dpk_impl/rt106a/common/afw/common/src/afw_utils.c:170:10:afw_util_input_to_hex_str	32	static
../amazon_acs/dpk_impl/rt106a/common/afw/common/src/afw_utils.c:196:9:nib	0	static
../amazon_acs/dpk_impl/rt106a/common/afw/common/src/afw_utils.c:204:10:afw_util_hex_str_to_val	48	static
../amazon_acs/dpk_impl/rt106a/common/afw/common/src/afw_utils.c:260:6:afw_hexlify	12	static
../amazon_acs/dpk_impl/rt106a/common/afw/common/src/afw_utils.c:271:5:afw_unhexlify	32	static
../amazon_acs/dpk_impl/rt106a/common/afw/common/src/afw_utils.c:288:6:print_success	16	static
../amazon_acs/dpk_impl/rt106a/common/afw/common/src/afw_utils.c:294:6:print_fail	16	static
../amazon_acs/dpk_impl/rt106a/common/afw/common/src/afw_utils.c:300:5:afw_is_printable	24	static
../amazon_acs/dpk_impl/rt106a/common/afw/common/src/afw_utils.c:341:9:afw_encode_tlv	64	static
../amazon_acs/dpk_impl/rt106a/common/afw/common/src/afw_utils.c:384:9:afw_decode_tlv	48	static
../amazon_acs/dpk_impl/rt106a/common/afw/common/src/afw_utils.c:425:5:afw_b64dec	32	static
