../amazon_acs/dpk_impl/rt106a/common/afw/common/src/asd_flash_buffer.c:650:17:move_pos	8	static
../amazon_acs/dpk_impl/rt106a/common/afw/common/src/asd_flash_buffer.c:133:24:get_data_length_from.part.0	8	static
../amazon_acs/dpk_impl/rt106a/common/afw/common/src/asd_flash_buffer.c:603:12:_flash_read	24	static
../amazon_acs/dpk_impl/rt106a/common/afw/common/src/asd_flash_buffer.c:1408:16:asd_flash_buffer_read_data	32	static
../amazon_acs/dpk_impl/rt106a/common/afw/common/src/asd_flash_buffer.c:637:12:_flash_erase.part.0	8	static
../amazon_acs/dpk_impl/rt106a/common/afw/common/src/asd_flash_buffer.c:620:12:_flash_write	24	static
../amazon_acs/dpk_impl/rt106a/common/afw/common/src/asd_flash_buffer.c:1322:16:set_sector_meta_frame_index	32	static
../amazon_acs/dpk_impl/rt106a/common/afw/common/src/asd_flash_buffer.c:1252:16:asd_flash_buffer_random_write_data	32	static
../amazon_acs/dpk_impl/rt106a/common/afw/common/src/asd_flash_buffer.c:1224:16:write_cur_sector_meta_page_bitmap	16	static
../amazon_acs/dpk_impl/rt106a/common/afw/common/src/asd_flash_buffer.c:706:16:asd_flash_buffer_reset	8	static
../amazon_acs/dpk_impl/rt106a/common/afw/common/src/asd_flash_buffer.c:1352:13:is_frame_start_pos.constprop	40	static
../amazon_acs/dpk_impl/rt106a/common/afw/common/src/asd_flash_buffer.c:771:16:asd_flash_buffer_read_frame_length	24	static
../amazon_acs/dpk_impl/rt106a/common/afw/common/src/asd_flash_buffer.c:1188:16:asd_flash_buffer_erase_next_sector	24	static
../amazon_acs/dpk_impl/rt106a/common/afw/common/src/asd_flash_buffer.c:1294:16:asd_flash_buffer_write_data	32	static
../amazon_acs/dpk_impl/rt106a/common/afw/common/src/asd_flash_buffer.c:165:9:asd_flash_buffer_init	72	static
../amazon_acs/dpk_impl/rt106a/common/afw/common/src/asd_flash_buffer.c:199:9:asd_flash_buffer_deinit	0	static
../amazon_acs/dpk_impl/rt106a/common/afw/common/src/asd_flash_buffer.c:204:9:asd_flash_buffer_get_free_size	0	static
../amazon_acs/dpk_impl/rt106a/common/afw/common/src/asd_flash_buffer.c:216:9:asd_flash_buffer_get_data_length_and_frame_num	8	static
../amazon_acs/dpk_impl/rt106a/common/afw/common/src/asd_flash_buffer.c:235:9:asd_flash_buffer_erase_all	8	static
../amazon_acs/dpk_impl/rt106a/common/afw/common/src/asd_flash_buffer.c:244:9:asd_flash_buffer_erase_before	16	static
../amazon_acs/dpk_impl/rt106a/common/afw/common/src/asd_flash_buffer.c:263:9:asd_flash_buffer_get_data_length_and_frame_num_from_frame	12	static
../amazon_acs/dpk_impl/rt106a/common/afw/common/src/asd_flash_buffer.c:288:9:asd_flash_buffer_write_payload	48	static
../amazon_acs/dpk_impl/rt106a/common/afw/common/src/asd_flash_buffer.c:387:9:asd_flash_buffer_get_first_frame_info	4	static
../amazon_acs/dpk_impl/rt106a/common/afw/common/src/asd_flash_buffer.c:402:9:asd_flash_buffer_get_total_size	0	static
../amazon_acs/dpk_impl/rt106a/common/afw/common/src/asd_flash_buffer.c:411:9:asd_flash_buffer_get_first_unread_frame_info	4	static
../amazon_acs/dpk_impl/rt106a/common/afw/common/src/asd_flash_buffer.c:426:9:asd_flash_buffer_get_last_frame_info	4	static
../amazon_acs/dpk_impl/rt106a/common/afw/common/src/asd_flash_buffer.c:440:9:asd_flash_buffer_get_next_frame_info	56	static
../amazon_acs/dpk_impl/rt106a/common/afw/common/src/asd_flash_buffer.c:514:9:asd_flash_buffer_read_payload	48	static
../amazon_acs/dpk_impl/rt106a/common/afw/common/src/asd_flash_buffer.c:563:9:asd_flash_buffer_mark_read_before	40	static
