../amazon_acs/dpk_impl/rt106a/common/afw/common/src/flash_manager.c:191:13:check_flash_area_writeable	8	static
../amazon_acs/dpk_impl/rt106a/common/afw/common/src/flash_manager.c:332:6:callback_delegate	8	static
../amazon_acs/dpk_impl/rt106a/common/afw/common/src/flash_manager.c:103:13:fm_flash_unlock.part.0	8	static
../amazon_acs/dpk_impl/rt106a/common/afw/common/src/flash_manager.c:127:13:fm_flash_lock_init	8	static
../amazon_acs/dpk_impl/rt106a/common/afw/common/src/flash_manager.c:150:16:fm_flash_lock	8	static
../amazon_acs/dpk_impl/rt106a/common/afw/common/src/flash_manager.c:282:6:init_array	16	static
../amazon_acs/dpk_impl/rt106a/common/afw/common/src/flash_manager.c:293:5:search_array	8	static
../amazon_acs/dpk_impl/rt106a/common/afw/common/src/flash_manager.c:308:6:insert_array	40	static
../amazon_acs/dpk_impl/rt106a/common/afw/common/src/flash_manager.c:321:6:freeArray	8	static
../amazon_acs/dpk_impl/rt106a/common/afw/common/src/flash_manager.c:343:5:fm_flash_init	64	static
../amazon_acs/dpk_impl/rt106a/common/afw/common/src/flash_manager.c:389:5:fm_flash_read	24	static
../amazon_acs/dpk_impl/rt106a/common/afw/common/src/flash_manager.c:431:5:fm_flash_write	32	static
../amazon_acs/dpk_impl/rt106a/common/afw/common/src/flash_manager.c:494:5:fm_flash_erase_sectors	24	static
../amazon_acs/dpk_impl/rt106a/common/afw/common/src/flash_manager.c:477:5:fm_flash_erase	0	static
../amazon_acs/dpk_impl/rt106a/common/afw/common/src/flash_manager.c:572:5:fm_flash_set_callback	0	static
../amazon_acs/dpk_impl/rt106a/common/afw/common/src/flash_manager.c:601:16:fm_flash_getinfo	8	static
../amazon_acs/dpk_impl/rt106a/common/afw/common/src/flash_manager.c:618:9:fm_flash_ioctl	16	static
../amazon_acs/dpk_impl/rt106a/common/afw/common/src/flash_manager.c:637:5:fm_flash_get_unique_client_id	0	static
../amazon_acs/dpk_impl/rt106a/common/afw/common/src/flash_manager.c:642:28:fm_flash_get_partition	32	static
../amazon_acs/dpk_impl/rt106a/common/afw/common/src/flash_manager.c:655:28:fm_flash_get_partition_from_address	12	static
../amazon_acs/dpk_impl/rt106a/common/afw/common/src/flash_manager.c:672:28:fm_flash_get_partition_table	0	static
../amazon_acs/dpk_impl/rt106a/common/afw/common/src/flash_manager.c:678:5:fm_flash_get_max_erase_block_size	0	static
