../codec/tfa9xxx/fsl_tfa9xxx_IMX.c:38:6:tfa2_i2c_trace	0	static
../codec/tfa9xxx/fsl_tfa9xxx_IMX.c:100:5:tfa2_i2c_write_read_raw	48	static
../codec/tfa9xxx/fsl_tfa9xxx_IMX.c:133:5:tfa2_i2c_write_raw	16	static
../codec/tfa9xxx/fsl_tfa9xxx_IMX.c:149:7:TFA9XXX_GetI2CClient	0	static
../codec/tfa9xxx/fsl_tfa9xxx_IMX.c:192:6:TFA9XXX_WaitMS	0	static
../codec/tfa9xxx/fsl_tfa9xxx_IMX.c:205:10:TFA9XXX_ConvertErrorCode	0	static
../codec/tfa9xxx/fsl_tfa9xxx_IMX.c:260:10:TFA9XXX_GetDSPMessageBuffer	8	static
../codec/tfa9xxx/fsl_tfa9xxx_IMX.c:266:6:TFA9XXX_NOP	0	static
