../drivers/fsl_dcp.c:218:17:dcp_schedule_work	40	static
../drivers/fsl_common.h:552:28:DisableGlobalIRQ	0	static
../drivers/fsl_common.h:583:24:EnableGlobalIRQ	0	static
../drivers/fsl_dcp.c:318:10:DCP_AES_SetKey	8	static
../drivers/fsl_dcp.c:423:10:DCP_AES_EncryptEcbNonBlocking	12	static
../drivers/fsl_dcp.c:521:10:DCP_AES_DecryptEcbNonBlocking	12	static
../drivers/fsl_dcp.c:624:10:DCP_AES_EncryptCbcNonBlocking	16	static
../drivers/fsl_dcp.c:735:10:DCP_AES_DecryptCbcNonBlocking	16	static
../drivers/fsl_dcp.c:797:6:DCP_GetDefaultConfig	8	static
../drivers/fsl_dcp.c:822:6:DCP_Init	12	static
../drivers/fsl_dcp.c:854:6:DCP_Deinit	8	static
../drivers/fsl_dcp.c:874:10:DCP_WaitForChannelComplete	0	static
../drivers/fsl_dcp.c:381:10:DCP_AES_EncryptEcb	72	static
../drivers/fsl_dcp.c:479:10:DCP_AES_DecryptEcb	72	static
../drivers/fsl_dcp.c:577:10:DCP_AES_EncryptCbc	72	static
../drivers/fsl_dcp.c:688:10:DCP_AES_DecryptCbc	72	static
../drivers/fsl_dcp.c:1035:17:dcp_hash_update	64	static
../drivers/fsl_dcp.c:1256:10:DCP_HASH_Update.part.0	32	static
../drivers/fsl_dcp.c:1320:10:DCP_HASH_Finish.part.0	32	static
../drivers/fsl_dcp.c:1210:10:DCP_HASH_Init	4	static
../drivers/fsl_dcp.c:1256:10:DCP_HASH_Update	8	static
../drivers/fsl_dcp.c:1320:10:DCP_HASH_Finish	4	static
../drivers/fsl_dcp.c:1426:10:DCP_HASH	280	static
