../drivers/fsl_clock.h:1063:20:CLOCK_ControlGate.part.0	8	static
../drivers/fsl_lpuart.c:189:13:LPUART_ReadNonBlocking	8	static
../drivers/fsl_lpuart.c:113:10:LPUART_GetInstance.part.0	8	static
../drivers/fsl_lpuart.c:137:8:LPUART_TransferGetRxRingBufferLength.part.0	8	static
../drivers/fsl_lpuart.c:158:13:LPUART_TransferIsRxRingBufferFull.part.0	8	static
../drivers/fsl_lpuart.c:113:10:LPUART_GetInstance	8	static
../drivers/fsl_lpuart.c:137:8:LPUART_TransferGetRxRingBufferLength	8	static
../drivers/fsl_lpuart.c:243:10:LPUART_Init	48	static
../drivers/fsl_lpuart.c:455:6:LPUART_Deinit	8	static
../drivers/fsl_lpuart.c:519:6:LPUART_GetDefaultConfig	8	static
../drivers/fsl_lpuart.c:564:10:LPUART_SetBaudRate	32	static
../drivers/fsl_lpuart.c:657:6:LPUART_EnableInterrupts	24	static
../drivers/fsl_lpuart.c:697:6:LPUART_DisableInterrupts	16	static
../drivers/fsl_lpuart.c:1472:6:LPUART_TransferHandleIRQ	40	static
../drivers/fsl_lpuart.c:744:10:LPUART_GetEnabledInterrupts	0	static
../drivers/fsl_lpuart.c:773:10:LPUART_GetStatusFlags	0	static
../drivers/fsl_lpuart.c:804:10:LPUART_ClearStatusFlags	8	static
../drivers/fsl_lpuart.c:857:10:LPUART_WriteBlocking	8	static
../drivers/fsl_lpuart.c:922:10:LPUART_ReadBlocking	8	static
../drivers/fsl_lpuart.c:1041:6:LPUART_TransferCreateHandle	24	static
../drivers/fsl_lpuart.c:1106:6:LPUART_TransferStartRingBuffer	8	static
../drivers/fsl_lpuart.c:1133:6:LPUART_TransferStopRingBuffer	8	static
../drivers/fsl_lpuart.c:1168:10:LPUART_TransferSendNonBlocking	8	static
../drivers/fsl_lpuart.c:1207:6:LPUART_TransferAbortSend	8	static
../drivers/fsl_lpuart.c:1230:10:LPUART_TransferGetSendCount	16	static
../drivers/fsl_lpuart.c:1288:10:LPUART_TransferReceiveNonBlocking	32	static
../drivers/fsl_lpuart.c:1415:6:LPUART_TransferAbortReceive	8	static
../drivers/fsl_lpuart.c:1444:10:LPUART_TransferGetReceiveCount	8	static
../drivers/fsl_lpuart.c:1707:6:LPUART_TransferHandleErrorIRQ	0	static
../drivers/fsl_lpuart.c:1833:6:LPUART1_DriverIRQHandler	8	static
../drivers/fsl_lpuart.c:1855:6:LPUART2_DriverIRQHandler	8	static
../drivers/fsl_lpuart.c:1876:6:LPUART3_DriverIRQHandler	8	static
../drivers/fsl_lpuart.c:1897:6:LPUART4_DriverIRQHandler	8	static
../drivers/fsl_lpuart.c:1918:6:LPUART5_DriverIRQHandler	8	static
../drivers/fsl_lpuart.c:1939:6:LPUART6_DriverIRQHandler	8	static
../drivers/fsl_lpuart.c:1960:6:LPUART7_DriverIRQHandler	8	static
../drivers/fsl_lpuart.c:1981:6:LPUART8_DriverIRQHandler	8	static
