../freertos/freertos_kernel/portable/GCC/ARM_CM4F/port.c:261:13:prvPortStartFirstTask	0	static
../freertos/freertos_kernel/portable/GCC/ARM_CM4F/port.c:701:13:vPortEnableVFP	0	static
../freertos/freertos_kernel/portable/GCC/ARM_CM4F/port.c:187:14:pxPortInitialiseStack	4	static
../freertos/freertos_kernel/portable/GCC/ARM_CM4F/port.c:242:6:SVC_Handler	0	static
../freertos/freertos_kernel/portable/GCC/ARM_CM4F/port.c:395:6:vPortEndScheduler	0	static
../freertos/freertos_kernel/portable/GCC/ARM_CM4F/port.c:403:6:vPortEnterCritical	0	static
../freertos/freertos_kernel/portable/GCC/ARM_CM4F/port.c:420:6:vPortExitCritical	8	static
../freertos/freertos_kernel/portable/GCC/ARM_CM4F/port.c:431:6:PendSV_Handler	0	static
../freertos/freertos_kernel/portable/GCC/ARM_CM4F/port.c:488:6:SysTick_Handler	8	static
../freertos/freertos_kernel/portable/GCC/ARM_CM4F/port.c:679:30:vPortSetupTimerInterrupt	0	static
../freertos/freertos_kernel/portable/GCC/ARM_CM4F/port.c:287:12:xPortStartScheduler	32	static
../freertos/freertos_kernel/portable/GCC/ARM_CM4F/port.c:717:7:vPortValidateInterruptPriority	8	static
