../freertos/libraries/c_sdk/aws/shadow/src/aws_shadow.c:126:27:prvConvertReturnCode	0	static
../freertos/libraries/c_sdk/aws/shadow/src/aws_shadow.c:229:13:prvUpdatedCallbackWrapper	32	static
../freertos/libraries/c_sdk/aws/shadow/src/aws_shadow.c:186:13:prvDeltaCallbackWrapper	32	static
../freertos/libraries/c_sdk/aws/shadow/src/aws_shadow.c:272:20:SHADOW_ClientCreate	24	static
../freertos/libraries/c_sdk/aws/shadow/src/aws_shadow.c:387:20:SHADOW_ClientConnect	8	static
../freertos/libraries/c_sdk/aws/shadow/src/aws_shadow.c:408:20:SHADOW_ClientDisconnect	8	static
../freertos/libraries/c_sdk/aws/shadow/src/aws_shadow.c:421:20:SHADOW_ClientDelete	8	static
../freertos/libraries/c_sdk/aws/shadow/src/aws_shadow.c:456:20:SHADOW_Update	64	static
../freertos/libraries/c_sdk/aws/shadow/src/aws_shadow.c:488:20:SHADOW_Get	80	static
../freertos/libraries/c_sdk/aws/shadow/src/aws_shadow.c:537:20:SHADOW_Delete	32	static
../freertos/libraries/c_sdk/aws/shadow/src/aws_shadow.c:562:20:SHADOW_RegisterCallbacks	40	static
../freertos/libraries/c_sdk/aws/shadow/src/aws_shadow.c:637:20:SHADOW_ReturnMQTTBuffer	8	static
