../amazon_acs/dpk_impl/rt106a/common/afw/ace_hal/wifi/src/aws_wifi.c:372:13:WIFI_ConnectionFailedCallback	8	static
../amazon_acs/dpk_impl/rt106a/common/afw/ace_hal/wifi/src/aws_wifi.c:362:13:WIFI_IPReadyCallback	8	static
../amazon_acs/dpk_impl/rt106a/common/afw/ace_hal/wifi/src/aws_wifi.c:352:13:WIFI_APStateChangedCallback	8	static
../amazon_acs/dpk_impl/rt106a/common/afw/ace_hal/wifi/src/aws_wifi.c:342:13:WIFI_DisconnectedCallback	8	static
../amazon_acs/dpk_impl/rt106a/common/afw/ace_hal/wifi/src/aws_wifi.c:332:13:WIFI_ConnectedCallback	8	static
../amazon_acs/dpk_impl/rt106a/common/afw/ace_hal/wifi/src/aws_wifi.c:315:13:WIFI_ScanDoneCallback	16	static
../amazon_acs/dpk_impl/rt106a/common/afw/ace_hal/wifi/src/aws_wifi.c:303:13:WIFI_InitDoneCallback	8	static
../amazon_acs/dpk_impl/rt106a/common/afw/ace_hal/wifi/src/aws_wifi.c:162:25:WIFI_ValidateNetworkParams.part.0	8	static
../amazon_acs/dpk_impl/rt106a/common/afw/ace_hal/wifi/src/aws_wifi.c:207:25:WIFI_ConvertNetworkParams	16	static
../amazon_acs/dpk_impl/rt106a/common/afw/ace_hal/wifi/src/aws_wifi.c:1253:18:WIFI_PingExt.part.0	120	static
../amazon_acs/dpk_impl/rt106a/common/afw/ace_hal/wifi/src/aws_wifi.c:390:18:WIFI_RegisterEvent	56	static
../amazon_acs/dpk_impl/rt106a/common/afw/ace_hal/wifi/src/aws_wifi.c:458:18:WIFI_Off	16	static
../amazon_acs/dpk_impl/rt106a/common/afw/ace_hal/wifi/src/aws_wifi.c:476:18:WIFI_ConnectAP	184	static
../amazon_acs/dpk_impl/rt106a/common/afw/ace_hal/wifi/src/aws_wifi.c:536:18:WIFI_Disconnect	24	static
../amazon_acs/dpk_impl/rt106a/common/afw/ace_hal/wifi/src/aws_wifi.c:574:18:WIFI_Reset	0	static
../amazon_acs/dpk_impl/rt106a/common/afw/ace_hal/wifi/src/aws_wifi.c:580:18:WIFI_SetMode	16	static
../amazon_acs/dpk_impl/rt106a/common/afw/ace_hal/wifi/src/aws_wifi.c:613:18:WIFI_GetMode	24	static
../amazon_acs/dpk_impl/rt106a/common/afw/ace_hal/wifi/src/aws_wifi.c:652:18:WIFI_NetworkAdd	0	static
../amazon_acs/dpk_impl/rt106a/common/afw/ace_hal/wifi/src/aws_wifi.c:659:18:WIFI_NetworkGet	0	static
../amazon_acs/dpk_impl/rt106a/common/afw/ace_hal/wifi/src/aws_wifi.c:666:18:WIFI_NetworkDelete	0	static
../amazon_acs/dpk_impl/rt106a/common/afw/ace_hal/wifi/src/aws_wifi.c:673:18:WIFI_Ping	40	static
../amazon_acs/dpk_impl/rt106a/common/afw/ace_hal/wifi/src/aws_wifi.c:689:18:WIFI_GetIP	120	static
../amazon_acs/dpk_impl/rt106a/common/afw/ace_hal/wifi/src/aws_wifi.c:716:18:WIFI_GetMAC	16	static
../amazon_acs/dpk_impl/rt106a/common/afw/ace_hal/wifi/src/aws_wifi.c:741:18:WIFI_GetHostIP	56	static
../amazon_acs/dpk_impl/rt106a/common/afw/ace_hal/wifi/src/aws_wifi.c:804:18:WIFI_Scan	48	static
../amazon_acs/dpk_impl/rt106a/common/afw/ace_hal/wifi/src/aws_wifi.c:873:18:WIFI_StartAP	24	static
../amazon_acs/dpk_impl/rt106a/common/afw/ace_hal/wifi/src/aws_wifi.c:907:18:WIFI_StopAP	24	static
../amazon_acs/dpk_impl/rt106a/common/afw/ace_hal/wifi/src/aws_wifi.c:955:18:WIFI_SetPMMode	16	static
../amazon_acs/dpk_impl/rt106a/common/afw/ace_hal/wifi/src/aws_wifi.c:979:18:WIFI_GetPMMode	16	static
../amazon_acs/dpk_impl/rt106a/common/afw/ace_hal/wifi/src/aws_wifi.c:1002:12:WIFI_IsConnected	0	static
../amazon_acs/dpk_impl/rt106a/common/afw/ace_hal/wifi/src/aws_wifi.c:1007:12:WIFI_IsConnectedExt	16	static
../amazon_acs/dpk_impl/rt106a/common/afw/ace_hal/wifi/src/aws_wifi.c:1024:18:WIFI_Init	24	static
../amazon_acs/dpk_impl/rt106a/common/afw/ace_hal/wifi/src/aws_wifi.c:435:18:WIFI_On	16	static
../amazon_acs/dpk_impl/rt106a/common/afw/ace_hal/wifi/src/aws_wifi.c:1086:18:WIFI_SetModeExt	16	static
../amazon_acs/dpk_impl/rt106a/common/afw/ace_hal/wifi/src/aws_wifi.c:1104:18:WIFI_GetModeExt	16	static
../amazon_acs/dpk_impl/rt106a/common/afw/ace_hal/wifi/src/aws_wifi.c:1126:18:WIFI_StartScan	16	static
../amazon_acs/dpk_impl/rt106a/common/afw/ace_hal/wifi/src/aws_wifi.c:1147:18:WIFI_GetScanResults	16	static
../amazon_acs/dpk_impl/rt106a/common/afw/ace_hal/wifi/src/aws_wifi.c:1164:18:WIFI_StartConnectAP	16	static
../amazon_acs/dpk_impl/rt106a/common/afw/ace_hal/wifi/src/aws_wifi.c:1198:18:WIFI_StartDisconnect	16	static
../amazon_acs/dpk_impl/rt106a/common/afw/ace_hal/wifi/src/aws_wifi.c:1216:18:WIFI_GetConnectionInfo	16	static
../amazon_acs/dpk_impl/rt106a/common/afw/ace_hal/wifi/src/aws_wifi.c:1233:18:WIFI_GetIPInfo	16	static
../amazon_acs/dpk_impl/rt106a/common/afw/ace_hal/wifi/src/aws_wifi.c:1253:18:WIFI_PingExt	12	static
../amazon_acs/dpk_impl/rt106a/common/afw/ace_hal/wifi/src/aws_wifi.c:1410:18:WIFI_GetRSSI	16	static
../amazon_acs/dpk_impl/rt106a/common/afw/ace_hal/wifi/src/aws_wifi.c:1435:18:WIFI_ConfigureAPExt	16	static
../amazon_acs/dpk_impl/rt106a/common/afw/ace_hal/wifi/src/aws_wifi.c:941:18:WIFI_ConfigureAP	160	static
../amazon_acs/dpk_impl/rt106a/common/afw/ace_hal/wifi/src/aws_wifi.c:1462:18:WIFI_GetStationList	16	static
../amazon_acs/dpk_impl/rt106a/common/afw/ace_hal/wifi/src/aws_wifi.c:1485:18:WIFI_StartDisconnectStation	16	static
../amazon_acs/dpk_impl/rt106a/common/afw/ace_hal/wifi/src/aws_wifi.c:1503:18:WIFI_SetMAC	16	static
../amazon_acs/dpk_impl/rt106a/common/afw/ace_hal/wifi/src/aws_wifi.c:1521:18:WIFI_SetCountryCode	16	static
../amazon_acs/dpk_impl/rt106a/common/afw/ace_hal/wifi/src/aws_wifi.c:1539:18:WIFI_GetCountryCode	16	static
../amazon_acs/dpk_impl/rt106a/common/afw/ace_hal/wifi/src/aws_wifi.c:1556:18:WIFI_GetStatistic	16	static
../amazon_acs/dpk_impl/rt106a/common/afw/ace_hal/wifi/src/aws_wifi.c:1573:18:WIFI_GetCapability	16	static
../amazon_acs/dpk_impl/rt106a/common/afw/ace_hal/wifi/src/aws_wifi.c:1591:18:WIFI_RegisterNetworkStateChangeEventCallback	0	static
