../amazon_acs/dpk_impl/rt106a/common/afw/ace_hal/wifi/src/hal_wifi.c:168:13:aceWifiHal_resetAllProfilesPriority.constprop	24	static
../amazon_acs/dpk_impl/rt106a/common/afw/ace_hal/wifi/src/hal_wifi.c:626:27:aceWifiHal_mapChannelToFreq.isra	24	static
../amazon_acs/dpk_impl/rt106a/common/afw/ace_hal/wifi/src/hal_wifi.c:60:27:aceWifiHal_dispatchEvent.isra	32	static
../amazon_acs/dpk_impl/rt106a/common/afw/ace_hal/wifi/src/hal_wifi.c:379:13:aceWifiHal_connected_cb_	96	static
../amazon_acs/dpk_impl/rt106a/common/afw/ace_hal/wifi/src/hal_wifi.c:414:13:aceWifiHal_disconnected_cb_	96	static
../amazon_acs/dpk_impl/rt106a/common/afw/ace_hal/wifi/src/hal_wifi.c:492:13:aceWifiHal_connection_failed_cb_	104	static
../amazon_acs/dpk_impl/rt106a/common/afw/ace_hal/wifi/src/hal_wifi.c:546:13:aceWifiHal_ip_ready_cb_	96	static
../amazon_acs/dpk_impl/rt106a/common/afw/ace_hal/wifi/src/hal_wifi.c:583:13:aceWifiHal_softAP_state_cb_	40	static
../amazon_acs/dpk_impl/rt106a/common/afw/ace_hal/wifi/src/hal_wifi.c:404:13:aceWifiHal_ap_connected_cb_	32	static
../amazon_acs/dpk_impl/rt106a/common/afw/ace_hal/wifi/src/hal_wifi.c:450:13:aceWifiHal_ap_disconnected_cb_	32	static
../amazon_acs/dpk_impl/rt106a/common/afw/ace_hal/wifi/src/hal_wifi.c:352:13:aceWifiHal_init_done_cb_	24	static
../amazon_acs/dpk_impl/rt106a/common/afw/ace_hal/wifi/src/hal_wifi.c:374:13:aceWifiHal_scan_done_cb_	24	static
../amazon_acs/dpk_impl/rt106a/common/afw/ace_hal/wifi/src/hal_wifi.c:56:6:aceWifiHal_registerEventHandler	0	static
../amazon_acs/dpk_impl/rt106a/common/afw/ace_hal/wifi/src/hal_wifi.c:666:20:aceWifiHal_init	24	static
../amazon_acs/dpk_impl/rt106a/common/afw/ace_hal/wifi/src/hal_wifi.c:698:20:aceWifiHal_start	40	static
../amazon_acs/dpk_impl/rt106a/common/afw/ace_hal/wifi/src/hal_wifi.c:771:20:aceWifiHal_startScan	72	static
../amazon_acs/dpk_impl/rt106a/common/afw/ace_hal/wifi/src/hal_wifi.c:845:20:aceWifiHal_getScanResults	96	static
../amazon_acs/dpk_impl/rt106a/common/afw/ace_hal/wifi/src/hal_wifi.c:949:20:aceWifiHal_getDetailedScanResults	48	static
../amazon_acs/dpk_impl/rt106a/common/afw/ace_hal/wifi/src/hal_wifi.c:983:20:aceWifiHal_connect	264	dynamic
../amazon_acs/dpk_impl/rt106a/common/afw/ace_hal/wifi/src/hal_wifi.c:1120:20:aceWifiHal_disconnect	32	static
../amazon_acs/dpk_impl/rt106a/common/afw/ace_hal/wifi/src/hal_wifi.c:1138:20:aceWifiHal_reconnect	64	static
../amazon_acs/dpk_impl/rt106a/common/afw/ace_hal/wifi/src/hal_wifi.c:1170:27:aceWifiHal_getNetworkState	0	static
../amazon_acs/dpk_impl/rt106a/common/afw/ace_hal/wifi/src/hal_wifi.c:1192:20:aceWifiHal_getConnectionInfo	104	static
../amazon_acs/dpk_impl/rt106a/common/afw/ace_hal/wifi/src/hal_wifi.c:1226:20:aceWifiHal_createAP	184	static
../amazon_acs/dpk_impl/rt106a/common/afw/ace_hal/wifi/src/hal_wifi.c:1271:20:aceWifiHal_removeAP	16	static
../amazon_acs/dpk_impl/rt106a/common/afw/ace_hal/wifi/src/hal_wifi.c:1283:20:aceWifiHal_getStaList	40	static
../amazon_acs/dpk_impl/rt106a/common/afw/ace_hal/wifi/src/hal_wifi.c:1321:20:aceWifiHal_disconnectSta	16	static
../amazon_acs/dpk_impl/rt106a/common/afw/ace_hal/wifi/src/hal_wifi.c:1337:20:aceWifiHal_getConfiguredNetworks	8	static
../amazon_acs/dpk_impl/rt106a/common/afw/ace_hal/wifi/src/hal_wifi.c:1355:20:aceWifiHal_saveConfig	16	static
../amazon_acs/dpk_impl/rt106a/common/afw/ace_hal/wifi/src/hal_wifi.c:1373:20:aceWifiHal_addNetwork	48	static
../amazon_acs/dpk_impl/rt106a/common/afw/ace_hal/wifi/src/hal_wifi.c:1458:20:aceWifiHal_removeNetwork	88	static
../amazon_acs/dpk_impl/rt106a/common/afw/ace_hal/wifi/src/hal_wifi.c:1508:20:aceWifiHal_enableNetwork	16	static
../amazon_acs/dpk_impl/rt106a/common/afw/ace_hal/wifi/src/hal_wifi.c:1514:20:aceWifiHal_disableNetwork	16	static
../amazon_acs/dpk_impl/rt106a/common/afw/ace_hal/wifi/src/hal_wifi.c:1520:20:aceWifiHal_enableAllNetworks	64	static
../amazon_acs/dpk_impl/rt106a/common/afw/ace_hal/wifi/src/hal_wifi.c:1535:20:aceWifiHal_disableAllNetworks	24	static
../amazon_acs/dpk_impl/rt106a/common/afw/ace_hal/wifi/src/hal_wifi.c:1551:20:aceWifiHal_enableTcpTunnel	16	static
../amazon_acs/dpk_impl/rt106a/common/afw/ace_hal/wifi/src/hal_wifi.c:1558:20:aceWifiHal_disableTcpTunnel	16	static
../amazon_acs/dpk_impl/rt106a/common/afw/ace_hal/wifi/src/hal_wifi.c:1564:20:aceWifiHal_enableNAT	16	static
../amazon_acs/dpk_impl/rt106a/common/afw/ace_hal/wifi/src/hal_wifi.c:1570:20:aceWifiHal_disableNAT	16	static
../amazon_acs/dpk_impl/rt106a/common/afw/ace_hal/wifi/src/hal_wifi.c:1576:20:aceWifiHal_getMacAddress	40	static
../amazon_acs/dpk_impl/rt106a/common/afw/ace_hal/wifi/src/hal_wifi.c:1591:20:aceWifiHal_setCountryCode	16	static
../amazon_acs/dpk_impl/rt106a/common/afw/ace_hal/wifi/src/hal_wifi.c:1602:20:aceWifiHal_getCountryCode	32	static
../amazon_acs/dpk_impl/rt106a/common/afw/ace_hal/wifi/src/hal_wifi.c:1646:20:aceWifiHal_setPowerMode	40	static
../amazon_acs/dpk_impl/rt106a/common/afw/ace_hal/wifi/src/hal_wifi.c:1659:20:aceWifiHal_getPowerMode	40	static
../amazon_acs/dpk_impl/rt106a/common/afw/ace_hal/wifi/src/hal_wifi.c:1688:20:aceWifiHal_getIpInfo	128	static
../amazon_acs/dpk_impl/rt106a/common/afw/ace_hal/wifi/src/hal_wifi.c:1717:20:aceWifiHal_getCoreWifiStats	112	static
../amazon_acs/dpk_impl/rt106a/common/afw/ace_hal/wifi/src/hal_wifi.c:1838:20:aceWifiHal_getWifiCapability	32	static
../amazon_acs/dpk_impl/rt106a/common/afw/ace_hal/wifi/src/hal_wifi.c:1863:20:aceWifiHal_startIpProvisioning	0	static
../amazon_acs/dpk_impl/rt106a/common/afw/ace_hal/wifi/src/hal_wifi.c:1869:20:aceWifiHal_stopIpProvisioning	0	static
