../aws_ais/src/aisv2_msg.c:457:13:AIS_QueueSequence	56	static
../aws_ais/src/aisv2_msg.c:92:6:AIS_CheckForSecretRotate.part.0	24	static
../aws_ais/src/aisv2_msg.c:168:16:AIS_MakeTopic.isra	24	static
../aws_ais/src/aisv2_msg.c:92:6:AIS_CheckForSecretRotate	0	static
../aws_ais/src/aisv2_msg.c:113:10:AIS_Crypt	448	static
../aws_ais/src/aisv2_msg.c:1157:17:AIS_ValidateMessage	40	static
../aws_ais/src/aisv2_msg.c:186:10:AIS_PublishMicrophone	616	static
../aws_ais/src/aisv2_msg.c:280:10:AIS_PublishJSON	608	static
../aws_ais/src/aisv2_msg.c:379:10:AIS_Subscribe	168	static
../aws_ais/src/aisv2_msg.c:424:10:AIS_Unsubscribe	152	static
../aws_ais/src/aisv2_msg.c:591:6:AIS_ProcessSpeaker	56	static
../aws_ais/src/aisv2_msg.c:645:12:AIS_CallbackSpeaker	64	static
../aws_ais/src/aisv2_msg.c:1070:6:AIS_ProcessDirective	72	static
../aws_ais/src/aisv2_msg.c:1097:12:AIS_CallbackDirective	40	static
../aws_ais/src/aisv2_msg.c:1210:12:AIS_CallbackCapabilities	56	static
../aws_ais/src/aisv2_msg.c:1274:12:AIS_CallbackConnect	24	static
../aws_ais/src/aisv2_msg.c:1342:10:AIS_UpdateTopicSecretPointer	24	static
../aws_ais/src/aisv2_msg.c:1351:10:AIS_SendJSONToPublishing	24	static
../aws_ais/src/aisv2_msg.c:1403:6:AIS_PublishTask	32	static
