../aws_ais/src/aisv2.c:67:9:AIS_SeqBuffer_Size	0	static
../aws_ais/src/aisv2.c:80:6:AIS_SeqBuffer_HasSeq	0	static
../aws_ais/src/aisv2.c:137:6:AIS_SeqBuffer_Insert	24	static
../aws_ais/src/aisv2.c:191:6:AIS_SeqBuffer_Pop	16	static
../aws_ais/src/aisv2.c:294:6:AIS_StateSpeaker	0	static
../aws_ais/src/aisv2.c:301:6:AIS_TerminateSpeaker	0	static
../aws_ais/src/aisv2.c:307:6:AIS_MessageResequence	72	static
../aws_ais/src/aisv2.c:519:13:AIS_Task	96	static
../aws_ais/src/aisv2.c:489:6:AIS_SetState	0	static
../aws_ais/src/aisv2.c:497:6:AIS_ClearState	0	static
../aws_ais/src/aisv2.c:503:6:AIS_CheckState	0	static
../aws_ais/src/aisv2.c:508:6:AIS_State_Lock	0	static
../aws_ais/src/aisv2.c:513:6:AIS_State_Unlock	0	static
../aws_ais/src/aisv2.c:561:10:AIA_SmartHomeRegistration	24	static
../aws_ais/src/aisv2.c:599:10:AIS_Connect	24	static
../aws_ais/src/aisv2.c:771:6:AIS_Disconnected	0	static
../aws_ais/src/aisv2.c:780:10:AIS_Disconnect	16	static
../aws_ais/src/aisv2.c:806:6:AIS_SetConfig	32	static
../aws_ais/src/aisv2.c:818:6:AIS_SetSecret	0	static
../aws_ais/src/aisv2.c:823:10:AIS_Init	24	static
../aws_ais/src/aisv2.c:878:6:AIS_Deinit	8	static
../aws_ais/src/aisv2.c:903:6:AIS_TimeoutCheck	16	static
../aws_ais/src/aisv2.c:908:13:AIS_MapBufferState	0	static
