../aws_ais/src/aisv2_event.c:77:10:AIS_PublishConnect	24	static
../aws_ais/src/aisv2_event.c:94:10:AIS_PublishDisconnect	32	static
../aws_ais/src/aisv2_event.c:110:10:AIS_PublishCapabilities	32	static
../aws_ais/src/aisv2_event.c:135:10:AIS_EventSecretRotated	32	static
../aws_ais/src/aisv2_event.c:152:10:AIS_EventButtonCommandIssued	32	static
../aws_ais/src/aisv2_event.c:168:10:AIS_EventSpeakerOpened	64	static
../aws_ais/src/aisv2_event.c:186:10:AIS_EventSpeakerClosed	64	static
../aws_ais/src/aisv2_event.c:210:10:AIS_EventSpeakerMarkerEncountered	32	static
../aws_ais/src/aisv2_event.c:228:10:AIS_EventMicrophoneOpened	32	static
../aws_ais/src/aisv2_event.c:280:10:AIS_EventMicrophoneClosed	64	static
../aws_ais/src/aisv2_event.c:303:10:AIS_EventOpenMicrophoneTimedOut	24	static
../aws_ais/src/aisv2_event.c:315:10:AIS_EventBufferStateChanged	56	static
../aws_ais/src/aisv2_event.c:342:10:AIS_EventVolumeChanged	64	static
../aws_ais/src/aisv2_event.c:364:10:AIS_EventSynchronizeClock	24	static
../aws_ais/src/aisv2_event.c:379:10:AIS_EventSetAlertSucceeded	32	static
../aws_ais/src/aisv2_event.c:395:10:AIS_EventSetAlertFailed	32	static
../aws_ais/src/aisv2_event.c:411:10:AIS_EventDeleteAlertSucceeded	32	static
../aws_ais/src/aisv2_event.c:427:10:AIS_EventDeleteAlertFailed	32	static
../aws_ais/src/aisv2_event.c:443:10:AIS_EventLocalesReport	32	static
../aws_ais/src/aisv2_event.c:466:10:AIS_EventLocalesChanged	32	static
../aws_ais/src/aisv2_event.c:489:10:AIS_EventSmartHomeEndpointForwarding	32	static
../aws_ais/src/aisv2_event.c:506:10:AIS_EventAlertVolumeChanged	32	static
../aws_ais/src/aisv2_event.c:522:10:AIS_EventSynchronizeState	40	static
../aws_ais/src/aisv2_event.c:573:10:AIS_EventExceptionEncountered	32	static
