../wiced/43xxx_Wi-Fi/WICED/WWD/internal/wwd_wifi.c:5013:21:wwd_wifi_check_join_status	0	static
../wiced/43xxx_Wi-Fi/WICED/WWD/internal/wwd_wifi.c:5081:21:wwd_wifi_otp_write_bits	32	static
../wiced/43xxx_Wi-Fi/WICED/WWD/internal/wwd_wifi.c:514:14:wwd_scan_events_handler	48	static
../wiced/43xxx_Wi-Fi/WICED/WWD/internal/wwd_wifi.c:998:13:wwd_wifi_active_join_deinit	16	static
../wiced/43xxx_Wi-Fi/WICED/WWD/internal/wwd_wifi.c:4002:14:wwd_wifi_get_associated_client_list.part.0	40	static
../wiced/43xxx_Wi-Fi/WICED/WWD/internal/wwd_wifi.c:5419:21:wwd_nan_config	24	static
../wiced/43xxx_Wi-Fi/WICED/WWD/internal/wwd_wifi.c:5310:21:wwd_pno_add_ssid_network	312	static
../wiced/43xxx_Wi-Fi/WICED/WWD/internal/wwd_wifi.c:312:14:wwd_wifi_p2p_is_go_up	0	static
../wiced/43xxx_Wi-Fi/WICED/WWD/internal/wwd_wifi.c:317:6:wwd_wifi_p2p_set_go_is_up	0	static
../wiced/43xxx_Wi-Fi/WICED/WWD/internal/wwd_wifi.c:442:14:wwd_wifi_set_scan_suppress	24	static
../wiced/43xxx_Wi-Fi/WICED/WWD/internal/wwd_wifi.c:448:14:wwd_wifi_abort_scan	16	static
../wiced/43xxx_Wi-Fi/WICED/WWD/internal/wwd_wifi.c:471:7:wiced_ether_ntoa	32	static
../wiced/43xxx_Wi-Fi/WICED/WWD/internal/wwd_wifi.c:914:14:wwd_wifi_set_scan_params	32	static
../wiced/43xxx_Wi-Fi/WICED/WWD/internal/wwd_wifi.c:942:14:wwd_wifi_join_halt	8	static
../wiced/43xxx_Wi-Fi/WICED/WWD/internal/wwd_wifi.c:1459:14:wwd_wifi_leave	32	static
../wiced/43xxx_Wi-Fi/WICED/WWD/internal/wwd_wifi.c:1484:14:wwd_wifi_deauth_sta	40	static
../wiced/43xxx_Wi-Fi/WICED/WWD/internal/wwd_wifi.c:1630:1:wwd_wifi_get_cca_for_channel	48	static
../wiced/43xxx_Wi-Fi/WICED/WWD/internal/wwd_wifi.c:1565:1:wwd_wifi_get_best_cca	128	static
../wiced/43xxx_Wi-Fi/WICED/WWD/internal/wwd_wifi.c:2096:6:wwd_log_event	0	static
../wiced/43xxx_Wi-Fi/WICED/WWD/internal/wwd_wifi.c:2399:14:wwd_wifi_send_csa	24	static
../wiced/43xxx_Wi-Fi/WICED/WWD/internal/wwd_wifi.c:2414:14:wwd_wifi_get_mac_address	24	static
../wiced/43xxx_Wi-Fi/WICED/WWD/internal/wwd_wifi.c:2455:14:wwd_wifi_set_mac_address	32	static
../wiced/43xxx_Wi-Fi/WICED/WWD/internal/wwd_wifi.c:2478:14:wwd_wifi_get_and_cache_mac_address	8	static
../wiced/43xxx_Wi-Fi/WICED/WWD/internal/wwd_wifi.c:2497:14:wwd_wifi_is_ready_to_transceive	8	static
../wiced/43xxx_Wi-Fi/WICED/WWD/internal/wwd_wifi.c:2113:25:wiced_join_events_handler	8	static
../wiced/43xxx_Wi-Fi/WICED/WWD/internal/wwd_wifi.c:2533:6:wwd_wifi_register_link_update_callback	0	static
../wiced/43xxx_Wi-Fi/WICED/WWD/internal/wwd_wifi.c:2538:6:wwd_wifi_link_update	0	static
../wiced/43xxx_Wi-Fi/WICED/WWD/internal/wwd_wifi.c:2546:14:wwd_wifi_enable_powersave_with_throughput	32	static
../wiced/43xxx_Wi-Fi/WICED/WWD/internal/wwd_wifi.c:2552:14:wwd_wifi_enable_powersave_with_throughput_interface	32	static
../wiced/43xxx_Wi-Fi/WICED/WWD/internal/wwd_wifi.c:2593:14:wwd_wifi_enable_powersave	24	static
../wiced/43xxx_Wi-Fi/WICED/WWD/internal/wwd_wifi.c:2640:14:wwd_wifi_set_fw_cmd_debug_mode	0	static
../wiced/43xxx_Wi-Fi/WICED/WWD/internal/wwd_wifi.c:2652:14:wwd_wifi_enable_powersave_interface	24	static
../wiced/43xxx_Wi-Fi/WICED/WWD/internal/wwd_wifi.c:2672:14:wwd_wifi_disable_powersave	24	static
../wiced/43xxx_Wi-Fi/WICED/WWD/internal/wwd_wifi.c:2678:14:wwd_wifi_disable_powersave_interface	24	static
../wiced/43xxx_Wi-Fi/WICED/WWD/internal/wwd_wifi.c:2696:9:wiced_wifi_get_powersave_mode	0	static
../wiced/43xxx_Wi-Fi/WICED/WWD/internal/wwd_wifi.c:2701:10:wiced_wifi_get_return_to_sleep_delay	0	static
../wiced/43xxx_Wi-Fi/WICED/WWD/internal/wwd_wifi.c:2716:14:wwd_wifi_set_tx_power	16	static
../wiced/43xxx_Wi-Fi/WICED/WWD/internal/wwd_wifi.c:2732:14:wwd_wifi_set_listen_interval	24	static
../wiced/43xxx_Wi-Fi/WICED/WWD/internal/wwd_wifi.c:2755:14:wwd_wifi_set_listen_interval_assoc	16	static
../wiced/43xxx_Wi-Fi/WICED/WWD/internal/wwd_wifi.c:2761:14:wwd_wifi_get_listen_interval	24	static
../wiced/43xxx_Wi-Fi/WICED/WWD/internal/wwd_wifi.c:2795:14:wwd_wifi_set_ofdm_dutycycle	16	static
../wiced/43xxx_Wi-Fi/WICED/WWD/internal/wwd_wifi.c:2806:14:wwd_wifi_set_cck_dutycycle	16	static
../wiced/43xxx_Wi-Fi/WICED/WWD/internal/wwd_wifi.c:2839:14:wwd_wifi_get_pmk	40	static
../wiced/43xxx_Wi-Fi/WICED/WWD/internal/wwd_wifi.c:2879:14:wwd_wifi_register_multicast_address_for_interface	32	static
../wiced/43xxx_Wi-Fi/WICED/WWD/internal/wwd_wifi.c:2916:14:wwd_wifi_register_multicast_address	0	static
../wiced/43xxx_Wi-Fi/WICED/WWD/internal/wwd_wifi.c:2921:14:wwd_wifi_unregister_multicast_address_for_interface	56	static
../wiced/43xxx_Wi-Fi/WICED/WWD/internal/wwd_wifi.c:2962:14:wwd_wifi_unregister_multicast_address	0	static
../wiced/43xxx_Wi-Fi/WICED/WWD/internal/wwd_wifi.c:2977:14:wwd_wifi_get_ap_client_rssi	32	static
../wiced/43xxx_Wi-Fi/WICED/WWD/internal/wwd_wifi.c:2998:14:wwd_wifi_select_antenna	32	static
../wiced/43xxx_Wi-Fi/WICED/WWD/internal/wwd_wifi.c:3019:14:wwd_wifi_set_roam_trigger	32	static
../wiced/43xxx_Wi-Fi/WICED/WWD/internal/wwd_wifi.c:3029:14:wwd_wifi_set_roam_trigger_per_band	32	static
../wiced/43xxx_Wi-Fi/WICED/WWD/internal/wwd_wifi.c:3039:14:wwd_wifi_get_roam_trigger_per_band	40	static
../wiced/43xxx_Wi-Fi/WICED/WWD/internal/wwd_wifi.c:3063:14:wwd_wifi_get_roam_trigger	0	static
../wiced/43xxx_Wi-Fi/WICED/WWD/internal/wwd_wifi.c:3068:14:wwd_wifi_set_roam_delta	32	static
../wiced/43xxx_Wi-Fi/WICED/WWD/internal/wwd_wifi.c:3078:14:wwd_wifi_set_roam_delta_per_band	32	static
../wiced/43xxx_Wi-Fi/WICED/WWD/internal/wwd_wifi.c:3093:14:wwd_wifi_get_roam_delta_per_band	40	static
../wiced/43xxx_Wi-Fi/WICED/WWD/internal/wwd_wifi.c:3088:14:wwd_wifi_get_roam_delta	0	static
../wiced/43xxx_Wi-Fi/WICED/WWD/internal/wwd_wifi.c:3117:14:wwd_wifi_set_roam_scan_period	24	static
../wiced/43xxx_Wi-Fi/WICED/WWD/internal/wwd_wifi.c:3127:14:wwd_wifi_turn_off_roam	16	static
../wiced/43xxx_Wi-Fi/WICED/WWD/internal/wwd_wifi.c:3132:14:wwd_wifi_send_action_frame	24	static
../wiced/43xxx_Wi-Fi/WICED/WWD/internal/wwd_wifi.c:3145:14:wwd_wifi_get_acparams_sta	24	static
../wiced/43xxx_Wi-Fi/WICED/WWD/internal/wwd_wifi.c:3161:14:wwd_wifi_enable_monitor_mode	32	static
../wiced/43xxx_Wi-Fi/WICED/WWD/internal/wwd_wifi.c:3174:14:wwd_wifi_disable_monitor_mode	24	static
../wiced/43xxx_Wi-Fi/WICED/WWD/internal/wwd_wifi.c:3186:14:wwd_wifi_monitor_mode_is_enabled	0	static
../wiced/43xxx_Wi-Fi/WICED/WWD/internal/wwd_wifi.c:3191:14:wwd_wifi_get_bssid	32	static
../wiced/43xxx_Wi-Fi/WICED/WWD/internal/wwd_wifi.c:3209:14:wwd_wifi_set_preferred_association_band	24	static
../wiced/43xxx_Wi-Fi/WICED/WWD/internal/wwd_wifi.c:3230:14:wwd_wifi_set_down	24	static
../wiced/43xxx_Wi-Fi/WICED/WWD/internal/wwd_wifi.c:3247:14:wwd_wifi_set_up	24	static
../wiced/43xxx_Wi-Fi/WICED/WWD/internal/wwd_wifi.c:3264:14:wwd_wifi_manage_custom_ie	40	static
../wiced/43xxx_Wi-Fi/WICED/WWD/internal/wwd_wifi.c:3307:6:wwd_wifi_prioritize_acparams	40	static
../wiced/43xxx_Wi-Fi/WICED/WWD/internal/wwd_wifi.c:3360:14:wwd_wifi_update_tos_map	56	static
../wiced/43xxx_Wi-Fi/WICED/WWD/internal/wwd_wifi.c:3434:6:wwd_wifi_edcf_ac_params_print	0	static
../wiced/43xxx_Wi-Fi/WICED/WWD/internal/wwd_wifi.c:3477:14:wwd_wifi_get_channel	32	static
../wiced/43xxx_Wi-Fi/WICED/WWD/internal/wwd_wifi.c:3493:14:wwd_wifi_set_channel	24	static
../wiced/43xxx_Wi-Fi/WICED/WWD/internal/wwd_wifi.c:3545:14:wwd_wifi_get_channels	40	static
../wiced/43xxx_Wi-Fi/WICED/WWD/internal/wwd_wifi.c:3570:14:wwd_wifi_get_counters	24	static
../wiced/43xxx_Wi-Fi/WICED/WWD/internal/wwd_wifi.c:3662:14:wwd_wifi_get_supported_band_list	32	static
../wiced/43xxx_Wi-Fi/WICED/WWD/internal/wwd_wifi.c:3683:14:wwd_wifi_set_mcs_rate	72	static
../wiced/43xxx_Wi-Fi/WICED/WWD/internal/wwd_wifi.c:3706:14:wwd_wifi_set_legacy_rate	24	static
../wiced/43xxx_Wi-Fi/WICED/WWD/internal/wwd_wifi.c:3722:14:wwd_wifi_set_11n_support	24	static
../wiced/43xxx_Wi-Fi/WICED/WWD/internal/wwd_wifi.c:3732:14:wwd_wifi_set_packet_filter_mode	16	static
../wiced/43xxx_Wi-Fi/WICED/WWD/internal/wwd_wifi.c:3737:14:wwd_wifi_add_packet_filter	24	static
../wiced/43xxx_Wi-Fi/WICED/WWD/internal/wwd_wifi.c:3762:14:wwd_wifi_remove_packet_filter	16	static
../wiced/43xxx_Wi-Fi/WICED/WWD/internal/wwd_wifi.c:3772:14:wwd_wifi_enable_packet_filter	24	static
../wiced/43xxx_Wi-Fi/WICED/WWD/internal/wwd_wifi.c:3777:14:wwd_wifi_disable_packet_filter	16	static
../wiced/43xxx_Wi-Fi/WICED/WWD/internal/wwd_wifi.c:3782:14:wwd_wifi_toggle_packet_filter	24	static
../wiced/43xxx_Wi-Fi/WICED/WWD/internal/wwd_wifi.c:3793:14:wwd_wifi_get_packet_filter_stats	24	static
../wiced/43xxx_Wi-Fi/WICED/WWD/internal/wwd_wifi.c:3812:14:wwd_wifi_clear_packet_filter_stats	16	static
../wiced/43xxx_Wi-Fi/WICED/WWD/internal/wwd_wifi.c:3818:14:wwd_wifi_get_packet_filters	56	static
../wiced/43xxx_Wi-Fi/WICED/WWD/internal/wwd_wifi.c:3895:14:wwd_wifi_get_packet_filter_mask_and_pattern	48	static
../wiced/43xxx_Wi-Fi/WICED/WWD/internal/wwd_wifi.c:3948:14:wwd_wifi_add_keep_alive	16	static
../wiced/43xxx_Wi-Fi/WICED/WWD/internal/wwd_wifi.c:3966:14:wwd_wifi_get_keep_alive	40	static
../wiced/43xxx_Wi-Fi/WICED/WWD/internal/wwd_wifi.c:3992:14:wwd_wifi_disable_keep_alive	24	static
../wiced/43xxx_Wi-Fi/WICED/WWD/internal/wwd_wifi.c:4002:14:wwd_wifi_get_associated_client_list	16	static
../wiced/43xxx_Wi-Fi/WICED/WWD/internal/wwd_wifi.c:4128:14:wwd_wifi_set_ht_mode	24	static
../wiced/43xxx_Wi-Fi/WICED/WWD/internal/wwd_wifi.c:4156:14:wwd_wifi_set_passphrase	40	static
../wiced/43xxx_Wi-Fi/WICED/WWD/internal/wwd_wifi.c:4172:14:wwd_wifi_get_ioctl_buffer	40	static
../wiced/43xxx_Wi-Fi/WICED/WWD/internal/wwd_wifi.c:2967:14:wwd_wifi_get_rssi	0	static
../wiced/43xxx_Wi-Fi/WICED/WWD/internal/wwd_wifi.c:2972:14:wwd_wifi_get_noise	0	static
../wiced/43xxx_Wi-Fi/WICED/WWD/internal/wwd_wifi.c:4197:14:wwd_wifi_set_ioctl_buffer	40	static
../wiced/43xxx_Wi-Fi/WICED/WWD/internal/wwd_wifi.c:4210:14:wwd_wifi_set_iovar_buffer	24	static
../wiced/43xxx_Wi-Fi/WICED/WWD/internal/wwd_wifi.c:4223:14:wwd_wifi_set_iovar_void	24	static
../wiced/43xxx_Wi-Fi/WICED/WWD/internal/wwd_wifi.c:4232:14:wwd_wifi_set_iovar_value	24	static
../wiced/43xxx_Wi-Fi/WICED/WWD/internal/wwd_wifi.c:4243:14:wwd_wifi_get_iovar_value	24	static
../wiced/43xxx_Wi-Fi/WICED/WWD/internal/wwd_wifi.c:928:14:wwd_wifi_get_scan_params	24	static
../wiced/43xxx_Wi-Fi/WICED/WWD/internal/wwd_wifi.c:2706:14:wwd_wifi_get_tx_power	16	static
../wiced/43xxx_Wi-Fi/WICED/WWD/internal/wwd_wifi.c:2817:14:wwd_wifi_get_ofdm_dutycycle	16	static
../wiced/43xxx_Wi-Fi/WICED/WWD/internal/wwd_wifi.c:2828:14:wwd_wifi_get_cck_dutycycle	16	static
../wiced/43xxx_Wi-Fi/WICED/WWD/internal/wwd_wifi.c:4031:14:wwd_wifi_get_max_associations	0	static
../wiced/43xxx_Wi-Fi/WICED/WWD/internal/wwd_wifi.c:4142:14:wwd_wifi_get_ht_mode	16	static
../wiced/43xxx_Wi-Fi/WICED/WWD/internal/wwd_wifi.c:4256:14:wwd_wifi_get_iovar_buffer	24	static
../wiced/43xxx_Wi-Fi/WICED/WWD/internal/wwd_wifi.c:4280:14:wwd_wifi_set_ioctl_void	32	static
../wiced/43xxx_Wi-Fi/WICED/WWD/internal/wwd_wifi.c:4291:14:wwd_wifi_set_ioctl_value	32	static
../wiced/43xxx_Wi-Fi/WICED/WWD/internal/wwd_wifi.c:4302:14:wwd_wifi_get_ioctl_value	32	static
../wiced/43xxx_Wi-Fi/WICED/WWD/internal/wwd_wifi.c:2598:13:wwd_wifi_fw_cmd_exit_hook	16	static
../wiced/43xxx_Wi-Fi/WICED/WWD/internal/wwd_wifi.c:3122:14:wwd_wifi_get_roam_scan_period	0	static
../wiced/43xxx_Wi-Fi/WICED/WWD/internal/wwd_wifi.c:3214:14:wwd_wifi_get_preferred_association_band	0	static
../wiced/43xxx_Wi-Fi/WICED/WWD/internal/wwd_wifi.c:3586:14:wwd_wifi_get_rate	8	static
../wiced/43xxx_Wi-Fi/WICED/WWD/internal/wwd_wifi.c:4073:14:wwd_wifi_get_ap_info	40	static
../wiced/43xxx_Wi-Fi/WICED/WWD/internal/wwd_wifi.c:1500:14:wwd_wifi_deauth_all_associated_client_stas	160	static
../wiced/43xxx_Wi-Fi/WICED/WWD/internal/wwd_wifi.c:4325:14:wwd_wifi_set_radio_resource_management_capabilities	24	static
../wiced/43xxx_Wi-Fi/WICED/WWD/internal/wwd_wifi.c:4347:14:wwd_wifi_get_radio_resource_management_capabilities	8	static
../wiced/43xxx_Wi-Fi/WICED/WWD/internal/wwd_wifi.c:4379:14:wwd_wifi_radio_resource_management_beacon_req	8	static
../wiced/43xxx_Wi-Fi/WICED/WWD/internal/wwd_wifi.c:4404:14:wwd_wifi_radio_resource_management_channel_load_req	24	static
../wiced/43xxx_Wi-Fi/WICED/WWD/internal/wwd_wifi.c:4429:14:wwd_wifi_radio_resource_management_noise_req	24	static
../wiced/43xxx_Wi-Fi/WICED/WWD/internal/wwd_wifi.c:4455:14:wwd_wifi_radio_resource_management_frame_req	24	static
../wiced/43xxx_Wi-Fi/WICED/WWD/internal/wwd_wifi.c:4481:14:wwd_wifi_radio_resource_management_stat_req	24	static
../wiced/43xxx_Wi-Fi/WICED/WWD/internal/wwd_wifi.c:4498:14:wwd_wifi_get_cap	32	static
../wiced/43xxx_Wi-Fi/WICED/WWD/internal/wwd_wifi.c:4529:14:wwd_wifi_radio_resource_management_neighbor_list	8	static
../wiced/43xxx_Wi-Fi/WICED/WWD/internal/wwd_wifi.c:4554:14:wwd_wifi_radio_resource_management_neighbor_del_neighbor	24	static
../wiced/43xxx_Wi-Fi/WICED/WWD/internal/wwd_wifi.c:4581:14:wwd_wifi_radio_resource_management_neighbor_add_neighbor	24	static
../wiced/43xxx_Wi-Fi/WICED/WWD/internal/wwd_wifi.c:4606:14:wwd_wifi_radio_resource_management_link_management_req	24	static
../wiced/43xxx_Wi-Fi/WICED/WWD/internal/wwd_wifi.c:4631:14:wwd_wifi_radio_resource_management_neighbor_req	24	static
../wiced/43xxx_Wi-Fi/WICED/WWD/internal/wwd_wifi.c:4676:14:wwd_wifi_fast_bss_transition_over_distribution_system	24	static
../wiced/43xxx_Wi-Fi/WICED/WWD/internal/wwd_wifi.c:4712:14:wwd_wifi_fast_bss_transition_capabilities	8	static
../wiced/43xxx_Wi-Fi/WICED/WWD/internal/wwd_wifi.c:4735:6:print_scan_result	0	static
../wiced/43xxx_Wi-Fi/WICED/WWD/internal/wwd_wifi.c:4816:14:wwd_wifi_get_supplicant_eapol_key_timeout	0	static
../wiced/43xxx_Wi-Fi/WICED/WWD/internal/wwd_wifi.c:4823:14:wwd_wifi_set_supplicant_eapol_key_timeout	24	static
../wiced/43xxx_Wi-Fi/WICED/WWD/internal/wwd_wifi.c:969:21:wwd_wifi_active_join_init	72	static
../wiced/43xxx_Wi-Fi/WICED/WWD/internal/wwd_wifi.c:1022:14:wwd_wifi_join	56	static
../wiced/43xxx_Wi-Fi/WICED/WWD/internal/wwd_wifi.c:1101:14:wwd_wifi_join_specific	56	static
../wiced/43xxx_Wi-Fi/WICED/WWD/internal/wwd_wifi.c:4036:14:wwd_wifi_test_credentials	40	static
d:\nxp\mcuxpressoide_11.5.0_7232\ide\plugins\com.nxp.mcuxpresso.tools.win32_11.5.0.202107051138\tools\arm-none-eabi\include\string.h:119:9:strnlen	0	static
../wiced/43xxx_Wi-Fi/WICED/WWD/internal/wwd_wifi.c:4941:22:wwd_channel_to_wl_band	0	static
../wiced/43xxx_Wi-Fi/WICED/WWD/internal/wwd_wifi.c:4946:14:wwd_wifi_get_wifi_version	16	static
../wiced/43xxx_Wi-Fi/WICED/WWD/internal/wwd_wifi.c:4959:14:wwd_wifi_get_wifi_memuse	0	static
../wiced/43xxx_Wi-Fi/WICED/WWD/internal/wwd_wifi.c:4965:14:wwd_wifi_get_clm_version	16	static
../wiced/43xxx_Wi-Fi/WICED/WWD/internal/wwd_wifi.c:4990:14:wwd_wifi_get_revision_info	0	static
../wiced/43xxx_Wi-Fi/WICED/WWD/internal/wwd_wifi.c:5003:14:wwd_wifi_enable_minimum_power_consumption	16	static
../wiced/43xxx_Wi-Fi/WICED/WWD/internal/wwd_wifi.c:5008:14:wwd_wifi_disable_minimum_power_consumption	16	static
../wiced/43xxx_Wi-Fi/WICED/WWD/internal/wwd_wifi.c:5064:14:wwd_wifi_sta_is_only_connected	16	static
../wiced/43xxx_Wi-Fi/WICED/WWD/internal/wwd_wifi.c:5124:14:wwd_wifi_otp_write_bit	16	static
../wiced/43xxx_Wi-Fi/WICED/WWD/internal/wwd_wifi.c:5132:14:wwd_wifi_otp_write_word	16	static
../wiced/43xxx_Wi-Fi/WICED/WWD/internal/wwd_wifi.c:5140:14:wwd_reset_statistics_counters	16	static
../wiced/43xxx_Wi-Fi/WICED/WWD/internal/wwd_wifi.c:5146:14:wwd_phyrate_log	16	static
../wiced/43xxx_Wi-Fi/WICED/WWD/internal/wwd_wifi.c:5151:14:wwd_get_phyrate_statistics_counters	16	static
../wiced/43xxx_Wi-Fi/WICED/WWD/internal/wwd_wifi.c:5181:14:wwd_get_phyrate_log_size	0	static
../wiced/43xxx_Wi-Fi/WICED/WWD/internal/wwd_wifi.c:5186:14:wwd_get_phyrate_log	0	static
../wiced/43xxx_Wi-Fi/WICED/WWD/internal/wwd_wifi.c:5191:14:wwd_get_counters	0	static
../wiced/43xxx_Wi-Fi/WICED/WWD/internal/wwd_wifi.c:5209:14:wwd_wifi_rrm_request	24	static
../wiced/43xxx_Wi-Fi/WICED/WWD/internal/wwd_wifi.c:5332:14:wwd_wifi_pno_add_network	24	static
../wiced/43xxx_Wi-Fi/WICED/WWD/internal/wwd_wifi.c:5342:14:wwd_wifi_pno_start	48	static
../wiced/43xxx_Wi-Fi/WICED/WWD/internal/wwd_wifi.c:331:14:wwd_wifi_scan	64	static
../wiced/43xxx_Wi-Fi/WICED/WWD/internal/wwd_wifi.c:5378:14:wwd_wifi_pno_stop	16	static
../wiced/43xxx_Wi-Fi/WICED/WWD/internal/wwd_wifi.c:5385:14:wwd_wifi_pno_clear	16	static
../wiced/43xxx_Wi-Fi/WICED/WWD/internal/wwd_wifi.c:5412:14:wwd_nan_config_enable	0	static
../wiced/43xxx_Wi-Fi/WICED/WWD/internal/wwd_wifi.c:5448:14:wwd_nan_config_disable	0	static
../wiced/43xxx_Wi-Fi/WICED/WWD/internal/wwd_wifi.c:5456:14:wwd_xtlv_batch_cmd_buffer	32	static
../wiced/43xxx_Wi-Fi/WICED/WWD/internal/wwd_wifi.c:5478:14:wwd_pack_xtlv	16	static
../wiced/43xxx_Wi-Fi/WICED/WWD/internal/wwd_wifi.c:5684:14:wwd_xtlv_get_set_data	40	static
../wiced/43xxx_Wi-Fi/WICED/WWD/internal/wwd_wifi.c:5491:14:wwd_nan_config_device_state	0	static
../wiced/43xxx_Wi-Fi/WICED/WWD/internal/wwd_wifi.c:5497:14:wwd_nan_config_hop_count	0	static
../wiced/43xxx_Wi-Fi/WICED/WWD/internal/wwd_wifi.c:5503:14:wwd_nan_config_hop_limit	0	static
../wiced/43xxx_Wi-Fi/WICED/WWD/internal/wwd_wifi.c:5510:14:wwd_nan_config_warmup_time	0	static
../wiced/43xxx_Wi-Fi/WICED/WWD/internal/wwd_wifi.c:5517:14:wwd_nan_config_rssi_threshold	0	static
../wiced/43xxx_Wi-Fi/WICED/WWD/internal/wwd_wifi.c:5523:14:wwd_nan_config_get_status	0	static
../wiced/43xxx_Wi-Fi/WICED/WWD/internal/wwd_wifi.c:5528:14:wwd_nan_config_oui	0	static
../wiced/43xxx_Wi-Fi/WICED/WWD/internal/wwd_wifi.c:5534:14:wwd_nan_config_get_count	0	static
../wiced/43xxx_Wi-Fi/WICED/WWD/internal/wwd_wifi.c:5539:14:wwd_nan_config_clear_counters	0	static
../wiced/43xxx_Wi-Fi/WICED/WWD/internal/wwd_wifi.c:5544:14:wwd_nan_config_set_chanspec	0	static
../wiced/43xxx_Wi-Fi/WICED/WWD/internal/wwd_wifi.c:5549:14:wwd_nan_config_band	16	static
../wiced/43xxx_Wi-Fi/WICED/WWD/internal/wwd_wifi.c:5554:14:wwd_nan_config_cluster_id	0	static
../wiced/43xxx_Wi-Fi/WICED/WWD/internal/wwd_wifi.c:5560:14:wwd_nan_config_interface_address	0	static
../wiced/43xxx_Wi-Fi/WICED/WWD/internal/wwd_wifi.c:5566:14:wwd_nan_config_discovery_beacon_interval	0	static
../wiced/43xxx_Wi-Fi/WICED/WWD/internal/wwd_wifi.c:5574:14:wwd_nan_config_service_discovery_frame_tx_time	0	static
../wiced/43xxx_Wi-Fi/WICED/WWD/internal/wwd_wifi.c:5581:14:wwd_nan_config_stop_beacon_transmit	0	static
../wiced/43xxx_Wi-Fi/WICED/WWD/internal/wwd_wifi.c:5588:14:wwd_nan_config_service_id_beacon	0	static
../wiced/43xxx_Wi-Fi/WICED/WWD/internal/wwd_wifi.c:5595:14:wwd_nan_config_discover_window_length	0	static
../wiced/43xxx_Wi-Fi/WICED/WWD/internal/wwd_wifi.c:5602:14:wwd_nan_election_host_enable	0	static
../wiced/43xxx_Wi-Fi/WICED/WWD/internal/wwd_wifi.c:5609:14:wwd_nan_election_metric_config	0	static
../wiced/43xxx_Wi-Fi/WICED/WWD/internal/wwd_wifi.c:5614:14:wwd_nan_election_metric_state_get	0	static
../wiced/43xxx_Wi-Fi/WICED/WWD/internal/wwd_wifi.c:5619:14:wwd_nan_election_join	0	static
../wiced/43xxx_Wi-Fi/WICED/WWD/internal/wwd_wifi.c:5624:14:wwd_nan_election_merge	0	static
../wiced/43xxx_Wi-Fi/WICED/WWD/internal/wwd_wifi.c:5629:14:wwd_nan_election_stop	0	static
../wiced/43xxx_Wi-Fi/WICED/WWD/internal/wwd_wifi.c:5634:14:wwd_nan_sync_timeslot_reserve	0	static
../wiced/43xxx_Wi-Fi/WICED/WWD/internal/wwd_wifi.c:5639:14:wwd_nan_sync_timeslot_release	0	static
../wiced/43xxx_Wi-Fi/WICED/WWD/internal/wwd_wifi.c:5644:14:wwd_nan_sd_publish	0	static
../wiced/43xxx_Wi-Fi/WICED/WWD/internal/wwd_wifi.c:5651:14:wwd_nan_sd_publish_list	0	static
../wiced/43xxx_Wi-Fi/WICED/WWD/internal/wwd_wifi.c:5656:14:wwd_nan_sd_cancel_publish	16	static
../wiced/43xxx_Wi-Fi/WICED/WWD/internal/wwd_wifi.c:5661:14:wwd_nan_sd_subscribe	0	static
../wiced/43xxx_Wi-Fi/WICED/WWD/internal/wwd_wifi.c:5669:14:wwd_nan_sd_subscribe_list	0	static
../wiced/43xxx_Wi-Fi/WICED/WWD/internal/wwd_wifi.c:5674:14:wwd_nan_sd_cancel_subscribe	16	static
../wiced/43xxx_Wi-Fi/WICED/WWD/internal/wwd_wifi.c:5679:14:wwd_nan_sd_transmit	0	static
../wiced/43xxx_Wi-Fi/WICED/WWD/internal/wwd_wifi.c:5730:14:wwd_unpack_xtlv	16	static
../wiced/43xxx_Wi-Fi/WICED/WWD/internal/wwd_wifi.c:5760:14:print_hex_bytes	0	static
../wiced/43xxx_Wi-Fi/WICED/WWD/internal/wwd_wifi.c:5782:14:wwd_wifi_set_flags	8	static
../wiced/43xxx_Wi-Fi/WICED/WWD/internal/wwd_wifi.c:5791:14:wwd_wifi_get_flags	0	static
../wiced/43xxx_Wi-Fi/WICED/WWD/internal/wwd_wifi.c:5799:14:wwd_wifi_is_mesh_enabled	0	static
../wiced/43xxx_Wi-Fi/WICED/WWD/internal/wwd_wifi.c:5809:14:wwd_wifi_is_mesh_mcast_rebroadcast_enabled	0	static
../wiced/43xxx_Wi-Fi/WICED/WWD/internal/wwd_wifi.c:5819:14:wwd_set_mesh_channel	24	static
../wiced/43xxx_Wi-Fi/WICED/WWD/internal/wwd_wifi.c:5849:14:wwd_set_mesh_auto_peer	24	static
../wiced/43xxx_Wi-Fi/WICED/WWD/internal/wwd_wifi.c:5871:14:wwd_set_mesh_mcast_rebroadcast	24	static
../wiced/43xxx_Wi-Fi/WICED/WWD/internal/wwd_wifi.c:5893:14:wwd_join_mesh	40	static
../wiced/43xxx_Wi-Fi/WICED/WWD/internal/wwd_wifi.c:5959:14:wwd_mesh_filter	24	static
../wiced/43xxx_Wi-Fi/WICED/WWD/internal/wwd_wifi.c:5980:14:wwd_mesh_status	24	static
../wiced/43xxx_Wi-Fi/WICED/WWD/internal/wwd_wifi.c:6010:14:wwd_wifi_get_ccode	16	static
../wiced/43xxx_Wi-Fi/WICED/WWD/internal/wwd_wifi.c:6022:14:wwd_wifi_set_bandwidth	0	static
../wiced/43xxx_Wi-Fi/WICED/WWD/internal/wwd_wifi.c:6028:10:wwd_wifi_get_bandwidth	0	static
../wiced/43xxx_Wi-Fi/WICED/WWD/internal/wwd_wifi.c:6033:14:wwd_wifi_set_ccode	24	static
../wiced/43xxx_Wi-Fi/WICED/WWD/internal/wwd_wifi.c:6078:14:wwd_wifi_interface_up	24	static
