../wiced/43xxx_Wi-Fi/WICED/WWD/internal/wwd_thread.c:112:14:wwd_thread_init	24	static
../wiced/43xxx_Wi-Fi/WICED/WWD/internal/wwd_thread.c:164:8:wwd_thread_send_one_packet	24	static
../wiced/43xxx_Wi-Fi/WICED/WWD/internal/wwd_thread.c:316:13:wwd_thread_func	32	static
../wiced/43xxx_Wi-Fi/WICED/WWD/internal/wwd_thread.c:209:8:wwd_thread_receive_one_packet	16	static
../wiced/43xxx_Wi-Fi/WICED/WWD/internal/wwd_thread.c:243:8:wwd_thread_poll_all	16	static
../wiced/43xxx_Wi-Fi/WICED/WWD/internal/wwd_thread.c:256:6:wwd_thread_quit	8	static
../wiced/43xxx_Wi-Fi/WICED/WWD/internal/wwd_thread.c:281:6:wwd_thread_notify_irq	0	static
../wiced/43xxx_Wi-Fi/WICED/WWD/internal/wwd_thread.c:292:6:wwd_thread_notify	0	static
