../source/ais_alerts.c:51:16:ais_alert_get_flash_slot_state	32	static
../source/ais_alerts.c:111:9:ais_alert_store_alerts_to_nvm	56	static
../source/ais_alerts.c:233:9:ais_alert_delete	24	static
../source/ais_alerts.c:307:6:ais_alert_task	56	static
../source/ais_alerts.c:358:9:AIS_Alerts_Init	64	static
../source/ais_alerts.c:448:14:AIS_Alerts_GetThisHandle	0	static
../source/ais_alerts.c:453:9:AIS_Alerts_SetUxHandle	0	static
../source/ais_alerts.c:466:10:AIS_Alerts_GetUxNotifyBit	0	static
../source/ais_alerts.c:471:9:AIS_Alerts_SetUxTimerBit	0	static
../source/ais_alerts.c:477:9:AIS_Alerts_SetUxAlarmBit	0	static
../source/ais_alerts.c:483:9:AIS_Alerts_SetUxReminderBit	0	static
../source/ais_alerts.c:489:9:AIS_Alerts_UpdateState	40	static
../source/ais_alerts.c:528:9:AIS_Alerts_SaveAlert	40	static
../source/ais_alerts.c:585:9:AIS_Alerts_MarkForDelete	40	static
../source/ais_alerts.c:665:9:AIS_Alerts_MarkForDeleteOffline	32	static
../source/ais_alerts.c:730:9:AIS_Alerts_Trigger	16	static
../source/ais_alerts.c:796:9:AIS_Alerts_MarkAsTriggered	16	static
../source/ais_alerts.c:818:9:AIS_Alerts_MarkAsTriggeredOffline	24	static
../source/ais_alerts.c:883:10:AIS_Alerts_GetScheduledTime	0	static
../source/ais_alerts.c:895:6:AIS_Alerts_GetPendingAlertIndices	4	static
../source/ais_alerts.c:909:6:AIS_Alerts_GetIdleState	0	static
../source/ais_alerts.c:924:9:AIS_Alerts_GetDeletedList	48	static
../source/ais_alerts.c:976:9:AIS_Alerts_GetAlertsList	40	static
../source/ais_alerts.c:1003:9:AIS_Alerts_GetDuplicate	24	static
