../source/aisv2_app.c:184:13:_SpeakerBufferStateTransition	24	static
../source/aisv2_app.c:1344:13:vThinkStateTimerCallback	8	static
../source/aisv2_app.c:68:6:AIS_AppInit	16	static
../source/aisv2_app.c:106:6:AIS_APP_set_queue_handle	0	static
../source/aisv2_app.c:114:10:AIS_AppCallback_Microphone	24	static
../source/aisv2_app.c:586:6:AIS_AppCallback_SpeakerState	24	static
../source/aisv2_app.c:609:10:AIS_AppCallback_SpeakerAvailableBuffer	8	static
../source/aisv2_app.c:619:6:AIS_AppCallback_SpeakerOverflow	24	static
../source/aisv2_app.c:655:6:AIS_AppCallback_Speaker	48	static
../source/aisv2_app.c:696:6:AIS_AppCallback_SpeakerMarker	48	static
../source/aisv2_app.c:749:6:AIS_AppCallback_OpenSpeaker	56	static
../source/aisv2_app.c:793:6:AIS_AppCallback_CloseSpeaker	48	static
../source/aisv2_app.c:825:6:AIS_AppCallback_TerminateSpeaker	16	static
../source/aisv2_app.c:854:6:AIS_AppCallback_SetLocale	32	static
../source/aisv2_app.c:881:6:AIS_AppCallback_SetAttentionState	48	static
../source/aisv2_app.c:960:6:AIS_AppCallback_SetVolume	80	static
../source/aisv2_app.c:1029:6:AIS_AppCallback_SetAlertVolume	56	static
../source/aisv2_app.c:1080:6:AIS_AppCallback_SetClock	24	static
../source/aisv2_app.c:1097:6:AIS_AppCallback_SetAlert	176	static
../source/aisv2_app.c:1178:6:AIS_AppCallback_DeleteAlert	32	static
../source/aisv2_app.c:1220:6:AIS_AppCallback_OpenMicrophone	8	static
../source/aisv2_app.c:1233:6:AIS_AppCallback_CloseMicrophone	0	static
../source/aisv2_app.c:1244:6:AIS_AppCallback_Exception	16	static
../source/aisv2_app.c:1251:6:AIS_AppError	0	static
../source/aisv2_app.c:1258:6:AIS_AppRegistrationInfo	8	static
../source/aisv2_app.c:1274:6:AIS_Deregister	8	static
../source/aisv2_app.c:1293:6:AIS_AppDisconnected	16	static
../source/aisv2_app.c:1333:17:AIS_APP_GetAppData	0	static
