../source/main_demo.c:476:21:wifi_connect_state_cb	16	static
../source/main_demo.c:462:21:ffs_registration_stopped_cb	8	static
../source/main_demo.c:447:21:ffs_provisioning_complete_cb	8	static
../source/main_demo.c:469:21:ffs_provisioner_connected_cb	8	static
../source/main_demo.c:860:6:vStreamerErrorCallback	24	static
../source/main_demo.c:878:6:vShadowSendUpdate	24	static
../source/main_demo.c:896:6:ais_app_clock_cb	40	static
../source/main_demo.c:1305:6:appTask	824	static
../source/main_demo.c:1648:6:offline_audio_task	48	static
../source/main_demo.c:428:13:ffs_registration_check_cb	8	static
../source/main_demo.c:945:6:ais_app_sync_clock_check_cb	8	static
../source/main_demo.c:958:12:prvMQTTCallback	8	static
../source/main_demo.c:607:13:doFFS	144	static
../source/main_demo.c:441:21:ffs_registration_complete_cb	8	static
../source/main_demo.c:453:21:ffs_provisioning_terminated_cb	8	static
../source/main_demo.c:977:6:appInit	840	static
../source/main_demo.c:182:6:PIT_IRQHandler	8	static
../source/main_demo.c:811:6:ace_app_main	200	static
../source/main_demo.c:1758:6:vApplicationDaemonTaskStartupHook	8	static
