../source/sln_iot_pkcs11_mbedtls.c:722:1:C_GetFunctionList	0	static
../source/sln_iot_pkcs11_mbedtls.c:805:1:C_GetTokenInfo	0	static
../source/sln_iot_pkcs11_mbedtls.c:823:1:C_InitToken	0	static
../source/sln_iot_pkcs11_mbedtls.c:1043:1:C_Login	0	static
../source/sln_iot_pkcs11_mbedtls.c:2520:1:C_FindObjectsFinal	8	static
../source/sln_iot_pkcs11_mbedtls.c:854:1:C_OpenSession	24	static
../source/sln_iot_pkcs11_mbedtls.c:2289:1:C_FindObjectsInit	24	static
../source/sln_iot_pkcs11_mbedtls.c:2567:1:C_DigestInit	24	static
../source/sln_iot_pkcs11_mbedtls.c:2623:1:C_DigestUpdate	8	static
../source/sln_iot_pkcs11_mbedtls.c:2681:1:C_DigestFinal	8	static
../source/sln_iot_pkcs11_mbedtls.c:2920:1:C_Sign	144	static
../source/sln_iot_pkcs11_mbedtls.c:3213:1:C_Verify	56	static
../source/sln_iot_pkcs11_mbedtls.c:754:1:C_GetSlotList	0	static
../source/sln_iot_pkcs11_mbedtls.c:674:1:C_Finalize	16	static
../source/sln_iot_pkcs11_mbedtls.c:3708:1:C_GenerateRandom	16	static
../source/sln_iot_pkcs11_mbedtls.c:987:1:C_CloseSession	8	static
../source/sln_iot_pkcs11_mbedtls.c:2754:1:C_SignInit	72	static
../source/sln_iot_pkcs11_mbedtls.c:3059:1:C_VerifyInit	64	static
../source/sln_iot_pkcs11_mbedtls.c:2033:1:C_GetAttributeValue	104	static
../source/sln_iot_pkcs11_mbedtls.c:165:17:prvSessionPointerFromHandle	0	static
../source/sln_iot_pkcs11_mbedtls.c:253:7:prvMbedTLS_Initialize	16	static
../source/sln_iot_pkcs11_mbedtls.c:287:7:prvGetObjectClass	8	static
../source/sln_iot_pkcs11_mbedtls.c:321:6:prvFindObjectInListByLabel	32	static
../source/sln_iot_pkcs11_mbedtls.c:351:6:prvFindObjectInListByHandle	24	static
../source/sln_iot_pkcs11_mbedtls.c:381:7:prvDeleteObjectFromList	16	static
../source/sln_iot_pkcs11_mbedtls.c:427:7:prvAddObjectToList	32	static
../source/sln_iot_pkcs11_mbedtls.c:2399:1:C_FindObjects	64	static
../source/sln_iot_pkcs11_mbedtls.c:486:7:PKCS11_PAL_DestroyObject	56	static
../source/sln_iot_pkcs11_mbedtls.c:1982:1:C_DestroyObject	0	static
../source/sln_iot_pkcs11_mbedtls.c:581:12:xIsObjectWithNoNvmStorage	16	static
../source/sln_iot_pkcs11_mbedtls.c:1060:7:prvCreateCertificate	56	static
../source/sln_iot_pkcs11_mbedtls.c:1157:6:prvGetKeyType	4	static
../source/sln_iot_pkcs11_mbedtls.c:1177:6:prvGetLabel	4	static
../source/sln_iot_pkcs11_mbedtls.c:1200:7:prvGetExistingKeyComponent	56	static
../source/sln_iot_pkcs11_mbedtls.c:1268:7:prvCreateEcPrivateKey	56	static
../source/sln_iot_pkcs11_mbedtls.c:1362:7:prvCreateRsaPrivateKey	80	static
../source/sln_iot_pkcs11_mbedtls.c:1498:7:prvCreatePrivateKey	72	static
../source/sln_iot_pkcs11_mbedtls.c:1660:7:prvCreateECPublicKey	56	static
../source/sln_iot_pkcs11_mbedtls.c:1757:7:prvCreatePublicKey	64	static
../source/sln_iot_pkcs11_mbedtls.c:1924:1:C_CreateObject	24	static
../source/sln_iot_pkcs11_mbedtls.c:3341:7:prvCheckGenerateKeyPairPrivateTemplate	48	static
../source/sln_iot_pkcs11_mbedtls.c:3427:7:prvCheckGenerateKeyPairPublicTemplate	64	static
../source/sln_iot_pkcs11_mbedtls.c:3570:1:C_GenerateKeyPair	48	static
