../source/sln_shell.c:310:23:sln_print_handler	16	static
../source/sln_shell.c:318:23:sln_erase_handler	16	static
../source/sln_shell.c:390:23:sln_reset_handler	16	static
../source/sln_shell.c:398:23:sln_factory_reset_handler	16	static
../source/sln_shell.c:406:23:sln_mem_view_handler	16	static
../source/sln_shell.c:444:23:sln_disable_heap_trace_handler	16	static
../source/sln_shell.c:452:23:sln_enable_usb_logging_handler	16	static
../source/sln_shell.c:460:23:sln_disable_usb_logging_handler	16	static
../source/sln_shell.c:468:23:sln_logs_handler	16	static
../source/sln_shell.c:476:23:sln_serial_number_handler	16	static
../source/sln_shell.c:484:23:sln_faultlog_statusget_handler	16	static
../source/sln_shell.c:492:23:sln_faultlog_statuserase_handler	16	static
../source/sln_shell.c:500:23:sln_version_handler	16	static
../source/sln_shell.c:508:23:sln_heap_view_handler	16	static
../source/sln_shell.c:516:23:sln_tasks_stack_view_handler	16	static
../source/sln_shell.c:326:23:sln_setup_handler	32	static
../source/sln_shell.c:414:23:sln_enable_heap_trace_handler	24	static
../source/sln_shell.c:255:23:sln_ww_model_handler	32	static
../source/sln_shell.c:534:23:sln_ffs_provision_handler	16	static
../source/sln_shell.c:1031:16:usb_logging_flag_flash_set	32	static
../source/sln_shell.c:569:5:sln_shell_init	56	static
../source/sln_shell.c:646:6:sln_shell_task	192	static
../source/sln_shell.c:993:6:sln_shell_set_app_init_task_handle	0	static
../source/sln_shell.c:1001:6:sln_shell_trace_malloc	16	static
../source/sln_shell.c:1016:6:sln_shell_trace_free	16	static
../source/sln_shell.c:1075:5:log_shell_printf	264	static
../source/sln_shell.c:1100:6:log_history_log_add	24	static
../source/sln_shell.c:1129:10:log_history_get_size	32	static
../source/sln_shell.c:1152:6:log_history_buffer_create	48	static
../source/sln_shell.c:1181:6:fault_context_print_logs	536	static
../source/sln_shell.c:1200:6:vAssertCalled	0	static
../source/sln_shell.c:1208:6:sln_shell_set_app_queue_handle	0	static
