../source/wifi_credentials.c:298:17:wifi_credentials_kvs_get	24	static
../source/wifi_credentials.c:45:10:wifi_credentials_present	232	static
../source/wifi_credentials.c:70:10:wifi_credentials_flash_get	16	static
../source/wifi_credentials.c:107:10:wifi_credentials_flash_set	64	static
../source/wifi_credentials.c:149:10:wifi_credentials_flash_reset	120	static
../source/wifi_credentials.c:176:10:check_valid_credentials	8	static
../source/wifi_credentials.c:222:10:wifi_credentials_sync	216	static
