Archive member included to satisfy reference by file (symbol)

d:/nxp/mcuxpressoide_11.5.0_7232/ide/plugins/com.nxp.mcuxpresso.tools.win32_11.5.0.202107051138/tools/bin/../lib/gcc/arm-none-eabi/10.3.1/../../../../arm-none-eabi/lib/thumb/v7e-m+dp/hard\libcr_nohost_nf.a(_cr__main.o)
                              ./startup/startup_mimxrt106a.o (__main)
d:/nxp/mcuxpressoide_11.5.0_7232/ide/plugins/com.nxp.mcuxpresso.tools.win32_11.5.0.202107051138/tools/bin/../lib/gcc/arm-none-eabi/10.3.1/../../../../arm-none-eabi/lib/thumb/v7e-m+dp/hard\libcr_c.a(memcpy.o)
                              ./utilities/fsl_str.o (memcpy)
d:/nxp/mcuxpressoide_11.5.0_7232/ide/plugins/com.nxp.mcuxpresso.tools.win32_11.5.0.202107051138/tools/bin/../lib/gcc/arm-none-eabi/10.3.1/../../../../arm-none-eabi/lib/thumb/v7e-m+dp/hard\libcr_c.a(memset.o)
                              ./utilities/fsl_debug_console.o (memset)
d:/nxp/mcuxpressoide_11.5.0_7232/ide/plugins/com.nxp.mcuxpresso.tools.win32_11.5.0.202107051138/tools/bin/../lib/gcc/arm-none-eabi/10.3.1/../../../../arm-none-eabi/lib/thumb/v7e-m+dp/hard\libcr_c.a(alloc.o)
                              ./drivers/fsl_common.o (malloc)
d:/nxp/mcuxpressoide_11.5.0_7232/ide/plugins/com.nxp.mcuxpresso.tools.win32_11.5.0.202107051138/tools/bin/../lib/gcc/arm-none-eabi/10.3.1/../../../../arm-none-eabi/lib/thumb/v7e-m+dp/hard\libcr_c.a(initio.o)
                              d:/nxp/mcuxpressoide_11.5.0_7232/ide/plugins/com.nxp.mcuxpresso.tools.win32_11.5.0.202107051138/tools/bin/../lib/gcc/arm-none-eabi/10.3.1/../../../../arm-none-eabi/lib/thumb/v7e-m+dp/hard\libcr_nohost_nf.a(_cr__main.o) (_initio)
d:/nxp/mcuxpressoide_11.5.0_7232/ide/plugins/com.nxp.mcuxpresso.tools.win32_11.5.0.202107051138/tools/bin/../lib/gcc/arm-none-eabi/10.3.1/../../../../arm-none-eabi/lib/thumb/v7e-m+dp/hard\libcr_c.a(scanf.o)
                              ./utilities/fsl_str.o (strtoul)
d:/nxp/mcuxpressoide_11.5.0_7232/ide/plugins/com.nxp.mcuxpresso.tools.win32_11.5.0.202107051138/tools/bin/../lib/gcc/arm-none-eabi/10.3.1/../../../../arm-none-eabi/lib/thumb/v7e-m+dp/hard\libcr_c.a(setvbuf.o)
                              d:/nxp/mcuxpressoide_11.5.0_7232/ide/plugins/com.nxp.mcuxpresso.tools.win32_11.5.0.202107051138/tools/bin/../lib/gcc/arm-none-eabi/10.3.1/../../../../arm-none-eabi/lib/thumb/v7e-m+dp/hard\libcr_c.a(initio.o) (setvbuf)
d:/nxp/mcuxpressoide_11.5.0_7232/ide/plugins/com.nxp.mcuxpresso.tools.win32_11.5.0.202107051138/tools/bin/../lib/gcc/arm-none-eabi/10.3.1/../../../../arm-none-eabi/lib/thumb/v7e-m+dp/hard\libcr_c.a(strlen.o)
                              ./utilities/fsl_str.o (strlen)
d:/nxp/mcuxpressoide_11.5.0_7232/ide/plugins/com.nxp.mcuxpresso.tools.win32_11.5.0.202107051138/tools/bin/../lib/gcc/arm-none-eabi/10.3.1/../../../../arm-none-eabi/lib/thumb/v7e-m+dp/hard\libcr_c.a(ungetc.o)
                              d:/nxp/mcuxpressoide_11.5.0_7232/ide/plugins/com.nxp.mcuxpresso.tools.win32_11.5.0.202107051138/tools/bin/../lib/gcc/arm-none-eabi/10.3.1/../../../../arm-none-eabi/lib/thumb/v7e-m+dp/hard\libcr_c.a(scanf.o) (ungetc)
d:/nxp/mcuxpressoide_11.5.0_7232/ide/plugins/com.nxp.mcuxpresso.tools.win32_11.5.0.202107051138/tools/bin/../lib/gcc/arm-none-eabi/10.3.1/../../../../arm-none-eabi/lib/thumb/v7e-m+dp/hard\libcr_c.a(__fillbuf.o)
                              d:/nxp/mcuxpressoide_11.5.0_7232/ide/plugins/com.nxp.mcuxpresso.tools.win32_11.5.0.202107051138/tools/bin/../lib/gcc/arm-none-eabi/10.3.1/../../../../arm-none-eabi/lib/thumb/v7e-m+dp/hard\libcr_c.a(scanf.o) (__filbuf)
d:/nxp/mcuxpressoide_11.5.0_7232/ide/plugins/com.nxp.mcuxpresso.tools.win32_11.5.0.202107051138/tools/bin/../lib/gcc/arm-none-eabi/10.3.1/../../../../arm-none-eabi/lib/thumb/v7e-m+dp/hard\libcr_c.a(__init_alloc.o)
                              d:/nxp/mcuxpressoide_11.5.0_7232/ide/plugins/com.nxp.mcuxpresso.tools.win32_11.5.0.202107051138/tools/bin/../lib/gcc/arm-none-eabi/10.3.1/../../../../arm-none-eabi/lib/thumb/v7e-m+dp/hard\libcr_c.a(alloc.o) (__heaps)
d:/nxp/mcuxpressoide_11.5.0_7232/ide/plugins/com.nxp.mcuxpresso.tools.win32_11.5.0.202107051138/tools/bin/../lib/gcc/arm-none-eabi/10.3.1/../../../../arm-none-eabi/lib/thumb/v7e-m+dp/hard\libcr_c.a(_cr_sbrk.o)
                              d:/nxp/mcuxpressoide_11.5.0_7232/ide/plugins/com.nxp.mcuxpresso.tools.win32_11.5.0.202107051138/tools/bin/../lib/gcc/arm-none-eabi/10.3.1/../../../../arm-none-eabi/lib/thumb/v7e-m+dp/hard\libcr_c.a(alloc.o) (_sbrk)
d:/nxp/mcuxpressoide_11.5.0_7232/ide/plugins/com.nxp.mcuxpresso.tools.win32_11.5.0.202107051138/tools/bin/../lib/gcc/arm-none-eabi/10.3.1/../../../../arm-none-eabi/lib/thumb/v7e-m+dp/hard\libcr_c.a(_deferredlazyseek.o)
                              d:/nxp/mcuxpressoide_11.5.0_7232/ide/plugins/com.nxp.mcuxpresso.tools.win32_11.5.0.202107051138/tools/bin/../lib/gcc/arm-none-eabi/10.3.1/../../../../arm-none-eabi/lib/thumb/v7e-m+dp/hard\libcr_c.a(__fillbuf.o) (_deferredlazyseek)
[...]
Memory Configuration

Name             Origin             Length             Attributes
BOARD_FLASH      0x60300000         0x00a00000         xr
SRAM_DTC         0x20000000         0x00078000         xrw
SRAM_ITC         0x00000000         0x00008000         xrw
SRAM_OC_NON_CACHEABLE 0x20200000         0x00040000         xrw
SRAM_OC_CACHEABLE 0x20240000         0x00040000         xrw
*default*        0x00000000         0xffffffff

Linker script and memory map

LOAD ./xip/fsl_flexspi_nor_boot.o
LOAD ./xip/sln_alexa_iot_flexspi_nor_config.o
LOAD ./utilities/fsl_assert.o
LOAD ./utilities/fsl_debug_console.o
LOAD ./utilities/fsl_str.o
LOAD ./startup/startup_mimxrt106a.o
LOAD ./source/led_blinky.o
LOAD ./source/semihost_hardfault.o
LOAD ./drivers/fsl_clock.o
LOAD ./drivers/fsl_common.o
LOAD ./drivers/fsl_dcp.o
LOAD ./drivers/fsl_flexram.o
LOAD ./drivers/fsl_flexram_allocate.o
LOAD ./drivers/fsl_flexspi.o
LOAD ./drivers/fsl_gpio.o
LOAD ./drivers/fsl_lpuart.o
LOAD ./drivers/fsl_trng.o
LOAD ./device/system_MIMXRT106A.o
LOAD ./component/uart/lpuart_adapter.o
LOAD ./component/serial_manager/serial_manager.o
LOAD ./component/serial_manager/serial_port_uart.o
LOAD ./component/lists/generic_list.o
LOAD ./board/board.o
LOAD ./board/clock_config.o
LOAD ./board/dcd.o
LOAD ./board/pin_mux.o
START GROUP
LOAD d:/nxp/mcuxpressoide_11.5.0_7232/ide/plugins/com.nxp.mcuxpresso.tools.win32_11.5.0.202107051138/tools/bin/../lib/gcc/arm-none-eabi/10.3.1/../../../../arm-none-eabi/lib/thumb/v7e-m+dp/hard\libcr_nohost_nf.a
LOAD d:/nxp/mcuxpressoide_11.5.0_7232/ide/plugins/com.nxp.mcuxpresso.tools.win32_11.5.0.202107051138/tools/bin/../lib/gcc/arm-none-eabi/10.3.1/../../../../arm-none-eabi/lib/thumb/v7e-m+dp/hard\libcr_c.a
LOAD d:/nxp/mcuxpressoide_11.5.0_7232/ide/plugins/com.nxp.mcuxpresso.tools.win32_11.5.0.202107051138/tools/bin/../lib/gcc/arm-none-eabi/10.3.1/thumb/v7e-m+dp/hard\libcr_eabihelpers.a
LOAD d:/nxp/mcuxpressoide_11.5.0_7232/ide/plugins/com.nxp.mcuxpresso.tools.win32_11.5.0.202107051138/tools/bin/../lib/gcc/arm-none-eabi/10.3.1/thumb/v7e-m+dp/hard\libgcc.a
END GROUP
                0x60300000                __base_BOARD_FLASH = 0x60300000
                0x60300000                __base_Flash = 0x60300000
                0x60d00000                __top_BOARD_FLASH = 0x60d00000
                0x60d00000                __top_Flash = 0x60d00000
                0x20000000                __base_SRAM_DTC = 0x20000000
                0x20000000                __base_RAM = 0x20000000
                0x20078000                __top_SRAM_DTC = 0x20078000
                0x20078000                __top_RAM = 0x20078000
                0x00000000                __base_SRAM_ITC = 0x0
                0x00000000                __base_RAM2 = 0x0
                0x00008000                __top_SRAM_ITC = 0x8000
                0x00008000                __top_RAM2 = 0x8000
                0x20200000                __base_SRAM_OC_NON_CACHEABLE = 0x20200000
                0x20200000                __base_RAM3 = 0x20200000
                0x20240000                __top_SRAM_OC_NON_CACHEABLE = 0x20240000
                0x20240000                __top_RAM3 = 0x20240000
                0x20240000                __base_SRAM_OC_CACHEABLE = 0x20240000
                0x20240000                __base_RAM4 = 0x20240000
                0x20280000                __top_SRAM_OC_CACHEABLE = 0x20280000
                0x20280000                __top_RAM4 = 0x20280000

.text           0x60300000     0x5990
 FILL mask 0xff
                0x60300000                __vectors_start__ = ABSOLUTE (.)
 *(SORT_BY_ALIGNMENT(.isr_vector))
 .isr_vector    0x60300000      0x400 ./startup/startup_mimxrt106a.o
                0x60300000                g_pfnVectors
                0x60300000                __Vectors
                0x60300400                . = ALIGN (0x4)
                0x60300400                __section_table_start = .
                0x60300400                __data_section_table = .
                0x60300400        0x4 LONG 0x60305990 LOADADDR (.data)
                0x60300404        0x4 LONG 0x20000000 ADDR (.data)
                0x60300408        0x4 LONG 0x4 SIZEOF (.data)
                0x6030040c        0x4 LONG 0x60305990 LOADADDR (.data_RAM2)
                0x60300410        0x4 LONG 0x0 ADDR (.data_RAM2)
                0x60300414        0x4 LONG 0x0 SIZEOF (.data_RAM2)
                0x60300418        0x4 LONG 0x60305990 LOADADDR (.data_RAM3)
                0x6030041c        0x4 LONG 0x20200000 ADDR (.data_RAM3)
                0x60300420        0x4 LONG 0x0 SIZEOF (.data_RAM3)
                0x60300424        0x4 LONG 0x60305990 LOADADDR (.data_RAM4)
                0x60300428        0x4 LONG 0x20240000 ADDR (.data_RAM4)
                0x6030042c        0x4 LONG 0x0 SIZEOF (.data_RAM4)
                0x60300430                __data_section_table_end = .
                0x60300430                __bss_section_table = .
                0x60300430        0x4 LONG 0x20000004 ADDR (.bss)
                0x60300434        0x4 LONG 0x120 SIZEOF (.bss)
                0x60300438        0x4 LONG 0x0 ADDR (.bss_RAM2)
                0x6030043c        0x4 LONG 0x0 SIZEOF (.bss_RAM2)
                0x60300440        0x4 LONG 0x20200000 ADDR (.bss_RAM3)
                0x60300444        0x4 LONG 0x0 SIZEOF (.bss_RAM3)
                0x60300448        0x4 LONG 0x20240000 ADDR (.bss_RAM4)
                0x6030044c        0x4 LONG 0x0 SIZEOF (.bss_RAM4)
                0x60300450                __bss_section_table_end = .
                0x60300450                __section_table_end = .
 *(SORT_BY_ALIGNMENT(.after_vectors*))
 .after_vectors.reset
                0x60300450       0xcc ./startup/startup_mimxrt106a.o
                0x60300450                ResetISR
 .after_vectors.init_data
                0x6030051c       0x1e ./startup/startup_mimxrt106a.o
                0x6030051c                data_init
 .after_vectors.init_bss
                0x6030053a       0x12 ./startup/startup_mimxrt106a.o
                0x6030053a                bss_init
 .after_vectors
                0x6030054c       0x14 ./startup/startup_mimxrt106a.o
                0x6030054c                NMI_Handler
                0x60300550                MemManage_Handler
                0x60300552                BusFault_Handler
                0x60300554                UsageFault_Handler
                0x60300556                SVC_Handler
                0x60300558                DebugMon_Handler
                0x6030055a                PendSV_Handler
                0x6030055e                SAI3_RX_DriverIRQHandler
                0x6030055e                CCM_2_DriverIRQHandler
                0x6030055e                PIT_DriverIRQHandler
                0x6030055e                PMU_EVENT_DriverIRQHandler
                0x6030055e                PWM4_FAULT_DriverIRQHandler
                0x6030055e                LCDIF_DriverIRQHandler
                0x6030055e                FLEXRAM_DriverIRQHandler
                0x6030055e                LPSPI4_DriverIRQHandler
                0x6030055e                SEMC_DriverIRQHandler
                0x6030055e                SPDIF_DriverIRQHandler
                0x6030055e                PWM4_3_DriverIRQHandler
                0x6030055e                ENET2_DriverIRQHandler
                0x6030055e                DMA13_DMA29_DriverIRQHandler
                0x6030055e                LPSPI2_DriverIRQHandler
                0x6030055e                USB_PHY1_DriverIRQHandler
                0x6030055e                GPIO3_Combined_0_15_DriverIRQHandler
                0x6030055e                CAN3_DriverIRQHandler
                0x6030055e                Reserved171_DriverIRQHandler
                0x6030055e                DMA7_DMA23_DriverIRQHandler
                0x6030055e                BEE_DriverIRQHandler
                0x6030055e                LPI2C3_DriverIRQHandler
                0x6030055e                GPR_IRQ_DriverIRQHandler
                0x6030055e                PWM2_FAULT_DriverIRQHandler
                0x6030055e                PWM3_1_DriverIRQHandler
                0x6030055e                DMA14_DMA30_DriverIRQHandler
                0x6030055e                TMR1_DriverIRQHandler
                0x6030055e                TRNG_DriverIRQHandler
                0x6030055e                PWM3_2_DriverIRQHandler
                0x6030055e                ENET_1588_Timer_DriverIRQHandler
                0x6030055e                FLEXIO2_DriverIRQHandler
                0x6030055e                GPIO2_Combined_16_31_DriverIRQHandler
                0x6030055e                Reserved143_DriverIRQHandler
                0x6030055e                FLEXSPI2_DriverIRQHandler
                0x6030055e                PWM4_1_DriverIRQHandler
                0x6030055e                PWM3_3_DriverIRQHandler
                0x6030055e                DMA0_DMA16_DriverIRQHandler
                0x6030055e                IntDefaultHandler
                0x6030055e                DMA2_DMA18_DriverIRQHandler
                0x6030055e                SRC_DriverIRQHandler
                0x6030055e                GPIO1_INT4_DriverIRQHandler
                0x6030055e                Reserved144_DriverIRQHandler
                0x6030055e                USDHC1_DriverIRQHandler
                0x6030055e                ENC3_DriverIRQHandler
                0x6030055e                PWM3_FAULT_DriverIRQHandler
                0x6030055e                KPP_DriverIRQHandler
                0x6030055e                TSC_DIG_DriverIRQHandler
                0x6030055e                WDOG1_DriverIRQHandler
                0x6030055e                FLEXIO1_DriverIRQHandler
                0x6030055e                ENET_DriverIRQHandler
                0x6030055e                Reserved78_DriverIRQHandler
                0x6030055e                TMR4_DriverIRQHandler
                0x6030055e                ENC2_DriverIRQHandler
                0x6030055e                ADC_ETC_IRQ2_DriverIRQHandler
                0x6030055e                GPIO1_Combined_16_31_DriverIRQHandler
                0x6030055e                GPIO1_INT7_DriverIRQHandler
                0x6030055e                SAI1_DriverIRQHandler
                0x6030055e                DCDC_DriverIRQHandler
                0x6030055e                DMA12_DMA28_DriverIRQHandler
                0x6030055e                PWM4_0_DriverIRQHandler
                0x6030055e                ADC_ETC_ERROR_IRQ_DriverIRQHandler
                0x6030055e                ACMP2_DriverIRQHandler
                0x6030055e                GPIO5_Combined_0_15_DriverIRQHandler
                0x6030055e                GPIO1_INT0_DriverIRQHandler
                0x6030055e                GPIO1_INT2_DriverIRQHandler
                0x6030055e                RTWDOG_DriverIRQHandler
                0x6030055e                GPT2_DriverIRQHandler
                0x6030055e                USB_PHY2_DriverIRQHandler
                0x6030055e                DMA10_DMA26_DriverIRQHandler
                0x6030055e                PWM2_1_DriverIRQHandler
                0x6030055e                PWM1_1_DriverIRQHandler
                0x6030055e                PXP_DriverIRQHandler
                0x6030055e                ADC1_DriverIRQHandler
                0x6030055e                PWM1_0_DriverIRQHandler
                0x6030055e                SJC_DriverIRQHandler
                0x6030055e                DMA1_DMA17_DriverIRQHandler
                0x6030055e                ENC1_DriverIRQHandler
                0x6030055e                ENC4_DriverIRQHandler
                0x6030055e                CAN2_DriverIRQHandler
                0x6030055e                DCP_DriverIRQHandler
                0x6030055e                CTI0_ERROR_DriverIRQHandler
                0x6030055e                DMA8_DMA24_DriverIRQHandler
                0x6030055e                GPT1_DriverIRQHandler
                0x6030055e                ACMP3_DriverIRQHandler
                0x6030055e                DMA6_DMA22_DriverIRQHandler
                0x6030055e                CSU_DriverIRQHandler
                0x6030055e                GPIO1_INT5_DriverIRQHandler
                0x6030055e                TMR3_DriverIRQHandler
                0x6030055e                TMR2_DriverIRQHandler
                0x6030055e                CTI1_ERROR_DriverIRQHandler
                0x6030055e                GPIO1_Combined_0_15_DriverIRQHandler
                0x6030055e                USDHC2_DriverIRQHandler
                0x6030055e                PWM4_2_DriverIRQHandler
                0x6030055e                Reserved87_DriverIRQHandler
                0x6030055e                SAI2_DriverIRQHandler
                0x6030055e                CORE_DriverIRQHandler
                0x6030055e                EWM_DriverIRQHandler
                0x6030055e                DMA11_DMA27_DriverIRQHandler
                0x6030055e                CSI_DriverIRQHandler
                0x6030055e                PWM2_3_DriverIRQHandler
                0x6030055e                XBAR1_IRQ_2_3_DriverIRQHandler
                0x6030055e                SNVS_HP_WRAPPER_TZ_DriverIRQHandler
                0x6030055e                GPIO3_Combined_16_31_DriverIRQHandler
                0x6030055e                PWM1_FAULT_DriverIRQHandler
                0x6030055e                LPI2C1_DriverIRQHandler
                0x6030055e                ENET2_1588_Timer_DriverIRQHandler
                0x6030055e                PWM2_2_DriverIRQHandler
                0x6030055e                DMA4_DMA20_DriverIRQHandler
                0x6030055e                DMA9_DMA25_DriverIRQHandler
                0x6030055e                SNVS_HP_WRAPPER_DriverIRQHandler
                0x6030055e                XBAR1_IRQ_0_1_DriverIRQHandler
                0x6030055e                ADC_ETC_IRQ1_DriverIRQHandler
                0x6030055e                LPSPI1_DriverIRQHandler
                0x6030055e                DMA3_DMA19_DriverIRQHandler
                0x6030055e                GPIO1_INT3_DriverIRQHandler
                0x6030055e                DCP_VMI_DriverIRQHandler
                0x6030055e                LPI2C4_DriverIRQHandler
                0x6030055e                GPC_DriverIRQHandler
                0x6030055e                GPIO2_Combined_0_15_DriverIRQHandler
                0x6030055e                PWM1_2_DriverIRQHandler
                0x6030055e                USB_OTG1_DriverIRQHandler
                0x6030055e                TEMP_LOW_HIGH_DriverIRQHandler
                0x6030055e                SAI3_TX_DriverIRQHandler
                0x6030055e                FLEXIO3_DriverIRQHandler
                0x6030055e                WDOG2_DriverIRQHandler
                0x6030055e                Reserved68_DriverIRQHandler
                0x6030055e                PWM3_0_DriverIRQHandler
                0x6030055e                GPIO4_Combined_0_15_DriverIRQHandler
                0x6030055e                GPIO4_Combined_16_31_DriverIRQHandler
                0x6030055e                GPIO6_7_8_9_DriverIRQHandler
                0x6030055e                GPIO5_Combined_16_31_DriverIRQHandler
                0x6030055e                DMA5_DMA21_DriverIRQHandler
                0x6030055e                CCM_1_DriverIRQHandler
                0x6030055e                ADC2_DriverIRQHandler
                0x6030055e                Reserved115_DriverIRQHandler
                0x6030055e                TEMP_PANIC_DriverIRQHandler
                0x6030055e                ACMP4_DriverIRQHandler
                0x6030055e                DMA15_DMA31_DriverIRQHandler
                0x6030055e                LPSPI3_DriverIRQHandler
                0x6030055e                PWM1_3_DriverIRQHandler
                0x6030055e                ACMP1_DriverIRQHandler
                0x6030055e                LPI2C2_DriverIRQHandler
                0x6030055e                Reserved86_DriverIRQHandler
                0x6030055e                DMA_ERROR_DriverIRQHandler
                0x6030055e                ADC_ETC_IRQ0_DriverIRQHandler
                0x6030055e                CAN1_DriverIRQHandler
                0x6030055e                GPIO1_INT6_DriverIRQHandler
                0x6030055e                GPIO1_INT1_DriverIRQHandler
                0x6030055e                PWM2_0_DriverIRQHandler
                0x6030055e                SNVS_LP_WRAPPER_DriverIRQHandler
                0x6030055e                USB_OTG2_DriverIRQHandler
 *(SORT_BY_ALIGNMENT(.text*))
 .text.__assertion_failed
                0x60300560       0x18 ./utilities/fsl_assert.o
                0x60300560                __assertion_failed
 .text.DbgConsole_SendDataReliable
                0x60300578       0x64 ./utilities/fsl_debug_console.o
                0x60300578                DbgConsole_SendDataReliable
 .text.DbgConsole_Init
                0x603005dc      0x118 ./utilities/fsl_debug_console.o
                0x603005dc                DbgConsole_Init
 .text.DbgConsole_Printf
                0x603006f4       0x78 ./utilities/fsl_debug_console.o
                0x603006f4                DbgConsole_Printf
 .text.map_flexram
                0x6030076c       0x5c ./startup/startup_mimxrt106a.o
 .text.__NVIC_SetPriority
                0x603007c8       0x54 ./source/led_blinky.o
 .text.SysTick_Config
                0x6030081c       0x44 ./source/led_blinky.o
 .text.SysTick_Handler
                0x60300860       0x24 ./source/led_blinky.o
                0x60300860                SysTick_Handler
 .text.SysTick_DelayTicks
                0x60300884       0x2c ./source/led_blinky.o
                0x60300884                SysTick_DelayTicks
 .text.main     0x603008b0       0x74 ./source/led_blinky.o
                0x603008b0                main
 .text.CLOCK_GetOscFreq
                0x60300924       0x30 ./drivers/fsl_clock.o
 .text.CLOCK_InitExternalClk
                0x60300954       0x6c ./drivers/fsl_clock.o
                0x60300954                CLOCK_InitExternalClk
 .text.CLOCK_SwitchOsc
                0x603009c0       0x34 ./drivers/fsl_clock.o
                0x603009c0                CLOCK_SwitchOsc
 .text.CLOCK_InitRcOsc24M
                0x603009f4       0x24 ./drivers/fsl_clock.o
                0x603009f4                CLOCK_InitRcOsc24M
 .text.CLOCK_InitArmPll
                0x60300a18       0x68 ./drivers/fsl_clock.o
                0x60300a18                CLOCK_InitArmPll
 .text.CLOCK_InitSysPll
                0x60300a80       0x9c ./drivers/fsl_clock.o
                0x60300a80                CLOCK_InitSysPll
 .text.CLOCK_DeinitUsb2Pll
                0x60300b1c       0x18 ./drivers/fsl_clock.o
                0x60300b1c                CLOCK_DeinitUsb2Pll
 .text.CLOCK_DeinitAudioPll
                0x60300b34       0x1c ./drivers/fsl_clock.o
                0x60300b34                CLOCK_DeinitAudioPll
 .text.CLOCK_DeinitVideoPll
                0x60300b50       0x1c ./drivers/fsl_clock.o
                0x60300b50                CLOCK_DeinitVideoPll
 .text.CLOCK_InitEnetPll
                0x60300b6c       0xb0 ./drivers/fsl_clock.o
                0x60300b6c                CLOCK_InitEnetPll
 .text.CLOCK_GetPllFreq
                0x60300c1c      0x3ec ./drivers/fsl_clock.o
                0x60300c1c                CLOCK_GetPllFreq
 .text.CLOCK_InitSysPfd
                0x60301008       0x64 ./drivers/fsl_clock.o
                0x60301008                CLOCK_InitSysPfd
 .text.FLEXRAM_SetAllocateRamSrc
                0x6030106c       0x38 ./drivers/fsl_flexram_allocate.o
 .text.FLEXRAM_SetTCMSize
                0x603010a4       0xc8 ./drivers/fsl_flexram_allocate.o
                0x603010a4                FLEXRAM_SetTCMSize
 .text.FLEXRAM_AllocateRam
                0x6030116c       0xdc ./drivers/fsl_flexram_allocate.o
                0x6030116c                FLEXRAM_AllocateRam
 .text.FLEXSPI_DriverIRQHandler
                0x60301248       0x28 ./drivers/fsl_flexspi.o
                0x60301248                FLEXSPI_DriverIRQHandler
 .text.CLOCK_ControlGate
                0x60301270       0x64 ./drivers/fsl_gpio.o
 .text.GPIO_GetInstance
                0x603012d4       0x4c ./drivers/fsl_gpio.o
 .text.GPIO_PinInit
                0x60301320       0xa4 ./drivers/fsl_gpio.o
                0x60301320                GPIO_PinInit
 .text.GPIO_PinWrite
                0x603013c4       0x54 ./drivers/fsl_gpio.o
                0x603013c4                GPIO_PinWrite
 .text.GPIO_PinSetInterruptConfig
                0x60301418       0xfc ./drivers/fsl_gpio.o
                0x60301418                GPIO_PinSetInterruptConfig
 .text.CLOCK_ControlGate
                0x60301514       0x64 ./drivers/fsl_lpuart.o
 .text.LPUART_GetInstance
                0x60301578       0x4c ./drivers/fsl_lpuart.o
                0x60301578                LPUART_GetInstance
 .text.LPUART_Init
                0x603015c4      0x310 ./drivers/fsl_lpuart.o
                0x603015c4                LPUART_Init
 .text.LPUART_GetDefaultConfig
                0x603018d4       0x88 ./drivers/fsl_lpuart.o
                0x603018d4                LPUART_GetDefaultConfig
 .text.LPUART_WriteBlocking
                0x6030195c       0x68 ./drivers/fsl_lpuart.o
                0x6030195c                LPUART_WriteBlocking
 .text.LPUART1_DriverIRQHandler
                0x603019c4       0x28 ./drivers/fsl_lpuart.o
                0x603019c4                LPUART1_DriverIRQHandler
 .text.LPUART2_DriverIRQHandler
                0x603019ec       0x28 ./drivers/fsl_lpuart.o
                0x603019ec                LPUART2_DriverIRQHandler
 .text.LPUART3_DriverIRQHandler
                0x60301a14       0x28 ./drivers/fsl_lpuart.o
                0x60301a14                LPUART3_DriverIRQHandler
 .text.LPUART4_DriverIRQHandler
                0x60301a3c       0x28 ./drivers/fsl_lpuart.o
                0x60301a3c                LPUART4_DriverIRQHandler
 .text.LPUART5_DriverIRQHandler
                0x60301a64       0x28 ./drivers/fsl_lpuart.o
                0x60301a64                LPUART5_DriverIRQHandler
 .text.LPUART6_DriverIRQHandler
                0x60301a8c       0x28 ./drivers/fsl_lpuart.o
                0x60301a8c                LPUART6_DriverIRQHandler
 .text.LPUART7_DriverIRQHandler
                0x60301ab4       0x28 ./drivers/fsl_lpuart.o
                0x60301ab4                LPUART7_DriverIRQHandler
 .text.LPUART8_DriverIRQHandler
                0x60301adc       0x28 ./drivers/fsl_lpuart.o
                0x60301adc                LPUART8_DriverIRQHandler
 .text.SystemInit
                0x60301b04      0x1d8 ./device/system_MIMXRT106A.o
                0x60301b04                SystemInit
 .text.SystemCoreClockUpdate
                0x60301cdc      0x214 ./device/system_MIMXRT106A.o
                0x60301cdc                SystemCoreClockUpdate
 .text.HAL_UartInit
                0x60301ef0      0x100 ./component/uart/lpuart_adapter.o
                0x60301ef0                HAL_UartInit
 .text.HAL_UartSendBlocking
                0x60301ff0       0x64 ./component/uart/lpuart_adapter.o
                0x60301ff0                HAL_UartSendBlocking
 .text.SerialManager_Write
                0x60302054       0x6c ./component/serial_manager/serial_manager.o
 .text.SerialManager_Init
                0x603020c0       0x74 ./component/serial_manager/serial_manager.o
                0x603020c0                SerialManager_Init
 .text.SerialManager_OpenWriteHandle
                0x60302134       0x64 ./component/serial_manager/serial_manager.o
                0x60302134                SerialManager_OpenWriteHandle
 .text.SerialManager_OpenReadHandle
                0x60302198       0x74 ./component/serial_manager/serial_manager.o
                0x60302198                SerialManager_OpenReadHandle
 .text.Serial_UartInit
                0x6030220c       0x80 ./component/serial_manager/serial_port_uart.o
                0x6030220c                Serial_UartInit
 .text.Serial_UartWrite
                0x6030228c       0x58 ./component/serial_manager/serial_port_uart.o
                0x6030228c                Serial_UartWrite
 .text.CLOCK_GetMux
                0x603022e4       0x44 ./board/board.o
 .text.CLOCK_GetDiv
                0x60302328       0x44 ./board/board.o
 .text.CLOCK_GetOscFreq
                0x6030236c       0x30 ./board/board.o
 .text.BOARD_DebugConsoleSrcFreq
                0x6030239c       0x64 ./board/board.o
                0x6030239c                BOARD_DebugConsoleSrcFreq
 .text.CLOCK_SetMux
                0x60302400       0x9c ./board/clock_config.o
 .text.CLOCK_SetDiv
                0x6030249c       0x9c ./board/clock_config.o
 .text.CLOCK_ControlGate
                0x60302538       0x64 ./board/clock_config.o
 .text.CLOCK_SetXtalFreq
                0x6030259c       0x20 ./board/clock_config.o
 .text.CLOCK_SetRtcXtalFreq
                0x603025bc       0x20 ./board/clock_config.o
 .text.IOMUXC_EnableMode
                0x603025dc       0x48 ./board/clock_config.o
 .text.IOMUXC_MQSConfig
                0x60302624       0x44 ./board/clock_config.o
 .text.BOARD_BootClockRUN
                0x60302668      0x608 ./board/clock_config.o
                0x60302668                BOARD_BootClockRUN
 .text.CLOCK_ControlGate
                0x60302c70       0x64 ./board/pin_mux.o
 .text.BOARD_InitSwitches
                0x60302cd4       0xbc ./board/pin_mux.o
                0x60302cd4                BOARD_InitSwitches
 .text.BOARD_InitMicrophone
                0x60302d90      0x168 ./board/pin_mux.o
                0x60302d90                BOARD_InitMicrophone
 .text.BOARD_InitEthernet
                0x60302ef8      0x1e8 ./board/pin_mux.o
                0x60302ef8                BOARD_InitEthernet
 .text.BOARD_InittJtag
                0x603030e0       0xa0 ./board/pin_mux.o
                0x603030e0                BOARD_InittJtag
 .text.BOARD_InitLPI2C
                0x60303180       0x80 ./board/pin_mux.o
                0x60303180                BOARD_InitLPI2C
 .text.BOARD_InitLPSPI
                0x60303200       0xe8 ./board/pin_mux.o
                0x60303200                BOARD_InitLPSPI
 .text.BOARD_InitLPUART
                0x603032e8       0x80 ./board/pin_mux.o
                0x603032e8                BOARD_InitLPUART
 .text.BOARD_InitBootConfig
                0x60303368       0x74 ./board/pin_mux.o
                0x60303368                BOARD_InitBootConfig
 .text.BOARD_InitWifi
                0x603033dc      0x134 ./board/pin_mux.o
                0x603033dc                BOARD_InitWifi
 .text.BOARD_InitBluetooth
                0x60303510      0x150 ./board/pin_mux.o
                0x60303510                BOARD_InitBluetooth
 .text.BOARD_InitAudioOut
                0x60303660      0x180 ./board/pin_mux.o
                0x60303660                BOARD_InitAudioOut
 .text.BOARD_InitLED
                0x603037e0       0xf8 ./board/pin_mux.o
                0x603037e0                BOARD_InitLED
 .text._initio  0x603038d8       0x78 d:/nxp/mcuxpressoide_11.5.0_7232/ide/plugins/com.nxp.mcuxpresso.tools.win32_11.5.0.202107051138/tools/bin/../lib/gcc/arm-none-eabi/10.3.1/../../../../arm-none-eabi/lib/thumb/v7e-m+dp/hard\libcr_c.a(initio.o)
                0x603038d8                _initio
 .text._Cwritebuf
                0x60303950       0x6c d:/nxp/mcuxpressoide_11.5.0_7232/ide/plugins/com.nxp.mcuxpresso.tools.win32_11.5.0.202107051138/tools/bin/../lib/gcc/arm-none-eabi/10.3.1/../../../../arm-none-eabi/lib/thumb/v7e-m+dp/hard\libcr_c.a(_writebuf.o)
                0x60303950                _Cwritebuf
 .text.fflush   0x603039bc       0x3c d:/nxp/mcuxpressoide_11.5.0_7232/ide/plugins/com.nxp.mcuxpresso.tools.win32_11.5.0.202107051138/tools/bin/../lib/gcc/arm-none-eabi/10.3.1/../../../../arm-none-eabi/lib/thumb/v7e-m+dp/hard\libcr_c.a(fflush.o)
                0x603039bc                fflush
 .text.fseek    0x603039f8       0xfc d:/nxp/mcuxpressoide_11.5.0_7232/ide/plugins/com.nxp.mcuxpresso.tools.win32_11.5.0.202107051138/tools/bin/../lib/gcc/arm-none-eabi/10.3.1/../../../../arm-none-eabi/lib/thumb/v7e-m+dp/hard\libcr_c.a(fseek.o)
                0x603039f8                fseek
 .text.ftell    0x60303af4       0x44 d:/nxp/mcuxpressoide_11.5.0_7232/ide/plugins/com.nxp.mcuxpresso.tools.win32_11.5.0.202107051138/tools/bin/../lib/gcc/arm-none-eabi/10.3.1/../../../../arm-none-eabi/lib/thumb/v7e-m+dp/hard\libcr_c.a(ftell.o)
                0x60303af4                ftell
 .text.DbgConsole_PrintCallback
                0x60303b38       0x66 ./utilities/fsl_debug_console.o
 .text.PrintGetWidth
                0x60303b9e       0x6a ./utilities/fsl_str.o
 .text.PrintGetPrecision
                0x60303c08       0x8c ./utilities/fsl_str.o
 .text.PrintIsobpu
                0x60303c94       0x38 ./utilities/fsl_str.o
 .text.PrintIsdi
                0x60303ccc       0x2c ./utilities/fsl_str.o
 .text.PrintOutputdifFobpu
                0x60303cf8       0x44 ./utilities/fsl_str.o
 .text.PrintOutputxX
                0x60303d3c       0x44 ./utilities/fsl_str.o
 .text.PrintIsfF
                0x60303d80       0x2c ./utilities/fsl_str.o
 .text.PrintIsxX
                0x60303dac       0x2c ./utilities/fsl_str.o
 .text.PrintGetRadixFromobpu
                0x60303dd8       0x40 ./utilities/fsl_str.o
 .text.ConvertRadixNumToString
                0x60303e18      0x118 ./utilities/fsl_str.o
 .text.StrFormatPrintf
                0x60303f30      0x286 ./utilities/fsl_str.o
                0x60303f30                StrFormatPrintf
 .text.DMA0_DMA16_IRQHandler
                0x603041b6        0x8 ./startup/startup_mimxrt106a.o
                0x603041b6                DMA0_DMA16_IRQHandler
 .text.DMA1_DMA17_IRQHandler
                0x603041be        0x8 ./startup/startup_mimxrt106a.o
                0x603041be                DMA1_DMA17_IRQHandler
 .text.DMA2_DMA18_IRQHandler
                0x603041c6        0x8 ./startup/startup_mimxrt106a.o
                0x603041c6                DMA2_DMA18_IRQHandler
 .text.DMA3_DMA19_IRQHandler
                0x603041ce        0x8 ./startup/startup_mimxrt106a.o
                0x603041ce                DMA3_DMA19_IRQHandler
 .text.DMA4_DMA20_IRQHandler
                0x603041d6        0x8 ./startup/startup_mimxrt106a.o
                0x603041d6                DMA4_DMA20_IRQHandler
 .text.DMA5_DMA21_IRQHandler
                0x603041de        0x8 ./startup/startup_mimxrt106a.o
                0x603041de                DMA5_DMA21_IRQHandler
 .text.DMA6_DMA22_IRQHandler
                0x603041e6        0x8 ./startup/startup_mimxrt106a.o
                0x603041e6                DMA6_DMA22_IRQHandler
 .text.DMA7_DMA23_IRQHandler
                0x603041ee        0x8 ./startup/startup_mimxrt106a.o
                0x603041ee                DMA7_DMA23_IRQHandler
 .text.DMA8_DMA24_IRQHandler
                0x603041f6        0x8 ./startup/startup_mimxrt106a.o
                0x603041f6                DMA8_DMA24_IRQHandler
 .text.DMA9_DMA25_IRQHandler
                0x603041fe        0x8 ./startup/startup_mimxrt106a.o
                0x603041fe                DMA9_DMA25_IRQHandler
 .text.DMA10_DMA26_IRQHandler
                0x60304206        0x8 ./startup/startup_mimxrt106a.o
                0x60304206                DMA10_DMA26_IRQHandler
 .text.DMA11_DMA27_IRQHandler
                0x6030420e        0x8 ./startup/startup_mimxrt106a.o
                0x6030420e                DMA11_DMA27_IRQHandler
 .text.DMA12_DMA28_IRQHandler
                0x60304216        0x8 ./startup/startup_mimxrt106a.o
                0x60304216                DMA12_DMA28_IRQHandler
 .text.DMA13_DMA29_IRQHandler
                0x6030421e        0x8 ./startup/startup_mimxrt106a.o
                0x6030421e                DMA13_DMA29_IRQHandler
 .text.DMA14_DMA30_IRQHandler
                0x60304226        0x8 ./startup/startup_mimxrt106a.o
                0x60304226                DMA14_DMA30_IRQHandler
 .text.DMA15_DMA31_IRQHandler
                0x6030422e        0x8 ./startup/startup_mimxrt106a.o
                0x6030422e                DMA15_DMA31_IRQHandler
 .text.DMA_ERROR_IRQHandler
                0x60304236        0x8 ./startup/startup_mimxrt106a.o
                0x60304236                DMA_ERROR_IRQHandler
 .text.CTI0_ERROR_IRQHandler
                0x6030423e        0x8 ./startup/startup_mimxrt106a.o
                0x6030423e                CTI0_ERROR_IRQHandler
 .text.CTI1_ERROR_IRQHandler
                0x60304246        0x8 ./startup/startup_mimxrt106a.o
                0x60304246                CTI1_ERROR_IRQHandler
 .text.CORE_IRQHandler
                0x6030424e        0x8 ./startup/startup_mimxrt106a.o
                0x6030424e                CORE_IRQHandler
 .text.LPUART1_IRQHandler
                0x60304256        0x8 ./startup/startup_mimxrt106a.o
                0x60304256                LPUART1_IRQHandler
 .text.LPUART2_IRQHandler
                0x6030425e        0x8 ./startup/startup_mimxrt106a.o
                0x6030425e                LPUART2_IRQHandler
 .text.LPUART3_IRQHandler
                0x60304266        0x8 ./startup/startup_mimxrt106a.o
                0x60304266                LPUART3_IRQHandler
 .text.LPUART4_IRQHandler
                0x6030426e        0x8 ./startup/startup_mimxrt106a.o
                0x6030426e                LPUART4_IRQHandler
 .text.LPUART5_IRQHandler
                0x60304276        0x8 ./startup/startup_mimxrt106a.o
                0x60304276                LPUART5_IRQHandler
 .text.LPUART6_IRQHandler
                0x6030427e        0x8 ./startup/startup_mimxrt106a.o
                0x6030427e                LPUART6_IRQHandler
 .text.LPUART7_IRQHandler
                0x60304286        0x8 ./startup/startup_mimxrt106a.o
                0x60304286                LPUART7_IRQHandler
 .text.LPUART8_IRQHandler
                0x6030428e        0x8 ./startup/startup_mimxrt106a.o
                0x6030428e                LPUART8_IRQHandler
 .text.LPI2C1_IRQHandler
                0x60304296        0x8 ./startup/startup_mimxrt106a.o
                0x60304296                LPI2C1_IRQHandler
 .text.LPI2C2_IRQHandler
                0x6030429e        0x8 ./startup/startup_mimxrt106a.o
                0x6030429e                LPI2C2_IRQHandler
 .text.LPI2C3_IRQHandler
                0x603042a6        0x8 ./startup/startup_mimxrt106a.o
                0x603042a6                LPI2C3_IRQHandler
 .text.LPI2C4_IRQHandler
                0x603042ae        0x8 ./startup/startup_mimxrt106a.o
                0x603042ae                LPI2C4_IRQHandler
 .text.LPSPI1_IRQHandler
                0x603042b6        0x8 ./startup/startup_mimxrt106a.o
                0x603042b6                LPSPI1_IRQHandler
 .text.LPSPI2_IRQHandler
                0x603042be        0x8 ./startup/startup_mimxrt106a.o
                0x603042be                LPSPI2_IRQHandler
 .text.LPSPI3_IRQHandler
                0x603042c6        0x8 ./startup/startup_mimxrt106a.o
                0x603042c6                LPSPI3_IRQHandler
 .text.LPSPI4_IRQHandler
                0x603042ce        0x8 ./startup/startup_mimxrt106a.o
                0x603042ce                LPSPI4_IRQHandler
 .text.CAN1_IRQHandler
                0x603042d6        0x8 ./startup/startup_mimxrt106a.o
                0x603042d6                CAN1_IRQHandler
 .text.CAN2_IRQHandler
                0x603042de        0x8 ./startup/startup_mimxrt106a.o
                0x603042de                CAN2_IRQHandler
 .text.FLEXRAM_IRQHandler
                0x603042e6        0x8 ./startup/startup_mimxrt106a.o
                0x603042e6                FLEXRAM_IRQHandler
 .text.KPP_IRQHandler
                0x603042ee        0x8 ./startup/startup_mimxrt106a.o
                0x603042ee                KPP_IRQHandler
 .text.TSC_DIG_IRQHandler
                0x603042f6        0x8 ./startup/startup_mimxrt106a.o
                0x603042f6                TSC_DIG_IRQHandler
 .text.GPR_IRQ_IRQHandler
                0x603042fe        0x8 ./startup/startup_mimxrt106a.o
                0x603042fe                GPR_IRQ_IRQHandler
 .text.LCDIF_IRQHandler
                0x60304306        0x8 ./startup/startup_mimxrt106a.o
                0x60304306                LCDIF_IRQHandler
 .text.CSI_IRQHandler
                0x6030430e        0x8 ./startup/startup_mimxrt106a.o
                0x6030430e                CSI_IRQHandler
 .text.PXP_IRQHandler
                0x60304316        0x8 ./startup/startup_mimxrt106a.o
                0x60304316                PXP_IRQHandler
 .text.WDOG2_IRQHandler
                0x6030431e        0x8 ./startup/startup_mimxrt106a.o
                0x6030431e                WDOG2_IRQHandler
 .text.SNVS_HP_WRAPPER_IRQHandler
                0x60304326        0x8 ./startup/startup_mimxrt106a.o
                0x60304326                SNVS_HP_WRAPPER_IRQHandler
 .text.SNVS_HP_WRAPPER_TZ_IRQHandler
                0x6030432e        0x8 ./startup/startup_mimxrt106a.o
                0x6030432e                SNVS_HP_WRAPPER_TZ_IRQHandler
 .text.SNVS_LP_WRAPPER_IRQHandler
                0x60304336        0x8 ./startup/startup_mimxrt106a.o
                0x60304336                SNVS_LP_WRAPPER_IRQHandler
 .text.CSU_IRQHandler
                0x6030433e        0x8 ./startup/startup_mimxrt106a.o
                0x6030433e                CSU_IRQHandler
 .text.DCP_IRQHandler
                0x60304346        0x8 ./startup/startup_mimxrt106a.o
                0x60304346                DCP_IRQHandler
 .text.DCP_VMI_IRQHandler
                0x6030434e        0x8 ./startup/startup_mimxrt106a.o
                0x6030434e                DCP_VMI_IRQHandler
 .text.Reserved68_IRQHandler
                0x60304356        0x8 ./startup/startup_mimxrt106a.o
                0x60304356                Reserved68_IRQHandler
 .text.TRNG_IRQHandler
                0x6030435e        0x8 ./startup/startup_mimxrt106a.o
                0x6030435e                TRNG_IRQHandler
 .text.SJC_IRQHandler
                0x60304366        0x8 ./startup/startup_mimxrt106a.o
                0x60304366                SJC_IRQHandler
 .text.BEE_IRQHandler
                0x6030436e        0x8 ./startup/startup_mimxrt106a.o
                0x6030436e                BEE_IRQHandler
 .text.SAI1_IRQHandler
                0x60304376        0x8 ./startup/startup_mimxrt106a.o
                0x60304376                SAI1_IRQHandler
 .text.SAI2_IRQHandler
                0x6030437e        0x8 ./startup/startup_mimxrt106a.o
                0x6030437e                SAI2_IRQHandler
 .text.SAI3_RX_IRQHandler
                0x60304386        0x8 ./startup/startup_mimxrt106a.o
                0x60304386                SAI3_RX_IRQHandler
 .text.SAI3_TX_IRQHandler
                0x6030438e        0x8 ./startup/startup_mimxrt106a.o
                0x6030438e                SAI3_TX_IRQHandler
 .text.SPDIF_IRQHandler
                0x60304396        0x8 ./startup/startup_mimxrt106a.o
                0x60304396                SPDIF_IRQHandler
 .text.PMU_EVENT_IRQHandler
                0x6030439e        0x8 ./startup/startup_mimxrt106a.o
                0x6030439e                PMU_EVENT_IRQHandler
 .text.Reserved78_IRQHandler
                0x603043a6        0x8 ./startup/startup_mimxrt106a.o
                0x603043a6                Reserved78_IRQHandler
 .text.TEMP_LOW_HIGH_IRQHandler
                0x603043ae        0x8 ./startup/startup_mimxrt106a.o
                0x603043ae                TEMP_LOW_HIGH_IRQHandler
 .text.TEMP_PANIC_IRQHandler
                0x603043b6        0x8 ./startup/startup_mimxrt106a.o
                0x603043b6                TEMP_PANIC_IRQHandler
 .text.USB_PHY1_IRQHandler
                0x603043be        0x8 ./startup/startup_mimxrt106a.o
                0x603043be                USB_PHY1_IRQHandler
 .text.USB_PHY2_IRQHandler
                0x603043c6        0x8 ./startup/startup_mimxrt106a.o
                0x603043c6                USB_PHY2_IRQHandler
 .text.ADC1_IRQHandler
                0x603043ce        0x8 ./startup/startup_mimxrt106a.o
                0x603043ce                ADC1_IRQHandler
 .text.ADC2_IRQHandler
                0x603043d6        0x8 ./startup/startup_mimxrt106a.o
                0x603043d6                ADC2_IRQHandler
 .text.DCDC_IRQHandler
                0x603043de        0x8 ./startup/startup_mimxrt106a.o
                0x603043de                DCDC_IRQHandler
 .text.Reserved86_IRQHandler
                0x603043e6        0x8 ./startup/startup_mimxrt106a.o
                0x603043e6                Reserved86_IRQHandler
 .text.Reserved87_IRQHandler
                0x603043ee        0x8 ./startup/startup_mimxrt106a.o
                0x603043ee                Reserved87_IRQHandler
 .text.GPIO1_INT0_IRQHandler
                0x603043f6        0x8 ./startup/startup_mimxrt106a.o
                0x603043f6                GPIO1_INT0_IRQHandler
 .text.GPIO1_INT1_IRQHandler
                0x603043fe        0x8 ./startup/startup_mimxrt106a.o
                0x603043fe                GPIO1_INT1_IRQHandler
 .text.GPIO1_INT2_IRQHandler
                0x60304406        0x8 ./startup/startup_mimxrt106a.o
                0x60304406                GPIO1_INT2_IRQHandler
 .text.GPIO1_INT3_IRQHandler
                0x6030440e        0x8 ./startup/startup_mimxrt106a.o
                0x6030440e                GPIO1_INT3_IRQHandler
 .text.GPIO1_INT4_IRQHandler
                0x60304416        0x8 ./startup/startup_mimxrt106a.o
                0x60304416                GPIO1_INT4_IRQHandler
 .text.GPIO1_INT5_IRQHandler
                0x6030441e        0x8 ./startup/startup_mimxrt106a.o
                0x6030441e                GPIO1_INT5_IRQHandler
 .text.GPIO1_INT6_IRQHandler
                0x60304426        0x8 ./startup/startup_mimxrt106a.o
                0x60304426                GPIO1_INT6_IRQHandler
 .text.GPIO1_INT7_IRQHandler
                0x6030442e        0x8 ./startup/startup_mimxrt106a.o
                0x6030442e                GPIO1_INT7_IRQHandler
 .text.GPIO1_Combined_0_15_IRQHandler
                0x60304436        0x8 ./startup/startup_mimxrt106a.o
                0x60304436                GPIO1_Combined_0_15_IRQHandler
 .text.GPIO1_Combined_16_31_IRQHandler
                0x6030443e        0x8 ./startup/startup_mimxrt106a.o
                0x6030443e                GPIO1_Combined_16_31_IRQHandler
 .text.GPIO2_Combined_0_15_IRQHandler
                0x60304446        0x8 ./startup/startup_mimxrt106a.o
                0x60304446                GPIO2_Combined_0_15_IRQHandler
 .text.GPIO2_Combined_16_31_IRQHandler
                0x6030444e        0x8 ./startup/startup_mimxrt106a.o
                0x6030444e                GPIO2_Combined_16_31_IRQHandler
 .text.GPIO3_Combined_0_15_IRQHandler
                0x60304456        0x8 ./startup/startup_mimxrt106a.o
                0x60304456                GPIO3_Combined_0_15_IRQHandler
 .text.GPIO3_Combined_16_31_IRQHandler
                0x6030445e        0x8 ./startup/startup_mimxrt106a.o
                0x6030445e                GPIO3_Combined_16_31_IRQHandler
 .text.GPIO4_Combined_0_15_IRQHandler
                0x60304466        0x8 ./startup/startup_mimxrt106a.o
                0x60304466                GPIO4_Combined_0_15_IRQHandler
 .text.GPIO4_Combined_16_31_IRQHandler
                0x6030446e        0x8 ./startup/startup_mimxrt106a.o
                0x6030446e                GPIO4_Combined_16_31_IRQHandler
 .text.GPIO5_Combined_0_15_IRQHandler
                0x60304476        0x8 ./startup/startup_mimxrt106a.o
                0x60304476                GPIO5_Combined_0_15_IRQHandler
 .text.GPIO5_Combined_16_31_IRQHandler
                0x6030447e        0x8 ./startup/startup_mimxrt106a.o
                0x6030447e                GPIO5_Combined_16_31_IRQHandler
 .text.FLEXIO1_IRQHandler
                0x60304486        0x8 ./startup/startup_mimxrt106a.o
                0x60304486                FLEXIO1_IRQHandler
 .text.FLEXIO2_IRQHandler
                0x6030448e        0x8 ./startup/startup_mimxrt106a.o
                0x6030448e                FLEXIO2_IRQHandler
 .text.WDOG1_IRQHandler
                0x60304496        0x8 ./startup/startup_mimxrt106a.o
                0x60304496                WDOG1_IRQHandler
 .text.RTWDOG_IRQHandler
                0x6030449e        0x8 ./startup/startup_mimxrt106a.o
                0x6030449e                RTWDOG_IRQHandler
 .text.EWM_IRQHandler
                0x603044a6        0x8 ./startup/startup_mimxrt106a.o
                0x603044a6                EWM_IRQHandler
 .text.CCM_1_IRQHandler
                0x603044ae        0x8 ./startup/startup_mimxrt106a.o
                0x603044ae                CCM_1_IRQHandler
 .text.CCM_2_IRQHandler
                0x603044b6        0x8 ./startup/startup_mimxrt106a.o
                0x603044b6                CCM_2_IRQHandler
 .text.GPC_IRQHandler
                0x603044be        0x8 ./startup/startup_mimxrt106a.o
                0x603044be                GPC_IRQHandler
 .text.SRC_IRQHandler
                0x603044c6        0x8 ./startup/startup_mimxrt106a.o
                0x603044c6                SRC_IRQHandler
 .text.Reserved115_IRQHandler
                0x603044ce        0x8 ./startup/startup_mimxrt106a.o
                0x603044ce                Reserved115_IRQHandler
 .text.GPT1_IRQHandler
                0x603044d6        0x8 ./startup/startup_mimxrt106a.o
                0x603044d6                GPT1_IRQHandler
 .text.GPT2_IRQHandler
                0x603044de        0x8 ./startup/startup_mimxrt106a.o
                0x603044de                GPT2_IRQHandler
 .text.PWM1_0_IRQHandler
                0x603044e6        0x8 ./startup/startup_mimxrt106a.o
                0x603044e6                PWM1_0_IRQHandler
 .text.PWM1_1_IRQHandler
                0x603044ee        0x8 ./startup/startup_mimxrt106a.o
                0x603044ee                PWM1_1_IRQHandler
 .text.PWM1_2_IRQHandler
                0x603044f6        0x8 ./startup/startup_mimxrt106a.o
                0x603044f6                PWM1_2_IRQHandler
 .text.PWM1_3_IRQHandler
                0x603044fe        0x8 ./startup/startup_mimxrt106a.o
                0x603044fe                PWM1_3_IRQHandler
 .text.PWM1_FAULT_IRQHandler
                0x60304506        0x8 ./startup/startup_mimxrt106a.o
                0x60304506                PWM1_FAULT_IRQHandler
 .text.FLEXSPI2_IRQHandler
                0x6030450e        0x8 ./startup/startup_mimxrt106a.o
                0x6030450e                FLEXSPI2_IRQHandler
 .text.FLEXSPI_IRQHandler
                0x60304516        0x8 ./startup/startup_mimxrt106a.o
                0x60304516                FLEXSPI_IRQHandler
 .text.SEMC_IRQHandler
                0x6030451e        0x8 ./startup/startup_mimxrt106a.o
                0x6030451e                SEMC_IRQHandler
 .text.USDHC1_IRQHandler
                0x60304526        0x8 ./startup/startup_mimxrt106a.o
                0x60304526                USDHC1_IRQHandler
 .text.USDHC2_IRQHandler
                0x6030452e        0x8 ./startup/startup_mimxrt106a.o
                0x6030452e                USDHC2_IRQHandler
 .text.USB_OTG2_IRQHandler
                0x60304536        0x8 ./startup/startup_mimxrt106a.o
                0x60304536                USB_OTG2_IRQHandler
 .text.USB_OTG1_IRQHandler
                0x6030453e        0x8 ./startup/startup_mimxrt106a.o
                0x6030453e                USB_OTG1_IRQHandler
 .text.ENET_IRQHandler
                0x60304546        0x8 ./startup/startup_mimxrt106a.o
                0x60304546                ENET_IRQHandler
 .text.ENET_1588_Timer_IRQHandler
                0x6030454e        0x8 ./startup/startup_mimxrt106a.o
                0x6030454e                ENET_1588_Timer_IRQHandler
 .text.XBAR1_IRQ_0_1_IRQHandler
                0x60304556        0x8 ./startup/startup_mimxrt106a.o
                0x60304556                XBAR1_IRQ_0_1_IRQHandler
 .text.XBAR1_IRQ_2_3_IRQHandler
                0x6030455e        0x8 ./startup/startup_mimxrt106a.o
                0x6030455e                XBAR1_IRQ_2_3_IRQHandler
 .text.ADC_ETC_IRQ0_IRQHandler
                0x60304566        0x8 ./startup/startup_mimxrt106a.o
                0x60304566                ADC_ETC_IRQ0_IRQHandler
 .text.ADC_ETC_IRQ1_IRQHandler
                0x6030456e        0x8 ./startup/startup_mimxrt106a.o
                0x6030456e                ADC_ETC_IRQ1_IRQHandler
 .text.ADC_ETC_IRQ2_IRQHandler
                0x60304576        0x8 ./startup/startup_mimxrt106a.o
                0x60304576                ADC_ETC_IRQ2_IRQHandler
 .text.ADC_ETC_ERROR_IRQ_IRQHandler
                0x6030457e        0x8 ./startup/startup_mimxrt106a.o
                0x6030457e                ADC_ETC_ERROR_IRQ_IRQHandler
 .text.PIT_IRQHandler
                0x60304586        0x8 ./startup/startup_mimxrt106a.o
                0x60304586                PIT_IRQHandler
 .text.ACMP1_IRQHandler
                0x6030458e        0x8 ./startup/startup_mimxrt106a.o
                0x6030458e                ACMP1_IRQHandler
 .text.ACMP2_IRQHandler
                0x60304596        0x8 ./startup/startup_mimxrt106a.o
                0x60304596                ACMP2_IRQHandler
 .text.ACMP3_IRQHandler
                0x6030459e        0x8 ./startup/startup_mimxrt106a.o
                0x6030459e                ACMP3_IRQHandler
 .text.ACMP4_IRQHandler
                0x603045a6        0x8 ./startup/startup_mimxrt106a.o
                0x603045a6                ACMP4_IRQHandler
 .text.Reserved143_IRQHandler
                0x603045ae        0x8 ./startup/startup_mimxrt106a.o
                0x603045ae                Reserved143_IRQHandler
 .text.Reserved144_IRQHandler
                0x603045b6        0x8 ./startup/startup_mimxrt106a.o
                0x603045b6                Reserved144_IRQHandler
 .text.ENC1_IRQHandler
                0x603045be        0x8 ./startup/startup_mimxrt106a.o
                0x603045be                ENC1_IRQHandler
 .text.ENC2_IRQHandler
                0x603045c6        0x8 ./startup/startup_mimxrt106a.o
                0x603045c6                ENC2_IRQHandler
 .text.ENC3_IRQHandler
                0x603045ce        0x8 ./startup/startup_mimxrt106a.o
                0x603045ce                ENC3_IRQHandler
 .text.ENC4_IRQHandler
                0x603045d6        0x8 ./startup/startup_mimxrt106a.o
                0x603045d6                ENC4_IRQHandler
 .text.TMR1_IRQHandler
                0x603045de        0x8 ./startup/startup_mimxrt106a.o
                0x603045de                TMR1_IRQHandler
 .text.TMR2_IRQHandler
                0x603045e6        0x8 ./startup/startup_mimxrt106a.o
                0x603045e6                TMR2_IRQHandler
 .text.TMR3_IRQHandler
                0x603045ee        0x8 ./startup/startup_mimxrt106a.o
                0x603045ee                TMR3_IRQHandler
 .text.TMR4_IRQHandler
                0x603045f6        0x8 ./startup/startup_mimxrt106a.o
                0x603045f6                TMR4_IRQHandler
 .text.PWM2_0_IRQHandler
                0x603045fe        0x8 ./startup/startup_mimxrt106a.o
                0x603045fe                PWM2_0_IRQHandler
 .text.PWM2_1_IRQHandler
                0x60304606        0x8 ./startup/startup_mimxrt106a.o
                0x60304606                PWM2_1_IRQHandler
 .text.PWM2_2_IRQHandler
                0x6030460e        0x8 ./startup/startup_mimxrt106a.o
                0x6030460e                PWM2_2_IRQHandler
 .text.PWM2_3_IRQHandler
                0x60304616        0x8 ./startup/startup_mimxrt106a.o
                0x60304616                PWM2_3_IRQHandler
 .text.PWM2_FAULT_IRQHandler
                0x6030461e        0x8 ./startup/startup_mimxrt106a.o
                0x6030461e                PWM2_FAULT_IRQHandler
 .text.PWM3_0_IRQHandler
                0x60304626        0x8 ./startup/startup_mimxrt106a.o
                0x60304626                PWM3_0_IRQHandler
 .text.PWM3_1_IRQHandler
                0x6030462e        0x8 ./startup/startup_mimxrt106a.o
                0x6030462e                PWM3_1_IRQHandler
 .text.PWM3_2_IRQHandler
                0x60304636        0x8 ./startup/startup_mimxrt106a.o
                0x60304636                PWM3_2_IRQHandler
 .text.PWM3_3_IRQHandler
                0x6030463e        0x8 ./startup/startup_mimxrt106a.o
                0x6030463e                PWM3_3_IRQHandler
 .text.PWM3_FAULT_IRQHandler
                0x60304646        0x8 ./startup/startup_mimxrt106a.o
                0x60304646                PWM3_FAULT_IRQHandler
 .text.PWM4_0_IRQHandler
                0x6030464e        0x8 ./startup/startup_mimxrt106a.o
                0x6030464e                PWM4_0_IRQHandler
 .text.PWM4_1_IRQHandler
                0x60304656        0x8 ./startup/startup_mimxrt106a.o
                0x60304656                PWM4_1_IRQHandler
 .text.PWM4_2_IRQHandler
                0x6030465e        0x8 ./startup/startup_mimxrt106a.o
                0x6030465e                PWM4_2_IRQHandler
 .text.PWM4_3_IRQHandler
                0x60304666        0x8 ./startup/startup_mimxrt106a.o
                0x60304666                PWM4_3_IRQHandler
 .text.PWM4_FAULT_IRQHandler
                0x6030466e        0x8 ./startup/startup_mimxrt106a.o
                0x6030466e                PWM4_FAULT_IRQHandler
 .text.ENET2_IRQHandler
                0x60304676        0x8 ./startup/startup_mimxrt106a.o
                0x60304676                ENET2_IRQHandler
 .text.ENET2_1588_Timer_IRQHandler
                0x6030467e        0x8 ./startup/startup_mimxrt106a.o
                0x6030467e                ENET2_1588_Timer_IRQHandler
 .text.CAN3_IRQHandler
                0x60304686        0x8 ./startup/startup_mimxrt106a.o
                0x60304686                CAN3_IRQHandler
 .text.Reserved171_IRQHandler
                0x6030468e        0x8 ./startup/startup_mimxrt106a.o
                0x6030468e                Reserved171_IRQHandler
 .text.FLEXIO3_IRQHandler
                0x60304696        0x8 ./startup/startup_mimxrt106a.o
                0x60304696                FLEXIO3_IRQHandler
 .text.GPIO6_7_8_9_IRQHandler
                0x6030469e        0x8 ./startup/startup_mimxrt106a.o
                0x6030469e                GPIO6_7_8_9_IRQHandler
 .text.HardFault_Handler
                0x603046a6       0x2c ./source/semihost_hardfault.o
                0x603046a6                HardFault_Handler
 .text.CLOCK_IsPllBypassed
                0x603046d2       0x32 ./drivers/fsl_clock.o
 .text.CLOCK_IsPllEnabled
                0x60304704       0x3c ./drivers/fsl_clock.o
 .text.CLOCK_GetPllBypassRefClk
                0x60304740       0x34 ./drivers/fsl_clock.o
 .text.FLEXRAM_MapTcmSizeToRegister
                0x60304774       0x68 ./drivers/fsl_flexram_allocate.o
 .text.CLOCK_EnableClock
                0x603047dc       0x1e ./drivers/fsl_gpio.o
 .text.GPIO_SetPinInterruptConfig
                0x603047fa       0x22 ./drivers/fsl_gpio.o
 .text.CLOCK_EnableClock
                0x6030481c       0x1e ./drivers/fsl_lpuart.o
 .text.LPUART_SoftwareReset
                0x6030483a       0x2c ./drivers/fsl_lpuart.o
 .text.SystemInitHook
                0x60304866        0xe ./device/system_MIMXRT106A.o
                0x60304866                SystemInitHook
 .text.HAL_UartGetStatus
                0x60304874       0x22 ./component/uart/lpuart_adapter.o
 .text.DisableGlobalIRQ
                0x60304896       0x22 ./component/serial_manager/serial_manager.o
 .text.EnableGlobalIRQ
                0x603048b8       0x20 ./component/serial_manager/serial_manager.o
 .text.SerialManager_StartWriting
                0x603048d8       0x38 ./component/serial_manager/serial_manager.o
 .text.SerialManager_WriteBlocking
                0x60304910       0x20 ./component/serial_manager/serial_manager.o
                0x60304910                SerialManager_WriteBlocking
 .text.BOARD_InitDebugConsole
                0x60304930       0x22 ./board/board.o
                0x60304930                BOARD_InitDebugConsole
 .text.CLOCK_DisableClock
                0x60304952       0x1e ./board/clock_config.o
 .text.CLOCK_SetPllBypass
                0x60304970       0x4e ./board/clock_config.o
 .text.IOMUXC_SetSaiMClkClockSource
                0x603049be       0x6c ./board/clock_config.o
 .text.CLOCK_EnableClock
                0x60304a2a       0x1e ./board/pin_mux.o
 .text.IOMUXC_SetPinMux
                0x60304a48       0x3a ./board/pin_mux.o
 .text.IOMUXC_SetPinConfig
                0x60304a82       0x26 ./board/pin_mux.o
 .text.BOARD_InitBootPins
                0x60304aa8       0x38 ./board/pin_mux.o
                0x60304aa8                BOARD_InitBootPins
 .text.__main   0x60304ae0        0xe d:/nxp/mcuxpressoide_11.5.0_7232/ide/plugins/com.nxp.mcuxpresso.tools.win32_11.5.0.202107051138/tools/bin/../lib/gcc/arm-none-eabi/10.3.1/../../../../arm-none-eabi/lib/thumb/v7e-m+dp/hard\libcr_nohost_nf.a(_cr__main.o)
                0x60304ae0                __main
 .text.memset   0x60304aee        0x4 d:/nxp/mcuxpressoide_11.5.0_7232/ide/plugins/com.nxp.mcuxpresso.tools.win32_11.5.0.202107051138/tools/bin/../lib/gcc/arm-none-eabi/10.3.1/../../../../arm-none-eabi/lib/thumb/v7e-m+dp/hard\libcr_c.a(memset.o)
                0x60304aee                memset
 .text.free     0x60304af2       0x30 d:/nxp/mcuxpressoide_11.5.0_7232/ide/plugins/com.nxp.mcuxpresso.tools.win32_11.5.0.202107051138/tools/bin/../lib/gcc/arm-none-eabi/10.3.1/../../../../arm-none-eabi/lib/thumb/v7e-m+dp/hard\libcr_c.a(alloc.o)
                0x60304af2                free
 .text.setvbuf  0x60304b22       0x3e d:/nxp/mcuxpressoide_11.5.0_7232/ide/plugins/com.nxp.mcuxpresso.tools.win32_11.5.0.202107051138/tools/bin/../lib/gcc/arm-none-eabi/10.3.1/../../../../arm-none-eabi/lib/thumb/v7e-m+dp/hard\libcr_c.a(setvbuf.o)
                0x60304b22                setvbuf
 .text.strlen   0x60304b60       0x48 d:/nxp/mcuxpressoide_11.5.0_7232/ide/plugins/com.nxp.mcuxpresso.tools.win32_11.5.0.202107051138/tools/bin/../lib/gcc/arm-none-eabi/10.3.1/../../../../arm-none-eabi/lib/thumb/v7e-m+dp/hard\libcr_c.a(strlen.o)
                0x60304b60                strlen
 .text._deferredlazyseek
                0x60304ba8       0x40 d:/nxp/mcuxpressoide_11.5.0_7232/ide/plugins/com.nxp.mcuxpresso.tools.win32_11.5.0.202107051138/tools/bin/../lib/gcc/arm-none-eabi/10.3.1/../../../../arm-none-eabi/lib/thumb/v7e-m+dp/hard\libcr_c.a(_deferredlazyseek.o)
                0x60304ba8                _deferredlazyseek
 .text._fdopen  0x60304be8       0x68 d:/nxp/mcuxpressoide_11.5.0_7232/ide/plugins/com.nxp.mcuxpresso.tools.win32_11.5.0.202107051138/tools/bin/../lib/gcc/arm-none-eabi/10.3.1/../../../../arm-none-eabi/lib/thumb/v7e-m+dp/hard\libcr_c.a(_fdopen.o)
                0x60304be8                _fdopen
 .text._fflush  0x60304c50       0x52 d:/nxp/mcuxpressoide_11.5.0_7232/ide/plugins/com.nxp.mcuxpresso.tools.win32_11.5.0.202107051138/tools/bin/../lib/gcc/arm-none-eabi/10.3.1/../../../../arm-none-eabi/lib/thumb/v7e-m+dp/hard\libcr_c.a(_fflush.o)
                0x60304c50                _fflush
 .text.fclose   0x60304ca2       0x58 d:/nxp/mcuxpressoide_11.5.0_7232/ide/plugins/com.nxp.mcuxpresso.tools.win32_11.5.0.202107051138/tools/bin/../lib/gcc/arm-none-eabi/10.3.1/../../../../arm-none-eabi/lib/thumb/v7e-m+dp/hard\libcr_c.a(fclose.o)
                0x60304ca2                fclose
 .text.remove   0x60304cfa       0x14 d:/nxp/mcuxpressoide_11.5.0_7232/ide/plugins/com.nxp.mcuxpresso.tools.win32_11.5.0.202107051138/tools/bin/../lib/gcc/arm-none-eabi/10.3.1/../../../../arm-none-eabi/lib/thumb/v7e-m+dp/hard\libcr_c.a(remove.o)
                0x60304cfa                remove
 .text._do_fflush
                0x60304d0e       0x40 d:/nxp/mcuxpressoide_11.5.0_7232/ide/plugins/com.nxp.mcuxpresso.tools.win32_11.5.0.202107051138/tools/bin/../lib/gcc/arm-none-eabi/10.3.1/../../../../arm-none-eabi/lib/thumb/v7e-m+dp/hard\libcr_c.a(_do_fflush.o)
                0x60304d0e                _do_fflush
 .text.__aeabi_division_uldivmod
                0x60304d4e      0x174 d:/nxp/mcuxpressoide_11.5.0_7232/ide/plugins/com.nxp.mcuxpresso.tools.win32_11.5.0.202107051138/tools/bin/../lib/gcc/arm-none-eabi/10.3.1/thumb/v7e-m+dp/hard\libcr_eabihelpers.a(division_64.o)
                0x60304d4e                __aeabi_uldivmod
                0x60304d52                __bhs_ldivmod1
 .text.__aeabi_division_idiv0
                0x60304ec2        0x2 d:/nxp/mcuxpressoide_11.5.0_7232/ide/plugins/com.nxp.mcuxpresso.tools.win32_11.5.0.202107051138/tools/bin/../lib/gcc/arm-none-eabi/10.3.1/thumb/v7e-m+dp/hard\libcr_eabihelpers.a(division_idiv0.o)
                0x60304ec2                __aeabi_idiv0
 .text.__aeabi_memset_lowlevel
                0x60304ec4       0x32 d:/nxp/mcuxpressoide_11.5.0_7232/ide/plugins/com.nxp.mcuxpresso.tools.win32_11.5.0.202107051138/tools/bin/../lib/gcc/arm-none-eabi/10.3.1/thumb/v7e-m+dp/hard\libcr_eabihelpers.a(memcpy.o)
                0x60304ec4                __aeabi_lowlevel_memset
 .text.__sys_close
                0x60304ef6        0x6 d:/nxp/mcuxpressoide_11.5.0_7232/ide/plugins/com.nxp.mcuxpresso.tools.win32_11.5.0.202107051138/tools/bin/../lib/gcc/arm-none-eabi/10.3.1/../../../../arm-none-eabi/lib/thumb/v7e-m+dp/hard\libcr_nohost_nf.a(__sys_close.o)
                0x60304ef6                __sys_close
 .text.__sys_flen
                0x60304efc        0x6 d:/nxp/mcuxpressoide_11.5.0_7232/ide/plugins/com.nxp.mcuxpresso.tools.win32_11.5.0.202107051138/tools/bin/../lib/gcc/arm-none-eabi/10.3.1/../../../../arm-none-eabi/lib/thumb/v7e-m+dp/hard\libcr_nohost_nf.a(__sys_flen.o)
                0x60304efc                __sys_flen
 .text.__sys_istty
                0x60304f02        0x6 d:/nxp/mcuxpressoide_11.5.0_7232/ide/plugins/com.nxp.mcuxpresso.tools.win32_11.5.0.202107051138/tools/bin/../lib/gcc/arm-none-eabi/10.3.1/../../../../arm-none-eabi/lib/thumb/v7e-m+dp/hard\libcr_nohost_nf.a(__sys_istty.o)
                0x60304f02                __sys_istty
 .text.__sys_remove
                0x60304f08        0x6 d:/nxp/mcuxpressoide_11.5.0_7232/ide/plugins/com.nxp.mcuxpresso.tools.win32_11.5.0.202107051138/tools/bin/../lib/gcc/arm-none-eabi/10.3.1/../../../../arm-none-eabi/lib/thumb/v7e-m+dp/hard\libcr_nohost_nf.a(__sys_remove.o)
                0x60304f08                __sys_remove
 .text.__sys_seek
                0x60304f0e        0x6 d:/nxp/mcuxpressoide_11.5.0_7232/ide/plugins/com.nxp.mcuxpresso.tools.win32_11.5.0.202107051138/tools/bin/../lib/gcc/arm-none-eabi/10.3.1/../../../../arm-none-eabi/lib/thumb/v7e-m+dp/hard\libcr_nohost_nf.a(__sys_seek.o)
                0x60304f0e                __sys_seek
 .text.__sys_tmpnam
                0x60304f14        0x6 d:/nxp/mcuxpressoide_11.5.0_7232/ide/plugins/com.nxp.mcuxpresso.tools.win32_11.5.0.202107051138/tools/bin/../lib/gcc/arm-none-eabi/10.3.1/../../../../arm-none-eabi/lib/thumb/v7e-m+dp/hard\libcr_nohost_nf.a(__sys_tmpnam.o)
                0x60304f14                __sys_tmpnam
 .text.__sys_write
                0x60304f1a        0x4 d:/nxp/mcuxpressoide_11.5.0_7232/ide/plugins/com.nxp.mcuxpresso.tools.win32_11.5.0.202107051138/tools/bin/../lib/gcc/arm-none-eabi/10.3.1/../../../../arm-none-eabi/lib/thumb/v7e-m+dp/hard\libcr_nohost_nf.a(__sys_write.o)
                0x60304f1a                __sys_write
 *(SORT_BY_ALIGNMENT(.rodata) SORT_BY_ALIGNMENT(.rodata.*) SORT_BY_ALIGNMENT(.constdata) SORT_BY_ALIGNMENT(.constdata.*))
 *fill*         0x60304f1e        0x2 ff
 .rodata.__assertion_failed.str1.4
                0x60304f20       0x14 ./utilities/fsl_assert.o
 .rodata.DbgConsole_SendDataReliable.str1.4
                0x60304f34       0x4d ./utilities/fsl_debug_console.o
 *fill*         0x60304f81        0x3 ff
 .rodata.DbgConsole_Init.str1.4
                0x60304f84       0xca ./utilities/fsl_debug_console.o
 *fill*         0x6030504e        0x2 ff
 .rodata.CLOCK_InitExternalClk.str1.4
                0x60305050       0x21 ./drivers/fsl_clock.o
 *fill*         0x60305071        0x3 ff
 .rodata.CLOCK_GetPllFreq.str1.4
                0x60305074       0x65 ./drivers/fsl_clock.o
 *fill*         0x603050d9        0x3 ff
 .rodata        0x603050dc       0x10 ./drivers/fsl_clock.o
 .rodata.FLEXRAM_SetTCMSize.str1.4
                0x603050ec       0xbf ./drivers/fsl_flexram_allocate.o
 *fill*         0x603051ab        0x1 ff
 .rodata.FLEXRAM_AllocateRam.str1.4
                0x603051ac       0x2c ./drivers/fsl_flexram_allocate.o
 .rodata.CLOCK_ControlGate.str1.4
                0x603051d8       0x20 ./drivers/fsl_gpio.o
 .rodata.s_gpioBases
                0x603051f8       0x28 ./drivers/fsl_gpio.o
 .rodata.s_gpioClock
                0x60305220        0xc ./drivers/fsl_gpio.o
 .rodata.GPIO_GetInstance.str1.4
                0x6030522c       0x33 ./drivers/fsl_gpio.o
 *fill*         0x6030525f        0x1 ff
 .rodata.GPIO_PinWrite.str1.4
                0x60305260       0x1b ./drivers/fsl_gpio.o
 .rodata.CLOCK_ControlGate.str1.4
                0x6030527b       0x20 ./drivers/fsl_lpuart.o
 *fill*         0x6030527b        0x1 ff
 .rodata.s_lpuartBases
                0x6030527c       0x24 ./drivers/fsl_lpuart.o
 .rodata.s_lpuartClock
                0x603052a0       0x12 ./drivers/fsl_lpuart.o
 *fill*         0x603052b2        0x2 ff
 .rodata.LPUART_GetInstance.str1.4
                0x603052b4       0x38 ./drivers/fsl_lpuart.o
 .rodata.LPUART_Init.str1.4
                0x603052ec      0x10b ./drivers/fsl_lpuart.o
 *fill*         0x603053f7        0x1 ff
 .rodata.LPUART_GetDefaultConfig.str1.4
                0x603053f8       0x22 ./drivers/fsl_lpuart.o
 *fill*         0x6030541a        0x2 ff
 .rodata.LPUART_WriteBlocking.str1.4
                0x6030541c       0x20 ./drivers/fsl_lpuart.o
 .rodata.s_LpuartAdapterBase
                0x6030543c       0x24 ./component/uart/lpuart_adapter.o
 .rodata.HAL_UartInit.str1.4
                0x60305460       0xdd ./component/uart/lpuart_adapter.o
 *fill*         0x6030553d        0x3 ff
 .rodata.HAL_UartSendBlocking.str1.4
                0x60305540       0x5a ./component/uart/lpuart_adapter.o
 *fill*         0x6030559a        0x2 ff
 .rodata.SerialManager_Write.str1.4
                0x6030559c       0x82 ./component/serial_manager/serial_manager.o
 *fill*         0x6030561e        0x2 ff
 .rodata.SerialManager_Init.str1.4
                0x60305620       0x44 ./component/serial_manager/serial_manager.o
 .rodata.SerialManager_OpenWriteHandle.str1.4
                0x60305664       0x4c ./component/serial_manager/serial_manager.o
 .rodata.SerialManager_OpenReadHandle.str1.4
                0x603056b0       0x4b ./component/serial_manager/serial_manager.o
 *fill*         0x603056fb        0x1 ff
 .rodata.Serial_UartInit.str1.4
                0x603056fc       0x4e ./component/serial_manager/serial_port_uart.o
 *fill*         0x6030574a        0x2 ff
 .rodata.Serial_UartWrite.str1.4
                0x6030574c       0x68 ./component/serial_manager/serial_port_uart.o
 .rodata.CLOCK_SetMux.str1.4
                0x603057b4       0x93 ./board/clock_config.o
 *fill*         0x60305847        0x1 ff
 .rodata.CLOCK_SetDiv.str1.4
                0x60305848       0x94 ./board/clock_config.o
 .rodata.CLOCK_ControlGate.str1.4
                0x603058dc       0x83 ./board/clock_config.o
 *fill*         0x6030595f        0x1 ff
 .rodata.armPllConfig_BOARD_BootClockRUN
                0x60305960        0x8 ./board/clock_config.o
                0x60305960                armPllConfig_BOARD_BootClockRUN
 .rodata.sysPllConfig_BOARD_BootClockRUN
                0x60305968       0x14 ./board/clock_config.o
                0x60305968                sysPllConfig_BOARD_BootClockRUN
 .rodata.enetPllConfig_BOARD_BootClockRUN
                0x6030597c        0x6 ./board/clock_config.o
                0x6030597c                enetPllConfig_BOARD_BootClockRUN
 .rodata.CLOCK_ControlGate.str1.4
                0x60305982       0x83 ./board/pin_mux.o
 *fill*         0x60305982        0x2 ff
 .rodata        0x60305984        0x3 ./board/pin_mux.o
 *fill*         0x60305987        0x1 ff
 .rodata.__num_Ciob_streams
                0x60305988        0x4 d:/nxp/mcuxpressoide_11.5.0_7232/ide/plugins/com.nxp.mcuxpresso.tools.win32_11.5.0.202107051138/tools/bin/../lib/gcc/arm-none-eabi/10.3.1/../../../../arm-none-eabi/lib/thumb/v7e-m+dp/hard\libcr_nohost_nf.a(__ciob.o)
                0x60305988                __num_Ciob_streams
 .rodata._initio.str1.1
                0x6030598c        0x4 d:/nxp/mcuxpressoide_11.5.0_7232/ide/plugins/com.nxp.mcuxpresso.tools.win32_11.5.0.202107051138/tools/bin/../lib/gcc/arm-none-eabi/10.3.1/../../../../arm-none-eabi/lib/thumb/v7e-m+dp/hard\libcr_c.a(initio.o)
                0x60305990                . = ALIGN (0x4)

.glue_7         0x60305990        0x0
 .glue_7        0x60305990        0x0 linker stubs

.glue_7t        0x60305990        0x0
 .glue_7t       0x60305990        0x0 linker stubs

.vfp11_veneer   0x60305990        0x0
 .vfp11_veneer  0x60305990        0x0 linker stubs

.v4_bx          0x60305990        0x0
 .v4_bx         0x60305990        0x0 linker stubs

.iplt           0x60305990        0x0
 .iplt          0x60305990        0x0 ./utilities/fsl_assert.o

.rel.dyn        0x60305990        0x0
 .rel.iplt      0x60305990        0x0 ./utilities/fsl_assert.o

.ARM.extab
 *(SORT_BY_ALIGNMENT(.ARM.extab*) SORT_BY_ALIGNMENT(.gnu.linkonce.armextab.*))

.ARM.exidx      0x60305990        0x0
                0x60305990                __exidx_start = .
 *(SORT_BY_ALIGNMENT(.ARM.exidx*) SORT_BY_ALIGNMENT(.gnu.linkonce.armexidx.*))
                0x60305990                __exidx_end = .
                0x60305990                _etext = .

.data_RAM2      0x00000000        0x0 load address 0x60305990
 FILL mask 0xff
                [!provide]                PROVIDE (__start_data_RAM2 = .)
                [!provide]                PROVIDE (__start_data_SRAM_ITC = .)
 *(SORT_BY_ALIGNMENT(.ramfunc.$RAM2))
 *(SORT_BY_ALIGNMENT(.ramfunc.$SRAM_ITC))
 *(SORT_BY_ALIGNMENT(.vectorTableRam))
 *(SORT_BY_ALIGNMENT(.data.$RAM2))
 *(SORT_BY_ALIGNMENT(.data.$SRAM_ITC))
 *(SORT_BY_ALIGNMENT(.data.$RAM2.*))
 *(SORT_BY_ALIGNMENT(.data.$SRAM_ITC.*))
                0x00000000                . = ALIGN (0x4)
                [!provide]                PROVIDE (__end_data_RAM2 = .)
                [!provide]                PROVIDE (__end_data_SRAM_ITC = .)

.data_RAM3      0x20200000        0x0 load address 0x60305990
 FILL mask 0xff
                [!provide]                PROVIDE (__start_data_RAM3 = .)
                [!provide]                PROVIDE (__start_data_SRAM_OC_NON_CACHEABLE = .)
 *(SORT_BY_ALIGNMENT(.ramfunc.$RAM3))
 *(SORT_BY_ALIGNMENT(.ramfunc.$SRAM_OC_NON_CACHEABLE))
 *(SORT_BY_ALIGNMENT(.data.$RAM3))
 *(SORT_BY_ALIGNMENT(.data.$SRAM_OC_NON_CACHEABLE))
 *(SORT_BY_ALIGNMENT(.data.$RAM3.*))
 *(SORT_BY_ALIGNMENT(.data.$SRAM_OC_NON_CACHEABLE.*))
                0x20200000                . = ALIGN (0x4)
                [!provide]                PROVIDE (__end_data_RAM3 = .)
                [!provide]                PROVIDE (__end_data_SRAM_OC_NON_CACHEABLE = .)

.data_RAM4      0x20240000        0x0 load address 0x60305990
 FILL mask 0xff
                [!provide]                PROVIDE (__start_data_RAM4 = .)
                [!provide]                PROVIDE (__start_data_SRAM_OC_CACHEABLE = .)
 *(SORT_BY_ALIGNMENT(.ramfunc.$RAM4))
 *(SORT_BY_ALIGNMENT(.ramfunc.$SRAM_OC_CACHEABLE))
 *(SORT_BY_ALIGNMENT(.data.$RAM4))
 *(SORT_BY_ALIGNMENT(.data.$SRAM_OC_CACHEABLE))
 *(SORT_BY_ALIGNMENT(.data.$RAM4.*))
 *(SORT_BY_ALIGNMENT(.data.$SRAM_OC_CACHEABLE.*))
                0x20240000                . = ALIGN (0x4)
                [!provide]                PROVIDE (__end_data_RAM4 = .)
                [!provide]                PROVIDE (__end_data_SRAM_OC_CACHEABLE = .)

.uninit_RESERVED
                0x20000000        0x0
                0x20000000                _start_uninit_RESERVED = .
 *(SORT_BY_ALIGNMENT(.bss.$RESERVED*))
                0x20000000                . = ALIGN (0x4)
                0x20000000                _end_uninit_RESERVED = .

.data           0x20000000        0x4 load address 0x60305990
 FILL mask 0xff
                0x20000000                _data = .
                [!provide]                PROVIDE (__start_data_RAM = .)
                [!provide]                PROVIDE (__start_data_SRAM_DTC = .)
 *(SORT_BY_ALIGNMENT(vtable))
 *(SORT_BY_ALIGNMENT(.ramfunc*))
 *(SORT_BY_ALIGNMENT(CodeQuickAccess))
 *(SORT_BY_ALIGNMENT(DataQuickAccess))
 *(SORT_BY_ALIGNMENT(RamFunction))
 *(SORT_BY_ALIGNMENT(NonCacheable.init))
 *(SORT_BY_ALIGNMENT(.data*))
 .data.SystemCoreClock
                0x20000000        0x4 ./device/system_MIMXRT106A.o
                0x20000000                SystemCoreClock
                0x20000004                . = ALIGN (0x4)
                0x20000004                _edata = .
                [!provide]                PROVIDE (__end_data_RAM = .)
                [!provide]                PROVIDE (__end_data_SRAM_DTC = .)

.igot.plt       0x20000004        0x0 load address 0x60305994
 .igot.plt      0x20000004        0x0 ./utilities/fsl_assert.o

.bss_RAM2       0x00000000        0x0
                [!provide]                PROVIDE (__start_bss_RAM2 = .)
                [!provide]                PROVIDE (__start_bss_SRAM_ITC = .)
 *(SORT_BY_ALIGNMENT(.bss.$RAM2))
 *(SORT_BY_ALIGNMENT(.bss.$SRAM_ITC))
 *(SORT_BY_ALIGNMENT(.bss.$RAM2.*))
 *(SORT_BY_ALIGNMENT(.bss.$SRAM_ITC.*))
                0x00000000                . = ALIGN ((. != 0x0)?0x4:0x1)
                [!provide]                PROVIDE (__end_bss_RAM2 = .)
                [!provide]                PROVIDE (__end_bss_SRAM_ITC = .)

.bss_RAM3       0x20200000        0x0
                [!provide]                PROVIDE (__start_bss_RAM3 = .)
                [!provide]                PROVIDE (__start_bss_SRAM_OC_NON_CACHEABLE = .)
 *(SORT_BY_ALIGNMENT(.bss.$RAM3))
 *(SORT_BY_ALIGNMENT(.bss.$SRAM_OC_NON_CACHEABLE))
 *(SORT_BY_ALIGNMENT(.bss.$RAM3.*))
 *(SORT_BY_ALIGNMENT(.bss.$SRAM_OC_NON_CACHEABLE.*))
                0x20200000                . = ALIGN ((. != 0x0)?0x4:0x1)
                [!provide]                PROVIDE (__end_bss_RAM3 = .)
                [!provide]                PROVIDE (__end_bss_SRAM_OC_NON_CACHEABLE = .)

.bss_RAM4       0x20240000        0x0
                [!provide]                PROVIDE (__start_bss_RAM4 = .)
                [!provide]                PROVIDE (__start_bss_SRAM_OC_CACHEABLE = .)
 *(SORT_BY_ALIGNMENT(.bss.$RAM4))
 *(SORT_BY_ALIGNMENT(.bss.$SRAM_OC_CACHEABLE))
 *(SORT_BY_ALIGNMENT(.bss.$RAM4.*))
 *(SORT_BY_ALIGNMENT(.bss.$SRAM_OC_CACHEABLE.*))
                0x20240000                . = ALIGN ((. != 0x0)?0x4:0x1)
                [!provide]                PROVIDE (__end_bss_RAM4 = .)
                [!provide]                PROVIDE (__end_bss_SRAM_OC_CACHEABLE = .)

.bss            0x20000004      0x120
                0x20000004                _bss = .
                [!provide]                PROVIDE (__start_bss_RAM = .)
                [!provide]                PROVIDE (__start_bss_SRAM_DTC = .)
 *(SORT_BY_ALIGNMENT(NonCacheable))
 *(SORT_BY_ALIGNMENT(.bss*))
 .bss.s_debugConsoleState
                0x20000004       0x1c ./utilities/fsl_debug_console.o
 .bss.g_serialHandle
                0x20000020        0x4 ./utilities/fsl_debug_console.o
                0x20000020                g_serialHandle
 .bss.g_systickCounter
                0x20000024        0x4 ./source/led_blinky.o
                0x20000024                g_systickCounter
 .bss.g_xtalFreq
                0x20000028        0x4 ./drivers/fsl_clock.o
                0x20000028                g_xtalFreq
 .bss.g_rtcXtalFreq
                0x2000002c        0x4 ./drivers/fsl_clock.o
                0x2000002c                g_rtcXtalFreq
 .bss.s_flexspiHandle
                0x20000030        0xc ./drivers/fsl_flexspi.o
 .bss.s_flexspiIsr
                0x2000003c        0x4 ./drivers/fsl_flexspi.o
 .bss.s_lpuartHandle
                0x20000040       0x24 ./drivers/fsl_lpuart.o
 .bss.s_lpuartIsr
                0x20000064        0x4 ./drivers/fsl_lpuart.o
 .bss.errno     0x20000068        0x4 d:/nxp/mcuxpressoide_11.5.0_7232/ide/plugins/com.nxp.mcuxpresso.tools.win32_11.5.0.202107051138/tools/bin/../lib/gcc/arm-none-eabi/10.3.1/../../../../arm-none-eabi/lib/thumb/v7e-m+dp/hard\libcr_c.a(errno.o)
                0x20000068                errno
 .bss.__Ciob    0x2000006c       0xb4 d:/nxp/mcuxpressoide_11.5.0_7232/ide/plugins/com.nxp.mcuxpresso.tools.win32_11.5.0.202107051138/tools/bin/../lib/gcc/arm-none-eabi/10.3.1/../../../../arm-none-eabi/lib/thumb/v7e-m+dp/hard\libcr_nohost_nf.a(__ciob.o)
                0x2000006c                __Ciob
 .bss.g_pinSet  0x20000120        0x1 ./source/led_blinky.o
                0x20000120                g_pinSet
 *(SORT_BY_ALIGNMENT(COMMON))
                0x20000124                . = ALIGN (0x4)
 *fill*         0x20000121        0x3 
                0x20000124                _ebss = .
                [!provide]                PROVIDE (__end_bss_RAM = .)
                [!provide]                PROVIDE (__end_bss_SRAM_DTC = .)
                [!provide]                PROVIDE (end = .)

.noinit_RAM2    0x00000000        0x0
                [!provide]                PROVIDE (__start_noinit_RAM2 = .)
                [!provide]                PROVIDE (__start_noinit_SRAM_ITC = .)
 *(SORT_BY_ALIGNMENT(.noinit.$RAM2))
 *(SORT_BY_ALIGNMENT(.noinit.$SRAM_ITC))
 *(SORT_BY_ALIGNMENT(.noinit.$RAM2.*))
 *(SORT_BY_ALIGNMENT(.noinit.$SRAM_ITC.*))
                0x00000000                . = ALIGN (0x4)
                [!provide]                PROVIDE (__end_noinit_RAM2 = .)
                [!provide]                PROVIDE (__end_noinit_SRAM_ITC = .)

.noinit_RAM3    0x20200000        0x0
                [!provide]                PROVIDE (__start_noinit_RAM3 = .)
                [!provide]                PROVIDE (__start_noinit_SRAM_OC_NON_CACHEABLE = .)
 *(SORT_BY_ALIGNMENT(.noinit.$RAM3))
 *(SORT_BY_ALIGNMENT(.noinit.$SRAM_OC_NON_CACHEABLE))
 *(SORT_BY_ALIGNMENT(.noinit.$RAM3.*))
 *(SORT_BY_ALIGNMENT(.noinit.$SRAM_OC_NON_CACHEABLE.*))
                0x20200000                . = ALIGN (0x4)
                [!provide]                PROVIDE (__end_noinit_RAM3 = .)
                [!provide]                PROVIDE (__end_noinit_SRAM_OC_NON_CACHEABLE = .)

.noinit_RAM4    0x20240000        0x0
                [!provide]                PROVIDE (__start_noinit_RAM4 = .)
                [!provide]                PROVIDE (__start_noinit_SRAM_OC_CACHEABLE = .)
 *(SORT_BY_ALIGNMENT(.noinit.$RAM4))
 *(SORT_BY_ALIGNMENT(.noinit.$SRAM_OC_CACHEABLE))
 *(SORT_BY_ALIGNMENT(.noinit.$RAM4.*))
 *(SORT_BY_ALIGNMENT(.noinit.$SRAM_OC_CACHEABLE.*))
                0x20240000                . = ALIGN (0x4)
                [!provide]                PROVIDE (__end_noinit_RAM4 = .)
                [!provide]                PROVIDE (__end_noinit_SRAM_OC_CACHEABLE = .)

.noinit         0x20000124        0x0
                0x20000124                _noinit = .
                [!provide]                PROVIDE (__start_noinit_RAM = .)
                [!provide]                PROVIDE (__start_noinit_SRAM_DTC = .)
 *(SORT_BY_ALIGNMENT(.noinit*))
                0x20000124                . = ALIGN (0x4)
                0x20000124                _end_noinit = .
                [!provide]                PROVIDE (__end_noinit_RAM = .)
                [!provide]                PROVIDE (__end_noinit_SRAM_DTC = .)
                0x00001000                _HeapSize = 0x1000

.heap           0x20000124     0x1000
                0x20000124                _pvHeapStart = .
                0x20001124                . = (. + _HeapSize)
 *fill*         0x20000124     0x1000 
                0x20001124                . = ALIGN (0x4)
                0x20001124                _pvHeapLimit = .
                0x00001000                _StackSize = 0x1000

.heap2stackfill
                0x20001124     0x1000
                0x20002124                . = (. + _StackSize)
 *fill*         0x20001124     0x1000 

.stack          0x20077000        0x0
                0x20077000                _vStackBase = .
                0x20077000                . = ALIGN (0x4)
                0x20078000                _vStackTop = (. + _StackSize)
                0x60300000                _image_start = LOADADDR (.text)
                0x60305994                _image_end = (LOADADDR (.data) + SIZEOF (.data))
                0x00005994                _image_size = (_image_end - _image_start)
OUTPUT(sln_alexa_iot_iled_blinky.axf elf32-littlearm)
LOAD linker stubs

.debug_info     0x00000000    0x10c93
 .debug_info    0x00000000       0xaa ./utilities/fsl_assert.o
 .debug_info    0x000000aa      0xa3b ./utilities/fsl_debug_console.o
 .debug_info    0x00000ae5      0xa8b ./utilities/fsl_str.o
 .debug_info    0x00001570     0x1413 ./startup/startup_mimxrt106a.o
 .debug_info    0x00002983      0xded ./source/led_blinky.o
 .debug_info    0x00003770       0x3c ./source/semihost_hardfault.o
 .debug_info    0x000037ac     0x1dde ./drivers/fsl_clock.o
 .debug_info    0x0000558a      0x4a6 ./drivers/fsl_flexram_allocate.o
 .debug_info    0x00005a30     0x20ce ./drivers/fsl_flexspi.o
 .debug_info    0x00007afe      0xc83 ./drivers/fsl_gpio.o
 .debug_info    0x00008781     0x230e ./drivers/fsl_lpuart.o
 .debug_info    0x0000aa8f      0xcf2 ./device/system_MIMXRT106A.o
 .debug_info    0x0000b781      0x9ee ./component/uart/lpuart_adapter.o
 .debug_info    0x0000c16f      0x85a ./component/serial_manager/serial_manager.o
 .debug_info    0x0000c9c9      0x503 ./component/serial_manager/serial_port_uart.o
 .debug_info    0x0000cecc     0x17f3 ./board/board.o
 .debug_info    0x0000e6bf     0x18e9 ./board/clock_config.o
 .debug_info    0x0000ffa8      0xceb ./board/pin_mux.o

.debug_abbrev   0x00000000     0x24ba
 .debug_abbrev  0x00000000       0x66 ./utilities/fsl_assert.o
 .debug_abbrev  0x00000066      0x1ec ./utilities/fsl_debug_console.o
 .debug_abbrev  0x00000252      0x214 ./utilities/fsl_str.o
 .debug_abbrev  0x00000466      0x292 ./startup/startup_mimxrt106a.o
 .debug_abbrev  0x000006f8      0x1cb ./source/led_blinky.o
 .debug_abbrev  0x000008c3       0x31 ./source/semihost_hardfault.o
 .debug_abbrev  0x000008f4      0x36c ./drivers/fsl_clock.o
 .debug_abbrev  0x00000c60      0x187 ./drivers/fsl_flexram_allocate.o
 .debug_abbrev  0x00000de7      0x342 ./drivers/fsl_flexspi.o
 .debug_abbrev  0x00001129      0x223 ./drivers/fsl_gpio.o
 .debug_abbrev  0x0000134c      0x322 ./drivers/fsl_lpuart.o
 .debug_abbrev  0x0000166e      0x19b ./device/system_MIMXRT106A.o
 .debug_abbrev  0x00001809      0x1af ./component/uart/lpuart_adapter.o
 .debug_abbrev  0x000019b8      0x205 ./component/serial_manager/serial_manager.o
 .debug_abbrev  0x00001bbd      0x127 ./component/serial_manager/serial_port_uart.o
 .debug_abbrev  0x00001ce4      0x3ed ./board/board.o
 .debug_abbrev  0x000020d1      0x1f9 ./board/clock_config.o
 .debug_abbrev  0x000022ca      0x1f0 ./board/pin_mux.o

.debug_aranges  0x00000000      0xeb0
 .debug_aranges
                0x00000000       0x20 ./utilities/fsl_assert.o
 .debug_aranges
                0x00000020       0x88 ./utilities/fsl_debug_console.o
 .debug_aranges
                0x000000a8       0xb0 ./utilities/fsl_str.o
 .debug_aranges
                0x00000158      0x578 ./startup/startup_mimxrt106a.o
 .debug_aranges
                0x000006d0       0x40 ./source/led_blinky.o
 .debug_aranges
                0x00000710       0x20 ./source/semihost_hardfault.o
 .debug_aranges
                0x00000730      0x170 ./drivers/fsl_clock.o
 .debug_aranges
                0x000008a0       0x38 ./drivers/fsl_flexram_allocate.o
 .debug_aranges
                0x000008d8       0xf0 ./drivers/fsl_flexspi.o
 .debug_aranges
                0x000009c8       0x50 ./drivers/fsl_gpio.o
 .debug_aranges
                0x00000a18      0x170 ./drivers/fsl_lpuart.o
 .debug_aranges
                0x00000b88       0x30 ./device/system_MIMXRT106A.o
 .debug_aranges
                0x00000bb8       0x50 ./component/uart/lpuart_adapter.o
 .debug_aranges
                0x00000c08       0x98 ./component/serial_manager/serial_manager.o
 .debug_aranges
                0x00000ca0       0x48 ./component/serial_manager/serial_port_uart.o
 .debug_aranges
                0x00000ce8       0xa8 ./board/board.o
 .debug_aranges
                0x00000d90       0x78 ./board/clock_config.o
 .debug_aranges
                0x00000e08       0xa8 ./board/pin_mux.o

.debug_ranges   0x00000000      0xda8
 .debug_ranges  0x00000000       0x10 ./utilities/fsl_assert.o
 .debug_ranges  0x00000010       0x78 ./utilities/fsl_debug_console.o
 .debug_ranges  0x00000088       0xa0 ./utilities/fsl_str.o
 .debug_ranges  0x00000128      0x580 ./startup/startup_mimxrt106a.o
 .debug_ranges  0x000006a8       0x30 ./source/led_blinky.o
 .debug_ranges  0x000006d8       0x10 ./source/semihost_hardfault.o
 .debug_ranges  0x000006e8      0x160 ./drivers/fsl_clock.o
 .debug_ranges  0x00000848       0x28 ./drivers/fsl_flexram_allocate.o
 .debug_ranges  0x00000870       0xe0 ./drivers/fsl_flexspi.o
 .debug_ranges  0x00000950       0x40 ./drivers/fsl_gpio.o
 .debug_ranges  0x00000990      0x160 ./drivers/fsl_lpuart.o
 .debug_ranges  0x00000af0       0x20 ./device/system_MIMXRT106A.o
 .debug_ranges  0x00000b10       0x40 ./component/uart/lpuart_adapter.o
 .debug_ranges  0x00000b50       0x88 ./component/serial_manager/serial_manager.o
 .debug_ranges  0x00000bd8       0x38 ./component/serial_manager/serial_port_uart.o
 .debug_ranges  0x00000c10       0x98 ./board/board.o
 .debug_ranges  0x00000ca8       0x68 ./board/clock_config.o
 .debug_ranges  0x00000d10       0x98 ./board/pin_mux.o

.debug_macro    0x00000000     0x1751
 .debug_macro   0x00000000      0x133 ./utilities/fsl_assert.o
 .debug_macro   0x00000133       0x1c ./utilities/fsl_assert.o
 .debug_macro   0x0000014f       0x2e ./utilities/fsl_assert.o
 .debug_macro   0x0000017d       0x2e ./utilities/fsl_assert.o
 .debug_macro   0x000001ab       0x47 ./utilities/fsl_assert.o
 .debug_macro   0x000001f2       0x2e ./utilities/fsl_assert.o
 .debug_macro   0x00000220      0x19f ./utilities/fsl_debug_console.o
 .debug_macro   0x000003bf       0x16 ./utilities/fsl_debug_console.o
 .debug_macro   0x000003d5       0x10 ./utilities/fsl_debug_console.o
 .debug_macro   0x000003e5       0x28 ./utilities/fsl_debug_console.o
 .debug_macro   0x0000040d       0x3b ./utilities/fsl_debug_console.o
 .debug_macro   0x00000448       0x34 ./utilities/fsl_debug_console.o
 .debug_macro   0x0000047c      0x128 ./utilities/fsl_str.o
 .debug_macro   0x000005a4       0xc4 ./utilities/fsl_str.o
 .debug_macro   0x00000668       0x1c ./utilities/fsl_str.o
 .debug_macro   0x00000684       0x41 ./utilities/fsl_str.o
 .debug_macro   0x000006c5      0x13b ./startup/startup_mimxrt106a.o
 .debug_macro   0x00000800      0x167 ./source/led_blinky.o
 .debug_macro   0x00000967       0x11 ./source/semihost_hardfault.o
 .debug_macro   0x00000978      0x103 ./drivers/fsl_clock.o
 .debug_macro   0x00000a7b      0x113 ./drivers/fsl_flexram_allocate.o
 .debug_macro   0x00000b8e      0x137 ./drivers/fsl_flexspi.o
 .debug_macro   0x00000cc5       0x16 ./drivers/fsl_flexspi.o
 .debug_macro   0x00000cdb       0x1c ./drivers/fsl_flexspi.o
 .debug_macro   0x00000cf7       0x16 ./drivers/fsl_flexspi.o
 .debug_macro   0x00000d0d      0x113 ./drivers/fsl_gpio.o
 .debug_macro   0x00000e20      0x112 ./drivers/fsl_lpuart.o
 .debug_macro   0x00000f32       0x10 ./drivers/fsl_lpuart.o
 .debug_macro   0x00000f42       0xa7 ./device/system_MIMXRT106A.o
 .debug_macro   0x00000fe9      0x10f ./component/uart/lpuart_adapter.o
 .debug_macro   0x000010f8       0x16 ./component/uart/lpuart_adapter.o
 .debug_macro   0x0000110e       0x2e ./component/uart/lpuart_adapter.o
 .debug_macro   0x0000113c      0x146 ./component/serial_manager/serial_manager.o
 .debug_macro   0x00001282      0x12e ./component/serial_manager/serial_port_uart.o
 .debug_macro   0x000013b0      0x173 ./board/board.o
 .debug_macro   0x00001523      0x115 ./board/clock_config.o
 .debug_macro   0x00001638      0x119 ./board/pin_mux.o

.debug_line     0x00000000     0xa165
 .debug_line    0x00000000      0x4d1 ./utilities/fsl_assert.o
 .debug_line    0x000004d1      0x86b ./utilities/fsl_debug_console.o
 .debug_line    0x00000d3c      0xaec ./utilities/fsl_str.o
 .debug_line    0x00001828     0x1470 ./startup/startup_mimxrt106a.o
 .debug_line    0x00002c98      0x531 ./source/led_blinky.o
 .debug_line    0x000031c9       0x59 ./source/semihost_hardfault.o
 .debug_line    0x00003222      0xf14 ./drivers/fsl_clock.o
 .debug_line    0x00004136      0x499 ./drivers/fsl_flexram_allocate.o
 .debug_line    0x000045cf      0xf9e ./drivers/fsl_flexspi.o
 .debug_line    0x0000556d      0x522 ./drivers/fsl_gpio.o
 .debug_line    0x00005a8f     0x12f3 ./drivers/fsl_lpuart.o
 .debug_line    0x00006d82      0x57b ./device/system_MIMXRT106A.o
 .debug_line    0x000072fd      0x53a ./component/uart/lpuart_adapter.o
 .debug_line    0x00007837      0x7ff ./component/serial_manager/serial_manager.o
 .debug_line    0x00008036      0x5c5 ./component/serial_manager/serial_port_uart.o
 .debug_line    0x000085fb      0xd26 ./board/board.o
 .debug_line    0x00009321      0x70e ./board/clock_config.o
 .debug_line    0x00009a2f      0x736 ./board/pin_mux.o

.debug_str      0x00000000   0x16dd55
 .debug_str     0x00000000   0x14fac0 ./utilities/fsl_assert.o
                             0x14fb54 (size before relaxing)
 .debug_str     0x0014fac0     0x12a8 ./utilities/fsl_debug_console.o
                             0x150e60 (size before relaxing)
 .debug_str     0x00150d68      0x831 ./utilities/fsl_str.o
                             0x14ff7c (size before relaxing)
 .debug_str     0x00151599     0x101a ./startup/startup_mimxrt106a.o
                             0x150e07 (size before relaxing)
 .debug_str     0x001525b3    0x16501 ./source/led_blinky.o
                             0x166319 (size before relaxing)
 .debug_str     0x00168ab4       0x1f ./source/semihost_hardfault.o
                               0x2eda (size before relaxing)
 .debug_str     0x00168ad3     0x10a2 ./drivers/fsl_clock.o
                             0x150ea5 (size before relaxing)
 .debug_str     0x00169b75      0x277 ./drivers/fsl_flexram_allocate.o
                             0x14f8d8 (size before relaxing)
 .debug_str     0x00169dec     0x1876 ./drivers/fsl_flexspi.o
                             0x15219c (size before relaxing)
 .debug_str     0x0016b662      0x1e7 ./drivers/fsl_gpio.o
                             0x1507b2 (size before relaxing)
 .debug_str     0x0016b849     0x10b1 ./drivers/fsl_lpuart.o
                             0x15212e (size before relaxing)
 .debug_str     0x0016c8fa       0xc7 ./device/system_MIMXRT106A.o
                             0x14e08a (size before relaxing)
 .debug_str     0x0016c9c1      0x2f9 ./component/uart/lpuart_adapter.o
                             0x1506b0 (size before relaxing)
 .debug_str     0x0016ccba      0x3cf ./component/serial_manager/serial_manager.o
                             0x150072 (size before relaxing)
 .debug_str     0x0016d089       0xed ./component/serial_manager/serial_port_uart.o
                             0x150055 (size before relaxing)
 .debug_str     0x0016d176      0x60c ./board/board.o
                             0x1668bb (size before relaxing)
 .debug_str     0x0016d782      0x39e ./board/clock_config.o
                             0x163eb5 (size before relaxing)
 .debug_str     0x0016db20      0x235 ./board/pin_mux.o
                             0x162c29 (size before relaxing)

.comment        0x00000000       0x49
 .comment       0x00000000       0x49 ./utilities/fsl_assert.o
                                 0x4a (size before relaxing)
 .comment       0x00000049       0x4a ./utilities/fsl_debug_console.o
 .comment       0x00000049       0x4a ./utilities/fsl_str.o
 .comment       0x00000049       0x4a ./startup/startup_mimxrt106a.o
 .comment       0x00000049       0x4a ./source/led_blinky.o
 .comment       0x00000049       0x4a ./source/semihost_hardfault.o
 .comment       0x00000049       0x4a ./drivers/fsl_clock.o
 .comment       0x00000049       0x4a ./drivers/fsl_flexram_allocate.o
 .comment       0x00000049       0x4a ./drivers/fsl_flexspi.o
 .comment       0x00000049       0x4a ./drivers/fsl_gpio.o
 .comment       0x00000049       0x4a ./drivers/fsl_lpuart.o
 .comment       0x00000049       0x4a ./device/system_MIMXRT106A.o
 .comment       0x00000049       0x4a ./component/uart/lpuart_adapter.o
 .comment       0x00000049       0x4a ./component/serial_manager/serial_manager.o
 .comment       0x00000049       0x4a ./component/serial_manager/serial_port_uart.o
 .comment       0x00000049       0x4a ./board/board.o
 .comment       0x00000049       0x4a ./board/clock_config.o
 .comment       0x00000049       0x4a ./board/pin_mux.o
 .comment       0x00000049       0x4a d:/nxp/mcuxpressoide_11.5.0_7232/ide/plugins/com.nxp.mcuxpresso.tools.win32_11.5.0.202107051138/tools/bin/../lib/gcc/arm-none-eabi/10.3.1/../../../../arm-none-eabi/lib/thumb/v7e-m+dp/hard\libcr_nohost_nf.a(_cr__main.o)
 .comment       0x00000049       0x4a d:/nxp/mcuxpressoide_11.5.0_7232/ide/plugins/com.nxp.mcuxpresso.tools.win32_11.5.0.202107051138/tools/bin/../lib/gcc/arm-none-eabi/10.3.1/../../../../arm-none-eabi/lib/thumb/v7e-m+dp/hard\libcr_c.a(memset.o)
 .comment       0x00000049       0x4a d:/nxp/mcuxpressoide_11.5.0_7232/ide/plugins/com.nxp.mcuxpresso.tools.win32_11.5.0.202107051138/tools/bin/../lib/gcc/arm-none-eabi/10.3.1/../../../../arm-none-eabi/lib/thumb/v7e-m+dp/hard\libcr_c.a(alloc.o)