../wiced/43xxx_BLE/wiced_bt/imxrt_port/wiced_rtos.c:324:13:timer_callback	8	static
../wiced/43xxx_BLE/wiced_bt/imxrt_port/wiced_rtos.c:90:16:wiced_rtos_create_thread	24	static
../wiced/43xxx_BLE/wiced_bt/imxrt_port/wiced_rtos.c:109:16:wiced_rtos_create_thread_with_stack	8	static
../wiced/43xxx_BLE/wiced_bt/imxrt_port/wiced_rtos.c:120:16:wiced_rtos_delete_thread	0	static
../wiced/43xxx_BLE/wiced_bt/imxrt_port/wiced_rtos.c:137:16:wiced_rtos_is_current_thread	8	static
../wiced/43xxx_BLE/wiced_bt/imxrt_port/wiced_rtos.c:149:7:wiced_rtos_get_current_thread	0	static
../wiced/43xxx_BLE/wiced_bt/imxrt_port/wiced_rtos.c:155:16:wiced_rtos_check_stack	0	static
../wiced/43xxx_BLE/wiced_bt/imxrt_port/wiced_rtos.c:162:16:wiced_rtos_thread_force_awake	8	static
../wiced/43xxx_BLE/wiced_bt/imxrt_port/wiced_rtos.c:169:16:wiced_time_get_time	8	static
../wiced/43xxx_BLE/wiced_bt/imxrt_port/wiced_rtos.c:175:16:wiced_time_set_time	8	static
../wiced/43xxx_BLE/wiced_bt/imxrt_port/wiced_rtos.c:181:16:wiced_rtos_init_mutex	8	static
../wiced/43xxx_BLE/wiced_bt/imxrt_port/wiced_rtos.c:195:16:wiced_rtos_lock_mutex	8	static
../wiced/43xxx_BLE/wiced_bt/imxrt_port/wiced_rtos.c:208:16:wiced_rtos_unlock_mutex	8	static
../wiced/43xxx_BLE/wiced_bt/imxrt_port/wiced_rtos.c:221:16:wiced_rtos_deinit_mutex	8	static
../wiced/43xxx_BLE/wiced_bt/imxrt_port/wiced_rtos.c:230:16:wiced_rtos_init_queue	0	static
../wiced/43xxx_BLE/wiced_bt/imxrt_port/wiced_rtos.c:241:16:wiced_rtos_push_to_queue	0	static
../wiced/43xxx_BLE/wiced_bt/imxrt_port/wiced_rtos.c:246:16:wiced_rtos_pop_from_queue	0	static
../wiced/43xxx_BLE/wiced_bt/imxrt_port/wiced_rtos.c:255:16:wiced_rtos_push_to_queue_front	8	static
../wiced/43xxx_BLE/wiced_bt/imxrt_port/wiced_rtos.c:265:16:wiced_rtos_get_queue_occupancy	0	static
../wiced/43xxx_BLE/wiced_bt/imxrt_port/wiced_rtos.c:272:16:wiced_rtos_deinit_queue	0	static
../wiced/43xxx_BLE/wiced_bt/imxrt_port/wiced_rtos.c:277:16:wiced_rtos_is_queue_empty	8	static
../wiced/43xxx_BLE/wiced_bt/imxrt_port/wiced_rtos.c:288:16:wiced_rtos_is_queue_full	8	static
../wiced/43xxx_BLE/wiced_bt/imxrt_port/wiced_rtos.c:299:16:wiced_rtos_init_semaphore	0	static
../wiced/43xxx_BLE/wiced_bt/imxrt_port/wiced_rtos.c:304:16:wiced_rtos_set_semaphore	8	static
../wiced/43xxx_BLE/wiced_bt/imxrt_port/wiced_rtos.c:309:16:wiced_rtos_get_semaphore	0	static
../wiced/43xxx_BLE/wiced_bt/imxrt_port/wiced_rtos.c:314:16:wiced_rtos_deinit_semaphore	0	static
../wiced/43xxx_BLE/wiced_bt/imxrt_port/wiced_rtos.c:319:16:wiced_rtos_delay_milliseconds	0	static
../wiced/43xxx_BLE/wiced_bt/imxrt_port/wiced_rtos.c:334:16:wiced_rtos_init_timer	24	static
../wiced/43xxx_BLE/wiced_bt/imxrt_port/wiced_rtos.c:351:16:wiced_rtos_start_timer	32	static
../wiced/43xxx_BLE/wiced_bt/imxrt_port/wiced_rtos.c:394:16:wiced_rtos_stop_timer	32	static
../wiced/43xxx_BLE/wiced_bt/imxrt_port/wiced_rtos.c:423:16:wiced_rtos_deinit_timer	24	static
../wiced/43xxx_BLE/wiced_bt/imxrt_port/wiced_rtos.c:440:16:wiced_rtos_is_timer_running	8	static
