../mbedtls/library/asn1write.c:42:5:mbedtls_asn1_write_len	8	static
../mbedtls/library/asn1write.c:106:5:mbedtls_asn1_write_tag	4	static
../mbedtls/library/asn1write.c:116:5:mbedtls_asn1_write_raw_buffer	8	static
../mbedtls/library/asn1write.c:132:5:mbedtls_asn1_write_mpi	24	static
../mbedtls/library/asn1write.c:169:5:mbedtls_asn1_write_null	4	static
../mbedtls/library/asn1write.c:182:5:mbedtls_asn1_write_oid	16	static
../mbedtls/library/asn1write.c:196:5:mbedtls_asn1_write_algorithm_identifier	16	static
../mbedtls/library/asn1write.c:217:5:mbedtls_asn1_write_bool	4	static
../mbedtls/library/asn1write.c:234:5:mbedtls_asn1_write_int	16	static
../mbedtls/library/asn1write.c:260:5:mbedtls_asn1_write_tagged_string	24	static
../mbedtls/library/asn1write.c:275:5:mbedtls_asn1_write_utf8_string	16	static
../mbedtls/library/asn1write.c:281:5:mbedtls_asn1_write_printable_string	16	static
../mbedtls/library/asn1write.c:287:5:mbedtls_asn1_write_ia5_string	16	static
../mbedtls/library/asn1write.c:293:5:mbedtls_asn1_write_bitstring	24	static
../mbedtls/library/asn1write.c:326:5:mbedtls_asn1_write_octet_string	16	static
../mbedtls/library/asn1write.c:361:26:mbedtls_asn1_store_named_data	32	static
