../mbedtls/library/ctr_drbg.c:653:12:ctr_drbg_self_test_entropy	16	static
../mbedtls/library/ctr_drbg.c:92:12:block_cipher_df	808	static
../mbedtls/library/ctr_drbg.c:217:12:ctr_drbg_update_internal	64	static
../mbedtls/library/ctr_drbg.c:56:6:mbedtls_ctr_drbg_init	8	static
../mbedtls/library/ctr_drbg.c:65:6:mbedtls_ctr_drbg_free	8	static
../mbedtls/library/ctr_drbg.c:77:6:mbedtls_ctr_drbg_set_prediction_resistance	0	static
../mbedtls/library/ctr_drbg.c:82:6:mbedtls_ctr_drbg_set_entropy_len	0	static
../mbedtls/library/ctr_drbg.c:87:6:mbedtls_ctr_drbg_set_reseed_interval	0	static
../mbedtls/library/ctr_drbg.c:272:5:mbedtls_ctr_drbg_update_ret	48	static
../mbedtls/library/ctr_drbg.c:293:6:mbedtls_ctr_drbg_update	40	static
../mbedtls/library/ctr_drbg.c:317:5:mbedtls_ctr_drbg_reseed	408	static
../mbedtls/library/ctr_drbg.c:379:5:mbedtls_ctr_drbg_seed	40	static
../mbedtls/library/ctr_drbg.c:415:5:mbedtls_ctr_drbg_seed_entropy_len	4	static
../mbedtls/library/ctr_drbg.c:444:5:mbedtls_ctr_drbg_random_with_add	88	static
../mbedtls/library/ctr_drbg.c:518:5:mbedtls_ctr_drbg_random	32	static
../mbedtls/library/ctr_drbg.c:672:5:mbedtls_ctr_drbg_self_test	376	static
