../mbedtls/library/ecdh.c:110:12:ecdh_compute_shared_restartable.constprop	80	static
../mbedtls/library/ecdh.c:94:5:mbedtls_ecdh_gen_public	40	static
../mbedtls/library/ecdh.c:142:5:mbedtls_ecdh_compute_shared	0	static
../mbedtls/library/ecdh.c:172:6:mbedtls_ecdh_init	8	static
../mbedtls/library/ecdh.c:209:5:mbedtls_ecdh_setup	8	static
../mbedtls/library/ecdh.c:256:6:mbedtls_ecdh_free	8	static
../mbedtls/library/ecdh.c:340:5:mbedtls_ecdh_make_params	64	static
../mbedtls/library/ecdh.c:389:5:mbedtls_ecdh_read_params	24	static
../mbedtls/library/ecdh.c:445:5:mbedtls_ecdh_get_params	16	static
../mbedtls/library/ecdh.c:526:5:mbedtls_ecdh_make_public	64	static
../mbedtls/library/ecdh.c:577:5:mbedtls_ecdh_read_public	24	static
../mbedtls/library/ecdh.c:646:5:mbedtls_ecdh_calc_secret	32	static
