../mbedtls/library/ecjpake.c:974:12:ecjpake_lgc	32	static
../mbedtls/library/ecjpake.c:156:12:ecjpake_write_len_point	32	static
../mbedtls/library/ecjpake.c:193:12:ecjpake_hash	424	static
../mbedtls/library/ecjpake.c:315:12:ecjpake_zkp_write	112	static
../mbedtls/library/ecjpake.c:413:12:ecjpake_kkp_write	80	static
../mbedtls/library/ecjpake.c:551:12:ecjpake_ecp_add3	48	static
../mbedtls/library/ecjpake.c:635:12:ecjpake_mul_secret	40	static
../mbedtls/library/ecjpake.c:376:12:ecjpake_kkp_read	160	static
../mbedtls/library/ecjpake.c:84:6:mbedtls_ecjpake_free.part.0	8	static
../mbedtls/library/ecjpake.c:955:12:ecjpake_test_load.constprop	40	static
../mbedtls/library/ecjpake.c:62:6:mbedtls_ecjpake_init	16	static
../mbedtls/library/ecjpake.c:84:6:mbedtls_ecjpake_free	0	static
../mbedtls/library/ecjpake.c:106:5:mbedtls_ecjpake_setup	16	static
../mbedtls/library/ecjpake.c:139:5:mbedtls_ecjpake_check	0	static
../mbedtls/library/ecjpake.c:516:5:mbedtls_ecjpake_read_round_one	56	static
../mbedtls/library/ecjpake.c:532:5:mbedtls_ecjpake_write_round_one	80	static
../mbedtls/library/ecjpake.c:574:5:mbedtls_ecjpake_read_round_two	216	static
../mbedtls/library/ecjpake.c:666:5:mbedtls_ecjpake_write_round_two	160	static
../mbedtls/library/ecjpake.c:748:5:mbedtls_ecjpake_derive_secret	160	static
../mbedtls/library/ecjpake.c:1005:5:mbedtls_ecjpake_self_test	1288	static
