../mbedtls/library/rsa.c:1911:12:rsa_rsassa_pkcs1_v15_encode	40	static
../mbedtls/library/rsa.c:2567:12:myrand	16	static
../mbedtls/library/rsa.c:2494:6:mbedtls_rsa_free.part.0	8	static
../mbedtls/library/rsa.c:160:12:rsa_check_context.constprop	24	static
../mbedtls/library/rsa.c:96:5:mbedtls_rsa_import	24	static
../mbedtls/library/rsa.c:119:5:mbedtls_rsa_import_raw	16	static
../mbedtls/library/rsa.c:248:5:mbedtls_rsa_complete	88	static
../mbedtls/library/rsa.c:352:5:mbedtls_rsa_export_raw	72	static
../mbedtls/library/rsa.c:400:5:mbedtls_rsa_export	48	static
../mbedtls/library/rsa.c:445:5:mbedtls_rsa_export_crt	24	static
../mbedtls/library/rsa.c:485:6:mbedtls_rsa_init	16	static
../mbedtls/library/rsa.c:505:6:mbedtls_rsa_set_padding	0	static
../mbedtls/library/rsa.c:520:8:mbedtls_rsa_get_len	0	static
../mbedtls/library/rsa.c:648:5:mbedtls_rsa_check_pubkey	16	static
../mbedtls/library/rsa.c:673:5:mbedtls_rsa_check_privkey	40	static
../mbedtls/library/rsa.c:534:5:mbedtls_rsa_gen_key	104	static
../mbedtls/library/rsa.c:703:5:mbedtls_rsa_check_pub_priv	16	static
../mbedtls/library/rsa.c:728:5:mbedtls_rsa_public	48	static
../mbedtls/library/rsa.c:841:5:mbedtls_rsa_private	192	static
../mbedtls/library/rsa.c:1218:5:mbedtls_rsa_rsaes_pkcs1_v15_encrypt	48	static
../mbedtls/library/rsa.c:1289:5:mbedtls_rsa_pkcs1_encrypt	16	static
../mbedtls/library/rsa.c:1562:5:mbedtls_rsa_rsaes_pkcs1_v15_decrypt	568	static
../mbedtls/library/rsa.c:1728:5:mbedtls_rsa_pkcs1_decrypt	16	static
../mbedtls/library/rsa.c:2026:5:mbedtls_rsa_rsassa_pkcs1_v15_sign	40	static
../mbedtls/library/rsa.c:2106:5:mbedtls_rsa_pkcs1_sign	16	static
../mbedtls/library/rsa.c:2330:5:mbedtls_rsa_rsassa_pkcs1_v15_verify	48	static
../mbedtls/library/rsa.c:2413:5:mbedtls_rsa_pkcs1_verify	16	static
../mbedtls/library/rsa.c:2452:5:mbedtls_rsa_copy	16	static
../mbedtls/library/rsa.c:2494:6:mbedtls_rsa_free	0	static
../mbedtls/library/rsa.c:2591:5:mbedtls_rsa_self_test	432	static
