09:25:05 **** Build of configuration Debug for project sln_alexa_iot_iled_blinky ****
make -r -j8 all 
Building file: ../xip/fsl_flexspi_nor_boot.c
Building file: ../utilities/fsl_debug_console.c
Building file: ../utilities/fsl_assert.c
Building file: ../source/led_blinky.c
Building file: ../startup/startup_mimxrt106a.c
Building file: ../utilities/fsl_str.c
Building file: ../xip/sln_alexa_iot_flexspi_nor_config.c
Building file: ../source/semihost_hardfault.c
Invoking: MCU C Compiler
Invoking: MCU C Compiler
Invoking: MCU C Compiler
Invoking: MCU C Compiler
Invoking: MCU C Compiler
arm-none-eabi-gcc -std=gnu99 -DCPU_MIMXRT106ADVL6A -DCPU_MIMXRT106ADVL6A_cm7 -DSDK_DEBUGCONSOLE=1 -DPRINTF_FLOAT_ENABLE=0 -DSCANF_FLOAT_ENABLE=0 -DPRINTF_ADVANCED_ENABLE=0 -DSCANF_ADVANCED_ENABLE=0 -DXIP_EXTERNAL_FLASH=1 -DXIP_BOOT_HEADER_ENABLE=1 -DXIP_BOOT_HEADER_DCD_ENABLE=1 -DCONFIG_FLEXRAM_AT_STARTUP=1 -DSERIAL_PORT_TYPE_UART=1 -DCR_INTEGER_PRINTF -D__MCUXPRESSO -D__USE_CMSIS -DDEBUG -D__REDLIB__ -I"C:\Users\amos.zhou\Documents\MCUXpressoIDE_11.5.0_7232\workspace\sln_alexa_iot_iled_blinky\board" -I"C:\Users\amos.zhou\Documents\MCUXpressoIDE_11.5.0_7232\workspace\sln_alexa_iot_iled_blinky\source" -I"C:\Users\amos.zhou\Documents\MCUXpressoIDE_11.5.0_7232\workspace\sln_alexa_iot_iled_blinky" -I"C:\Users\amos.zhou\Documents\MCUXpressoIDE_11.5.0_7232\workspace\sln_alexa_iot_iled_blinky\drivers" -I"C:\Users\amos.zhou\Documents\MCUXpressoIDE_11.5.0_7232\workspace\sln_alexa_iot_iled_blinky\device" -I"C:\Users\amos.zhou\Documents\MCUXpressoIDE_11.5.0_7232\workspace\sln_alexa_iot_iled_blinky\utilities" -I"C:\Users\amos.zhou\Documents\MCUXpressoIDE_11.5.0_7232\workspace\sln_alexa_iot_iled_blinky\component\uart" -I"C:\Users\amos.zhou\Documents\MCUXpressoIDE_11.5.0_7232\workspace\sln_alexa_iot_iled_blinky\component\serial_manager" -I"C:\Users\amos.zhou\Documents\MCUXpressoIDE_11.5.0_7232\workspace\sln_alexa_iot_iled_blinky\component\lists" -I"C:\Users\amos.zhou\Documents\MCUXpressoIDE_11.5.0_7232\workspace\sln_alexa_iot_iled_blinky\xip" -I"C:\Users\amos.zhou\Documents\MCUXpressoIDE_11.5.0_7232\workspace\sln_alexa_iot_iled_blinky\CMSIS" -O0 -fno-common -g3 -Wall -c  -ffunction-sections  -fdata-sections  -ffreestanding  -fno-builtin -fmerge-constants -fmacro-prefix-map="../xip/"= -mcpu=cortex-m7 -mfpu=fpv5-d16 -mfloat-abi=hard -mthumb -D__REDLIB__ -fstack-usage -specs=redlib.specs -MMD -MP -MF"xip/fsl_flexspi_nor_boot.d" -MT"xip/fsl_flexspi_nor_boot.o" -MT"xip/fsl_flexspi_nor_boot.d" -o "xip/fsl_flexspi_nor_boot.o" "../xip/fsl_flexspi_nor_boot.c"
arm-none-eabi-gcc -std=gnu99 -DCPU_MIMXRT106ADVL6A -DCPU_MIMXRT106ADVL6A_cm7 -DSDK_DEBUGCONSOLE=1 -DPRINTF_FLOAT_ENABLE=0 -DSCANF_FLOAT_ENABLE=0 -DPRINTF_ADVANCED_ENABLE=0 -DSCANF_ADVANCED_ENABLE=0 -DXIP_EXTERNAL_FLASH=1 -DXIP_BOOT_HEADER_ENABLE=1 -DXIP_BOOT_HEADER_DCD_ENABLE=1 -DCONFIG_FLEXRAM_AT_STARTUP=1 -DSERIAL_PORT_TYPE_UART=1 -DCR_INTEGER_PRINTF -D__MCUXPRESSO -D__USE_CMSIS -DDEBUG -D__REDLIB__ -I"C:\Users\amos.zhou\Documents\MCUXpressoIDE_11.5.0_7232\workspace\sln_alexa_iot_iled_blinky\board" -I"C:\Users\amos.zhou\Documents\MCUXpressoIDE_11.5.0_7232\workspace\sln_alexa_iot_iled_blinky\source" -I"C:\Users\amos.zhou\Documents\MCUXpressoIDE_11.5.0_7232\workspace\sln_alexa_iot_iled_blinky" -I"C:\Users\amos.zhou\Documents\MCUXpressoIDE_11.5.0_7232\workspace\sln_alexa_iot_iled_blinky\drivers" -I"C:\Users\amos.zhou\Documents\MCUXpressoIDE_11.5.0_7232\workspace\sln_alexa_iot_iled_blinky\device" -I"C:\Users\amos.zhou\Documents\MCUXpressoIDE_11.5.0_7232\workspace\sln_alexa_iot_iled_blinky\utilities" -I"C:\Users\amos.zhou\Documents\MCUXpressoIDE_11.5.0_7232\workspace\sln_alexa_iot_iled_blinky\component\uart" -I"C:\Users\amos.zhou\Documents\MCUXpressoIDE_11.5.0_7232\workspace\sln_alexa_iot_iled_blinky\component\serial_manager" -I"C:\Users\amos.zhou\Documents\MCUXpressoIDE_11.5.0_7232\workspace\sln_alexa_iot_iled_blinky\component\lists" -I"C:\Users\amos.zhou\Documents\MCUXpressoIDE_11.5.0_7232\workspace\sln_alexa_iot_iled_blinky\xip" -I"C:\Users\amos.zhou\Documents\MCUXpressoIDE_11.5.0_7232\workspace\sln_alexa_iot_iled_blinky\CMSIS" -O0 -fno-common -g3 -Wall -c  -ffunction-sections  -fdata-sections  -ffreestanding  -fno-builtin -fmerge-constants -fmacro-prefix-map="../utilities/"= -mcpu=cortex-m7 -mfpu=fpv5-d16 -mfloat-abi=hard -mthumb -D__REDLIB__ -fstack-usage -specs=redlib.specs -MMD -MP -MF"utilities/fsl_debug_console.d" -MT"utilities/fsl_debug_console.o" -MT"utilities/fsl_debug_console.d" -o "utilities/fsl_debug_console.o" "../utilities/fsl_debug_console.c"
Invoking: MCU C Compiler
Invoking: MCU C Compiler
Invoking: MCU C Compiler
arm-none-eabi-gcc -std=gnu99 -DCPU_MIMXRT106ADVL6A -DCPU_MIMXRT106ADVL6A_cm7 -DSDK_DEBUGCONSOLE=1 -DPRINTF_FLOAT_ENABLE=0 -DSCANF_FLOAT_ENABLE=0 -DPRINTF_ADVANCED_ENABLE=0 -DSCANF_ADVANCED_ENABLE=0 -DXIP_EXTERNAL_FLASH=1 -DXIP_BOOT_HEADER_ENABLE=1 -DXIP_BOOT_HEADER_DCD_ENABLE=1 -DCONFIG_FLEXRAM_AT_STARTUP=1 -DSERIAL_PORT_TYPE_UART=1 -DCR_INTEGER_PRINTF -D__MCUXPRESSO -D__USE_CMSIS -DDEBUG -D__REDLIB__ -I"C:\Users\amos.zhou\Documents\MCUXpressoIDE_11.5.0_7232\workspace\sln_alexa_iot_iled_blinky\board" -I"C:\Users\amos.zhou\Documents\MCUXpressoIDE_11.5.0_7232\workspace\sln_alexa_iot_iled_blinky\source" -I"C:\Users\amos.zhou\Documents\MCUXpressoIDE_11.5.0_7232\workspace\sln_alexa_iot_iled_blinky" -I"C:\Users\amos.zhou\Documents\MCUXpressoIDE_11.5.0_7232\workspace\sln_alexa_iot_iled_blinky\drivers" -I"C:\Users\amos.zhou\Documents\MCUXpressoIDE_11.5.0_7232\workspace\sln_alexa_iot_iled_blinky\device" -I"C:\Users\amos.zhou\Documents\MCUXpressoIDE_11.5.0_7232\workspace\sln_alexa_iot_iled_blinky\utilities" -I"C:\Users\amos.zhou\Documents\MCUXpressoIDE_11.5.0_7232\workspace\sln_alexa_iot_iled_blinky\component\uart" -I"C:\Users\amos.zhou\Documents\MCUXpressoIDE_11.5.0_7232\workspace\sln_alexa_iot_iled_blinky\component\serial_manager" -I"C:\Users\amos.zhou\Documents\MCUXpressoIDE_11.5.0_7232\workspace\sln_alexa_iot_iled_blinky\component\lists" -I"C:\Users\amos.zhou\Documents\MCUXpressoIDE_11.5.0_7232\workspace\sln_alexa_iot_iled_blinky\xip" -I"C:\Users\amos.zhou\Documents\MCUXpressoIDE_11.5.0_7232\workspace\sln_alexa_iot_iled_blinky\CMSIS" -O0 -fno-common -g3 -Wall -c  -ffunction-sections  -fdata-sections  -ffreestanding  -fno-builtin -fmerge-constants -fmacro-prefix-map="../startup/"= -mcpu=cortex-m7 -mfpu=fpv5-d16 -mfloat-abi=hard -mthumb -D__REDLIB__ -fstack-usage -specs=redlib.specs -MMD -MP -MF"startup/startup_mimxrt106a.d" -MT"startup/startup_mimxrt106a.o" -MT"startup/startup_mimxrt106a.d" -o "startup/startup_mimxrt106a.o" "../startup/startup_mimxrt106a.c"
arm-none-eabi-gcc -std=gnu99 -DCPU_MIMXRT106ADVL6A -DCPU_MIMXRT106ADVL6A_cm7 -DSDK_DEBUGCONSOLE=1 -DPRINTF_FLOAT_ENABLE=0 -DSCANF_FLOAT_ENABLE=0 -DPRINTF_ADVANCED_ENABLE=0 -DSCANF_ADVANCED_ENABLE=0 -DXIP_EXTERNAL_FLASH=1 -DXIP_BOOT_HEADER_ENABLE=1 -DXIP_BOOT_HEADER_DCD_ENABLE=1 -DCONFIG_FLEXRAM_AT_STARTUP=1 -DSERIAL_PORT_TYPE_UART=1 -DCR_INTEGER_PRINTF -D__MCUXPRESSO -D__USE_CMSIS -DDEBUG -D__REDLIB__ -I"C:\Users\amos.zhou\Documents\MCUXpressoIDE_11.5.0_7232\workspace\sln_alexa_iot_iled_blinky\board" -I"C:\Users\amos.zhou\Documents\MCUXpressoIDE_11.5.0_7232\workspace\sln_alexa_iot_iled_blinky\source" -I"C:\Users\amos.zhou\Documents\MCUXpressoIDE_11.5.0_7232\workspace\sln_alexa_iot_iled_blinky" -I"C:\Users\amos.zhou\Documents\MCUXpressoIDE_11.5.0_7232\workspace\sln_alexa_iot_iled_blinky\drivers" -I"C:\Users\amos.zhou\Documents\MCUXpressoIDE_11.5.0_7232\workspace\sln_alexa_iot_iled_blinky\device" -I"C:\Users\amos.zhou\Documents\MCUXpressoIDE_11.5.0_7232\workspace\sln_alexa_iot_iled_blinky\utilities" -I"C:\Users\amos.zhou\Documents\MCUXpressoIDE_11.5.0_7232\workspace\sln_alexa_iot_iled_blinky\component\uart" -I"C:\Users\amos.zhou\Documents\MCUXpressoIDE_11.5.0_7232\workspace\sln_alexa_iot_iled_blinky\component\serial_manager" -I"C:\Users\amos.zhou\Documents\MCUXpressoIDE_11.5.0_7232\workspace\sln_alexa_iot_iled_blinky\component\lists" -I"C:\Users\amos.zhou\Documents\MCUXpressoIDE_11.5.0_7232\workspace\sln_alexa_iot_iled_blinky\xip" -I"C:\Users\amos.zhou\Documents\MCUXpressoIDE_11.5.0_7232\workspace\sln_alexa_iot_iled_blinky\CMSIS" -O0 -fno-common -g3 -Wall -c  -ffunction-sections  -fdata-sections  -ffreestanding  -fno-builtin -fmerge-constants -fmacro-prefix-map="../utilities/"= -mcpu=cortex-m7 -mfpu=fpv5-d16 -mfloat-abi=hard -mthumb -D__REDLIB__ -fstack-usage -specs=redlib.specs -MMD -MP -MF"utilities/fsl_assert.d" -MT"utilities/fsl_assert.o" -MT"utilities/fsl_assert.d" -o "utilities/fsl_assert.o" "../utilities/fsl_assert.c"
arm-none-eabi-gcc -std=gnu99 -DCPU_MIMXRT106ADVL6A -DCPU_MIMXRT106ADVL6A_cm7 -DSDK_DEBUGCONSOLE=1 -DPRINTF_FLOAT_ENABLE=0 -DSCANF_FLOAT_ENABLE=0 -DPRINTF_ADVANCED_ENABLE=0 -DSCANF_ADVANCED_ENABLE=0 -DXIP_EXTERNAL_FLASH=1 -DXIP_BOOT_HEADER_ENABLE=1 -DXIP_BOOT_HEADER_DCD_ENABLE=1 -DCONFIG_FLEXRAM_AT_STARTUP=1 -DSERIAL_PORT_TYPE_UART=1 -DCR_INTEGER_PRINTF -D__MCUXPRESSO -D__USE_CMSIS -DDEBUG -D__REDLIB__ -I"C:\Users\amos.zhou\Documents\MCUXpressoIDE_11.5.0_7232\workspace\sln_alexa_iot_iled_blinky\board" -I"C:\Users\amos.zhou\Documents\MCUXpressoIDE_11.5.0_7232\workspace\sln_alexa_iot_iled_blinky\source" -I"C:\Users\amos.zhou\Documents\MCUXpressoIDE_11.5.0_7232\workspace\sln_alexa_iot_iled_blinky" -I"C:\Users\amos.zhou\Documents\MCUXpressoIDE_11.5.0_7232\workspace\sln_alexa_iot_iled_blinky\drivers" -I"C:\Users\amos.zhou\Documents\MCUXpressoIDE_11.5.0_7232\workspace\sln_alexa_iot_iled_blinky\device" -I"C:\Users\amos.zhou\Documents\MCUXpressoIDE_11.5.0_7232\workspace\sln_alexa_iot_iled_blinky\utilities" -I"C:\Users\amos.zhou\Documents\MCUXpressoIDE_11.5.0_7232\workspace\sln_alexa_iot_iled_blinky\component\uart" -I"C:\Users\amos.zhou\Documents\MCUXpressoIDE_11.5.0_7232\workspace\sln_alexa_iot_iled_blinky\component\serial_manager" -I"C:\Users\amos.zhou\Documents\MCUXpressoIDE_11.5.0_7232\workspace\sln_alexa_iot_iled_blinky\component\lists" -I"C:\Users\amos.zhou\Documents\MCUXpressoIDE_11.5.0_7232\workspace\sln_alexa_iot_iled_blinky\xip" -I"C:\Users\amos.zhou\Documents\MCUXpressoIDE_11.5.0_7232\workspace\sln_alexa_iot_iled_blinky\CMSIS" -O0 -fno-common -g3 -Wall -c  -ffunction-sections  -fdata-sections  -ffreestanding  -fno-builtin -fmerge-constants -fmacro-prefix-map="../xip/"= -mcpu=cortex-m7 -mfpu=fpv5-d16 -mfloat-abi=hard -mthumb -D__REDLIB__ -fstack-usage -specs=redlib.specs -MMD -MP -MF"xip/sln_alexa_iot_flexspi_nor_config.d" -MT"xip/sln_alexa_iot_flexspi_nor_config.o" -MT"xip/sln_alexa_iot_flexspi_nor_config.d" -o "xip/sln_alexa_iot_flexspi_nor_config.o" "../xip/sln_alexa_iot_flexspi_nor_config.c"
arm-none-eabi-gcc -std=gnu99 -DCPU_MIMXRT106ADVL6A -DCPU_MIMXRT106ADVL6A_cm7 -DSDK_DEBUGCONSOLE=1 -DPRINTF_FLOAT_ENABLE=0 -DSCANF_FLOAT_ENABLE=0 -DPRINTF_ADVANCED_ENABLE=0 -DSCANF_ADVANCED_ENABLE=0 -DXIP_EXTERNAL_FLASH=1 -DXIP_BOOT_HEADER_ENABLE=1 -DXIP_BOOT_HEADER_DCD_ENABLE=1 -DCONFIG_FLEXRAM_AT_STARTUP=1 -DSERIAL_PORT_TYPE_UART=1 -DCR_INTEGER_PRINTF -D__MCUXPRESSO -D__USE_CMSIS -DDEBUG -D__REDLIB__ -I"C:\Users\amos.zhou\Documents\MCUXpressoIDE_11.5.0_7232\workspace\sln_alexa_iot_iled_blinky\board" -I"C:\Users\amos.zhou\Documents\MCUXpressoIDE_11.5.0_7232\workspace\sln_alexa_iot_iled_blinky\source" -I"C:\Users\amos.zhou\Documents\MCUXpressoIDE_11.5.0_7232\workspace\sln_alexa_iot_iled_blinky" -I"C:\Users\amos.zhou\Documents\MCUXpressoIDE_11.5.0_7232\workspace\sln_alexa_iot_iled_blinky\drivers" -I"C:\Users\amos.zhou\Documents\MCUXpressoIDE_11.5.0_7232\workspace\sln_alexa_iot_iled_blinky\device" -I"C:\Users\amos.zhou\Documents\MCUXpressoIDE_11.5.0_7232\workspace\sln_alexa_iot_iled_blinky\utilities" -I"C:\Users\amos.zhou\Documents\MCUXpressoIDE_11.5.0_7232\workspace\sln_alexa_iot_iled_blinky\component\uart" -I"C:\Users\amos.zhou\Documents\MCUXpressoIDE_11.5.0_7232\workspace\sln_alexa_iot_iled_blinky\component\serial_manager" -I"C:\Users\amos.zhou\Documents\MCUXpressoIDE_11.5.0_7232\workspace\sln_alexa_iot_iled_blinky\component\lists" -I"C:\Users\amos.zhou\Documents\MCUXpressoIDE_11.5.0_7232\workspace\sln_alexa_iot_iled_blinky\xip" -I"C:\Users\amos.zhou\Documents\MCUXpressoIDE_11.5.0_7232\workspace\sln_alexa_iot_iled_blinky\CMSIS" -O0 -fno-common -g3 -Wall -c  -ffunction-sections  -fdata-sections  -ffreestanding  -fno-builtin -fmerge-constants -fmacro-prefix-map="../source/"= -mcpu=cortex-m7 -mfpu=fpv5-d16 -mfloat-abi=hard -mthumb -D__REDLIB__ -fstack-usage -specs=redlib.specs -MMD -MP -MF"source/led_blinky.d" -MT"source/led_blinky.o" -MT"source/led_blinky.d" -o "source/led_blinky.o" "../source/led_blinky.c"
arm-none-eabi-gcc -std=gnu99 -DCPU_MIMXRT106ADVL6A -DCPU_MIMXRT106ADVL6A_cm7 -DSDK_DEBUGCONSOLE=1 -DPRINTF_FLOAT_ENABLE=0 -DSCANF_FLOAT_ENABLE=0 -DPRINTF_ADVANCED_ENABLE=0 -DSCANF_ADVANCED_ENABLE=0 -DXIP_EXTERNAL_FLASH=1 -DXIP_BOOT_HEADER_ENABLE=1 -DXIP_BOOT_HEADER_DCD_ENABLE=1 -DCONFIG_FLEXRAM_AT_STARTUP=1 -DSERIAL_PORT_TYPE_UART=1 -DCR_INTEGER_PRINTF -D__MCUXPRESSO -D__USE_CMSIS -DDEBUG -D__REDLIB__ -I"C:\Users\amos.zhou\Documents\MCUXpressoIDE_11.5.0_7232\workspace\sln_alexa_iot_iled_blinky\board" -I"C:\Users\amos.zhou\Documents\MCUXpressoIDE_11.5.0_7232\workspace\sln_alexa_iot_iled_blinky\source" -I"C:\Users\amos.zhou\Documents\MCUXpressoIDE_11.5.0_7232\workspace\sln_alexa_iot_iled_blinky" -I"C:\Users\amos.zhou\Documents\MCUXpressoIDE_11.5.0_7232\workspace\sln_alexa_iot_iled_blinky\drivers" -I"C:\Users\amos.zhou\Documents\MCUXpressoIDE_11.5.0_7232\workspace\sln_alexa_iot_iled_blinky\device" -I"C:\Users\amos.zhou\Documents\MCUXpressoIDE_11.5.0_7232\workspace\sln_alexa_iot_iled_blinky\utilities" -I"C:\Users\amos.zhou\Documents\MCUXpressoIDE_11.5.0_7232\workspace\sln_alexa_iot_iled_blinky\component\uart" -I"C:\Users\amos.zhou\Documents\MCUXpressoIDE_11.5.0_7232\workspace\sln_alexa_iot_iled_blinky\component\serial_manager" -I"C:\Users\amos.zhou\Documents\MCUXpressoIDE_11.5.0_7232\workspace\sln_alexa_iot_iled_blinky\component\lists" -I"C:\Users\amos.zhou\Documents\MCUXpressoIDE_11.5.0_7232\workspace\sln_alexa_iot_iled_blinky\xip" -I"C:\Users\amos.zhou\Documents\MCUXpressoIDE_11.5.0_7232\workspace\sln_alexa_iot_iled_blinky\CMSIS" -O0 -fno-common -g3 -Wall -c  -ffunction-sections  -fdata-sections  -ffreestanding  -fno-builtin -fmerge-constants -fmacro-prefix-map="../source/"= -mcpu=cortex-m7 -mfpu=fpv5-d16 -mfloat-abi=hard -mthumb -D__REDLIB__ -fstack-usage -specs=redlib.specs -MMD -MP -MF"source/semihost_hardfault.d" -MT"source/semihost_hardfault.o" -MT"source/semihost_hardfault.d" -o "source/semihost_hardfault.o" "../source/semihost_hardfault.c"
arm-none-eabi-gcc -std=gnu99 -DCPU_MIMXRT106ADVL6A -DCPU_MIMXRT106ADVL6A_cm7 -DSDK_DEBUGCONSOLE=1 -DPRINTF_FLOAT_ENABLE=0 -DSCANF_FLOAT_ENABLE=0 -DPRINTF_ADVANCED_ENABLE=0 -DSCANF_ADVANCED_ENABLE=0 -DXIP_EXTERNAL_FLASH=1 -DXIP_BOOT_HEADER_ENABLE=1 -DXIP_BOOT_HEADER_DCD_ENABLE=1 -DCONFIG_FLEXRAM_AT_STARTUP=1 -DSERIAL_PORT_TYPE_UART=1 -DCR_INTEGER_PRINTF -D__MCUXPRESSO -D__USE_CMSIS -DDEBUG -D__REDLIB__ -I"C:\Users\amos.zhou\Documents\MCUXpressoIDE_11.5.0_7232\workspace\sln_alexa_iot_iled_blinky\board" -I"C:\Users\amos.zhou\Documents\MCUXpressoIDE_11.5.0_7232\workspace\sln_alexa_iot_iled_blinky\source" -I"C:\Users\amos.zhou\Documents\MCUXpressoIDE_11.5.0_7232\workspace\sln_alexa_iot_iled_blinky" -I"C:\Users\amos.zhou\Documents\MCUXpressoIDE_11.5.0_7232\workspace\sln_alexa_iot_iled_blinky\drivers" -I"C:\Users\amos.zhou\Documents\MCUXpressoIDE_11.5.0_7232\workspace\sln_alexa_iot_iled_blinky\device" -I"C:\Users\amos.zhou\Documents\MCUXpressoIDE_11.5.0_7232\workspace\sln_alexa_iot_iled_blinky\utilities" -I"C:\Users\amos.zhou\Documents\MCUXpressoIDE_11.5.0_7232\workspace\sln_alexa_iot_iled_blinky\component\uart" -I"C:\Users\amos.zhou\Documents\MCUXpressoIDE_11.5.0_7232\workspace\sln_alexa_iot_iled_blinky\component\serial_manager" -I"C:\Users\amos.zhou\Documents\MCUXpressoIDE_11.5.0_7232\workspace\sln_alexa_iot_iled_blinky\component\lists" -I"C:\Users\amos.zhou\Documents\MCUXpressoIDE_11.5.0_7232\workspace\sln_alexa_iot_iled_blinky\xip" -I"C:\Users\amos.zhou\Documents\MCUXpressoIDE_11.5.0_7232\workspace\sln_alexa_iot_iled_blinky\CMSIS" -O0 -fno-common -g3 -Wall -c  -ffunction-sections  -fdata-sections  -ffreestanding  -fno-builtin -fmerge-constants -fmacro-prefix-map="../utilities/"= -mcpu=cortex-m7 -mfpu=fpv5-d16 -mfloat-abi=hard -mthumb -D__REDLIB__ -fstack-usage -specs=redlib.specs -MMD -MP -MF"utilities/fsl_str.d" -MT"utilities/fsl_str.o" -MT"utilities/fsl_str.d" -o "utilities/fsl_str.o" "../utilities/fsl_str.c"
../source/led_blinky.c: In function 'main':
../source/led_blinky.c:79:13: warning: implicit declaration of function 'SysTick_DelayTiscks'; did you mean 'SysTick_DelayTicks'? [-Wimplicit-function-declaration]
   79 |             SysTick_DelayTiscks(500U);
      |             ^~~~~~~~~~~~~~~~~~~
      |             SysTick_DelayTicks
../startup/startup_mimxrt106a.c:471:2: warning: #warning "No build version defined for this application!" [-Wcpp]
  471 | #warning "No build version defined for this application!"
      |  ^~~~~~~
Finished building: ../source/semihost_hardfault.c
Finished building: ../xip/fsl_flexspi_nor_boot.c
Finished building: ../utilities/fsl_debug_console.c
Finished building: ../utilities/fsl_assert.c
Finished building: ../source/led_blinky.c
 
Finished building: ../xip/sln_alexa_iot_flexspi_nor_config.c
 
Finished building: ../startup/startup_mimxrt106a.c
 
Finished building: ../utilities/fsl_str.c
 
 
Building file: ../drivers/fsl_clock.c
Building file: ../drivers/fsl_common.c
 
 
Building file: ../drivers/fsl_dcp.c
 
Building file: ../drivers/fsl_flexram.c
Building file: ../drivers/fsl_flexram_allocate.c
Invoking: MCU C Compiler
Invoking: MCU C Compiler
Building file: ../drivers/fsl_flexspi.c
Building file: ../drivers/fsl_gpio.c
Invoking: MCU C Compiler
Building file: ../drivers/fsl_lpuart.c
Invoking: MCU C Compiler
arm-none-eabi-gcc -std=gnu99 -DCPU_MIMXRT106ADVL6A -DCPU_MIMXRT106ADVL6A_cm7 -DSDK_DEBUGCONSOLE=1 -DPRINTF_FLOAT_ENABLE=0 -DSCANF_FLOAT_ENABLE=0 -DPRINTF_ADVANCED_ENABLE=0 -DSCANF_ADVANCED_ENABLE=0 -DXIP_EXTERNAL_FLASH=1 -DXIP_BOOT_HEADER_ENABLE=1 -DXIP_BOOT_HEADER_DCD_ENABLE=1 -DCONFIG_FLEXRAM_AT_STARTUP=1 -DSERIAL_PORT_TYPE_UART=1 -DCR_INTEGER_PRINTF -D__MCUXPRESSO -D__USE_CMSIS -DDEBUG -D__REDLIB__ -I"C:\Users\amos.zhou\Documents\MCUXpressoIDE_11.5.0_7232\workspace\sln_alexa_iot_iled_blinky\board" -I"C:\Users\amos.zhou\Documents\MCUXpressoIDE_11.5.0_7232\workspace\sln_alexa_iot_iled_blinky\source" -I"C:\Users\amos.zhou\Documents\MCUXpressoIDE_11.5.0_7232\workspace\sln_alexa_iot_iled_blinky" -I"C:\Users\amos.zhou\Documents\MCUXpressoIDE_11.5.0_7232\workspace\sln_alexa_iot_iled_blinky\drivers" -I"C:\Users\amos.zhou\Documents\MCUXpressoIDE_11.5.0_7232\workspace\sln_alexa_iot_iled_blinky\device" -I"C:\Users\amos.zhou\Documents\MCUXpressoIDE_11.5.0_7232\workspace\sln_alexa_iot_iled_blinky\utilities" -I"C:\Users\amos.zhou\Documents\MCUXpressoIDE_11.5.0_7232\workspace\sln_alexa_iot_iled_blinky\component\uart" -I"C:\Users\amos.zhou\Documents\MCUXpressoIDE_11.5.0_7232\workspace\sln_alexa_iot_iled_blinky\component\serial_manager" -I"C:\Users\amos.zhou\Documents\MCUXpressoIDE_11.5.0_7232\workspace\sln_alexa_iot_iled_blinky\component\lists" -I"C:\Users\amos.zhou\Documents\MCUXpressoIDE_11.5.0_7232\workspace\sln_alexa_iot_iled_blinky\xip" -I"C:\Users\amos.zhou\Documents\MCUXpressoIDE_11.5.0_7232\workspace\sln_alexa_iot_iled_blinky\CMSIS" -O0 -fno-common -g3 -Wall -c  -ffunction-sections  -fdata-sections  -ffreestanding  -fno-builtin -fmerge-constants -fmacro-prefix-map="../drivers/"= -mcpu=cortex-m7 -mfpu=fpv5-d16 -mfloat-abi=hard -mthumb -D__REDLIB__ -fstack-usage -specs=redlib.specs -MMD -MP -MF"drivers/fsl_clock.d" -MT"drivers/fsl_clock.o" -MT"drivers/fsl_clock.d" -o "drivers/fsl_clock.o" "../drivers/fsl_clock.c"
Invoking: MCU C Compiler
arm-none-eabi-gcc -std=gnu99 -DCPU_MIMXRT106ADVL6A -DCPU_MIMXRT106ADVL6A_cm7 -DSDK_DEBUGCONSOLE=1 -DPRINTF_FLOAT_ENABLE=0 -DSCANF_FLOAT_ENABLE=0 -DPRINTF_ADVANCED_ENABLE=0 -DSCANF_ADVANCED_ENABLE=0 -DXIP_EXTERNAL_FLASH=1 -DXIP_BOOT_HEADER_ENABLE=1 -DXIP_BOOT_HEADER_DCD_ENABLE=1 -DCONFIG_FLEXRAM_AT_STARTUP=1 -DSERIAL_PORT_TYPE_UART=1 -DCR_INTEGER_PRINTF -D__MCUXPRESSO -D__USE_CMSIS -DDEBUG -D__REDLIB__ -I"C:\Users\amos.zhou\Documents\MCUXpressoIDE_11.5.0_7232\workspace\sln_alexa_iot_iled_blinky\board" -I"C:\Users\amos.zhou\Documents\MCUXpressoIDE_11.5.0_7232\workspace\sln_alexa_iot_iled_blinky\source" -I"C:\Users\amos.zhou\Documents\MCUXpressoIDE_11.5.0_7232\workspace\sln_alexa_iot_iled_blinky" -I"C:\Users\amos.zhou\Documents\MCUXpressoIDE_11.5.0_7232\workspace\sln_alexa_iot_iled_blinky\drivers" -I"C:\Users\amos.zhou\Documents\MCUXpressoIDE_11.5.0_7232\workspace\sln_alexa_iot_iled_blinky\device" -I"C:\Users\amos.zhou\Documents\MCUXpressoIDE_11.5.0_7232\workspace\sln_alexa_iot_iled_blinky\utilities" -I"C:\Users\amos.zhou\Documents\MCUXpressoIDE_11.5.0_7232\workspace\sln_alexa_iot_iled_blinky\component\uart" -I"C:\Users\amos.zhou\Documents\MCUXpressoIDE_11.5.0_7232\workspace\sln_alexa_iot_iled_blinky\component\serial_manager" -I"C:\Users\amos.zhou\Documents\MCUXpressoIDE_11.5.0_7232\workspace\sln_alexa_iot_iled_blinky\component\lists" -I"C:\Users\amos.zhou\Documents\MCUXpressoIDE_11.5.0_7232\workspace\sln_alexa_iot_iled_blinky\xip" -I"C:\Users\amos.zhou\Documents\MCUXpressoIDE_11.5.0_7232\workspace\sln_alexa_iot_iled_blinky\CMSIS" -O0 -fno-common -g3 -Wall -c  -ffunction-sections  -fdata-sections  -ffreestanding  -fno-builtin -fmerge-constants -fmacro-prefix-map="../drivers/"= -mcpu=cortex-m7 -mfpu=fpv5-d16 -mfloat-abi=hard -mthumb -D__REDLIB__ -fstack-usage -specs=redlib.specs -MMD -MP -MF"drivers/fsl_common.d" -MT"drivers/fsl_common.o" -MT"drivers/fsl_common.d" -o "drivers/fsl_common.o" "../drivers/fsl_common.c"
arm-none-eabi-gcc -std=gnu99 -DCPU_MIMXRT106ADVL6A -DCPU_MIMXRT106ADVL6A_cm7 -DSDK_DEBUGCONSOLE=1 -DPRINTF_FLOAT_ENABLE=0 -DSCANF_FLOAT_ENABLE=0 -DPRINTF_ADVANCED_ENABLE=0 -DSCANF_ADVANCED_ENABLE=0 -DXIP_EXTERNAL_FLASH=1 -DXIP_BOOT_HEADER_ENABLE=1 -DXIP_BOOT_HEADER_DCD_ENABLE=1 -DCONFIG_FLEXRAM_AT_STARTUP=1 -DSERIAL_PORT_TYPE_UART=1 -DCR_INTEGER_PRINTF -D__MCUXPRESSO -D__USE_CMSIS -DDEBUG -D__REDLIB__ -I"C:\Users\amos.zhou\Documents\MCUXpressoIDE_11.5.0_7232\workspace\sln_alexa_iot_iled_blinky\board" -I"C:\Users\amos.zhou\Documents\MCUXpressoIDE_11.5.0_7232\workspace\sln_alexa_iot_iled_blinky\source" -I"C:\Users\amos.zhou\Documents\MCUXpressoIDE_11.5.0_7232\workspace\sln_alexa_iot_iled_blinky" -I"C:\Users\amos.zhou\Documents\MCUXpressoIDE_11.5.0_7232\workspace\sln_alexa_iot_iled_blinky\drivers" -I"C:\Users\amos.zhou\Documents\MCUXpressoIDE_11.5.0_7232\workspace\sln_alexa_iot_iled_blinky\device" -I"C:\Users\amos.zhou\Documents\MCUXpressoIDE_11.5.0_7232\workspace\sln_alexa_iot_iled_blinky\utilities" -I"C:\Users\amos.zhou\Documents\MCUXpressoIDE_11.5.0_7232\workspace\sln_alexa_iot_iled_blinky\component\uart" -I"C:\Users\amos.zhou\Documents\MCUXpressoIDE_11.5.0_7232\workspace\sln_alexa_iot_iled_blinky\component\serial_manager" -I"C:\Users\amos.zhou\Documents\MCUXpressoIDE_11.5.0_7232\workspace\sln_alexa_iot_iled_blinky\component\lists" -I"C:\Users\amos.zhou\Documents\MCUXpressoIDE_11.5.0_7232\workspace\sln_alexa_iot_iled_blinky\xip" -I"C:\Users\amos.zhou\Documents\MCUXpressoIDE_11.5.0_7232\workspace\sln_alexa_iot_iled_blinky\CMSIS" -O0 -fno-common -g3 -Wall -c  -ffunction-sections  -fdata-sections  -ffreestanding  -fno-builtin -fmerge-constants -fmacro-prefix-map="../drivers/"= -mcpu=cortex-m7 -mfpu=fpv5-d16 -mfloat-abi=hard -mthumb -D__REDLIB__ -fstack-usage -specs=redlib.specs -MMD -MP -MF"drivers/fsl_dcp.d" -MT"drivers/fsl_dcp.o" -MT"drivers/fsl_dcp.d" -o "drivers/fsl_dcp.o" "../drivers/fsl_dcp.c"
arm-none-eabi-gcc -std=gnu99 -DCPU_MIMXRT106ADVL6A -DCPU_MIMXRT106ADVL6A_cm7 -DSDK_DEBUGCONSOLE=1 -DPRINTF_FLOAT_ENABLE=0 -DSCANF_FLOAT_ENABLE=0 -DPRINTF_ADVANCED_ENABLE=0 -DSCANF_ADVANCED_ENABLE=0 -DXIP_EXTERNAL_FLASH=1 -DXIP_BOOT_HEADER_ENABLE=1 -DXIP_BOOT_HEADER_DCD_ENABLE=1 -DCONFIG_FLEXRAM_AT_STARTUP=1 -DSERIAL_PORT_TYPE_UART=1 -DCR_INTEGER_PRINTF -D__MCUXPRESSO -D__USE_CMSIS -DDEBUG -D__REDLIB__ -I"C:\Users\amos.zhou\Documents\MCUXpressoIDE_11.5.0_7232\workspace\sln_alexa_iot_iled_blinky\board" -I"C:\Users\amos.zhou\Documents\MCUXpressoIDE_11.5.0_7232\workspace\sln_alexa_iot_iled_blinky\source" -I"C:\Users\amos.zhou\Documents\MCUXpressoIDE_11.5.0_7232\workspace\sln_alexa_iot_iled_blinky" -I"C:\Users\amos.zhou\Documents\MCUXpressoIDE_11.5.0_7232\workspace\sln_alexa_iot_iled_blinky\drivers" -I"C:\Users\amos.zhou\Documents\MCUXpressoIDE_11.5.0_7232\workspace\sln_alexa_iot_iled_blinky\device" -I"C:\Users\amos.zhou\Documents\MCUXpressoIDE_11.5.0_7232\workspace\sln_alexa_iot_iled_blinky\utilities" -I"C:\Users\amos.zhou\Documents\MCUXpressoIDE_11.5.0_7232\workspace\sln_alexa_iot_iled_blinky\component\uart" -I"C:\Users\amos.zhou\Documents\MCUXpressoIDE_11.5.0_7232\workspace\sln_alexa_iot_iled_blinky\component\serial_manager" -I"C:\Users\amos.zhou\Documents\MCUXpressoIDE_11.5.0_7232\workspace\sln_alexa_iot_iled_blinky\component\lists" -I"C:\Users\amos.zhou\Documents\MCUXpressoIDE_11.5.0_7232\workspace\sln_alexa_iot_iled_blinky\xip" -I"C:\Users\amos.zhou\Documents\MCUXpressoIDE_11.5.0_7232\workspace\sln_alexa_iot_iled_blinky\CMSIS" -O0 -fno-common -g3 -Wall -c  -ffunction-sections  -fdata-sections  -ffreestanding  -fno-builtin -fmerge-constants -fmacro-prefix-map="../drivers/"= -mcpu=cortex-m7 -mfpu=fpv5-d16 -mfloat-abi=hard -mthumb -D__REDLIB__ -fstack-usage -specs=redlib.specs -MMD -MP -MF"drivers/fsl_flexram.d" -MT"drivers/fsl_flexram.o" -MT"drivers/fsl_flexram.d" -o "drivers/fsl_flexram.o" "../drivers/fsl_flexram.c"
arm-none-eabi-gcc -std=gnu99 -DCPU_MIMXRT106ADVL6A -DCPU_MIMXRT106ADVL6A_cm7 -DSDK_DEBUGCONSOLE=1 -DPRINTF_FLOAT_ENABLE=0 -DSCANF_FLOAT_ENABLE=0 -DPRINTF_ADVANCED_ENABLE=0 -DSCANF_ADVANCED_ENABLE=0 -DXIP_EXTERNAL_FLASH=1 -DXIP_BOOT_HEADER_ENABLE=1 -DXIP_BOOT_HEADER_DCD_ENABLE=1 -DCONFIG_FLEXRAM_AT_STARTUP=1 -DSERIAL_PORT_TYPE_UART=1 -DCR_INTEGER_PRINTF -D__MCUXPRESSO -D__USE_CMSIS -DDEBUG -D__REDLIB__ -I"C:\Users\amos.zhou\Documents\MCUXpressoIDE_11.5.0_7232\workspace\sln_alexa_iot_iled_blinky\board" -I"C:\Users\amos.zhou\Documents\MCUXpressoIDE_11.5.0_7232\workspace\sln_alexa_iot_iled_blinky\source" -I"C:\Users\amos.zhou\Documents\MCUXpressoIDE_11.5.0_7232\workspace\sln_alexa_iot_iled_blinky" -I"C:\Users\amos.zhou\Documents\MCUXpressoIDE_11.5.0_7232\workspace\sln_alexa_iot_iled_blinky\drivers" -I"C:\Users\amos.zhou\Documents\MCUXpressoIDE_11.5.0_7232\workspace\sln_alexa_iot_iled_blinky\device" -I"C:\Users\amos.zhou\Documents\MCUXpressoIDE_11.5.0_7232\workspace\sln_alexa_iot_iled_blinky\utilities" -I"C:\Users\amos.zhou\Documents\MCUXpressoIDE_11.5.0_7232\workspace\sln_alexa_iot_iled_blinky\component\uart" -I"C:\Users\amos.zhou\Documents\MCUXpressoIDE_11.5.0_7232\workspace\sln_alexa_iot_iled_blinky\component\serial_manager" -I"C:\Users\amos.zhou\Documents\MCUXpressoIDE_11.5.0_7232\workspace\sln_alexa_iot_iled_blinky\component\lists" -I"C:\Users\amos.zhou\Documents\MCUXpressoIDE_11.5.0_7232\workspace\sln_alexa_iot_iled_blinky\xip" -I"C:\Users\amos.zhou\Documents\MCUXpressoIDE_11.5.0_7232\workspace\sln_alexa_iot_iled_blinky\CMSIS" -O0 -fno-common -g3 -Wall -c  -ffunction-sections  -fdata-sections  -ffreestanding  -fno-builtin -fmerge-constants -fmacro-prefix-map="../drivers/"= -mcpu=cortex-m7 -mfpu=fpv5-d16 -mfloat-abi=hard -mthumb -D__REDLIB__ -fstack-usage -specs=redlib.specs -MMD -MP -MF"drivers/fsl_flexram_allocate.d" -MT"drivers/fsl_flexram_allocate.o" -MT"drivers/fsl_flexram_allocate.d" -o "drivers/fsl_flexram_allocate.o" "../drivers/fsl_flexram_allocate.c"
Invoking: MCU C Compiler
Invoking: MCU C Compiler
arm-none-eabi-gcc -std=gnu99 -DCPU_MIMXRT106ADVL6A -DCPU_MIMXRT106ADVL6A_cm7 -DSDK_DEBUGCONSOLE=1 -DPRINTF_FLOAT_ENABLE=0 -DSCANF_FLOAT_ENABLE=0 -DPRINTF_ADVANCED_ENABLE=0 -DSCANF_ADVANCED_ENABLE=0 -DXIP_EXTERNAL_FLASH=1 -DXIP_BOOT_HEADER_ENABLE=1 -DXIP_BOOT_HEADER_DCD_ENABLE=1 -DCONFIG_FLEXRAM_AT_STARTUP=1 -DSERIAL_PORT_TYPE_UART=1 -DCR_INTEGER_PRINTF -D__MCUXPRESSO -D__USE_CMSIS -DDEBUG -D__REDLIB__ -I"C:\Users\amos.zhou\Documents\MCUXpressoIDE_11.5.0_7232\workspace\sln_alexa_iot_iled_blinky\board" -I"C:\Users\amos.zhou\Documents\MCUXpressoIDE_11.5.0_7232\workspace\sln_alexa_iot_iled_blinky\source" -I"C:\Users\amos.zhou\Documents\MCUXpressoIDE_11.5.0_7232\workspace\sln_alexa_iot_iled_blinky" -I"C:\Users\amos.zhou\Documents\MCUXpressoIDE_11.5.0_7232\workspace\sln_alexa_iot_iled_blinky\drivers" -I"C:\Users\amos.zhou\Documents\MCUXpressoIDE_11.5.0_7232\workspace\sln_alexa_iot_iled_blinky\device" -I"C:\Users\amos.zhou\Documents\MCUXpressoIDE_11.5.0_7232\workspace\sln_alexa_iot_iled_blinky\utilities" -I"C:\Users\amos.zhou\Documents\MCUXpressoIDE_11.5.0_7232\workspace\sln_alexa_iot_iled_blinky\component\uart" -I"C:\Users\amos.zhou\Documents\MCUXpressoIDE_11.5.0_7232\workspace\sln_alexa_iot_iled_blinky\component\serial_manager" -I"C:\Users\amos.zhou\Documents\MCUXpressoIDE_11.5.0_7232\workspace\sln_alexa_iot_iled_blinky\component\lists" -I"C:\Users\amos.zhou\Documents\MCUXpressoIDE_11.5.0_7232\workspace\sln_alexa_iot_iled_blinky\xip" -I"C:\Users\amos.zhou\Documents\MCUXpressoIDE_11.5.0_7232\workspace\sln_alexa_iot_iled_blinky\CMSIS" -O0 -fno-common -g3 -Wall -c  -ffunction-sections  -fdata-sections  -ffreestanding  -fno-builtin -fmerge-constants -fmacro-prefix-map="../drivers/"= -mcpu=cortex-m7 -mfpu=fpv5-d16 -mfloat-abi=hard -mthumb -D__REDLIB__ -fstack-usage -specs=redlib.specs -MMD -MP -MF"drivers/fsl_flexspi.d" -MT"drivers/fsl_flexspi.o" -MT"drivers/fsl_flexspi.d" -o "drivers/fsl_flexspi.o" "../drivers/fsl_flexspi.c"
Invoking: MCU C Compiler
arm-none-eabi-gcc -std=gnu99 -DCPU_MIMXRT106ADVL6A -DCPU_MIMXRT106ADVL6A_cm7 -DSDK_DEBUGCONSOLE=1 -DPRINTF_FLOAT_ENABLE=0 -DSCANF_FLOAT_ENABLE=0 -DPRINTF_ADVANCED_ENABLE=0 -DSCANF_ADVANCED_ENABLE=0 -DXIP_EXTERNAL_FLASH=1 -DXIP_BOOT_HEADER_ENABLE=1 -DXIP_BOOT_HEADER_DCD_ENABLE=1 -DCONFIG_FLEXRAM_AT_STARTUP=1 -DSERIAL_PORT_TYPE_UART=1 -DCR_INTEGER_PRINTF -D__MCUXPRESSO -D__USE_CMSIS -DDEBUG -D__REDLIB__ -I"C:\Users\amos.zhou\Documents\MCUXpressoIDE_11.5.0_7232\workspace\sln_alexa_iot_iled_blinky\board" -I"C:\Users\amos.zhou\Documents\MCUXpressoIDE_11.5.0_7232\workspace\sln_alexa_iot_iled_blinky\source" -I"C:\Users\amos.zhou\Documents\MCUXpressoIDE_11.5.0_7232\workspace\sln_alexa_iot_iled_blinky" -I"C:\Users\amos.zhou\Documents\MCUXpressoIDE_11.5.0_7232\workspace\sln_alexa_iot_iled_blinky\drivers" -I"C:\Users\amos.zhou\Documents\MCUXpressoIDE_11.5.0_7232\workspace\sln_alexa_iot_iled_blinky\device" -I"C:\Users\amos.zhou\Documents\MCUXpressoIDE_11.5.0_7232\workspace\sln_alexa_iot_iled_blinky\utilities" -I"C:\Users\amos.zhou\Documents\MCUXpressoIDE_11.5.0_7232\workspace\sln_alexa_iot_iled_blinky\component\uart" -I"C:\Users\amos.zhou\Documents\MCUXpressoIDE_11.5.0_7232\workspace\sln_alexa_iot_iled_blinky\component\serial_manager" -I"C:\Users\amos.zhou\Documents\MCUXpressoIDE_11.5.0_7232\workspace\sln_alexa_iot_iled_blinky\component\lists" -I"C:\Users\amos.zhou\Documents\MCUXpressoIDE_11.5.0_7232\workspace\sln_alexa_iot_iled_blinky\xip" -I"C:\Users\amos.zhou\Documents\MCUXpressoIDE_11.5.0_7232\workspace\sln_alexa_iot_iled_blinky\CMSIS" -O0 -fno-common -g3 -Wall -c  -ffunction-sections  -fdata-sections  -ffreestanding  -fno-builtin -fmerge-constants -fmacro-prefix-map="../drivers/"= -mcpu=cortex-m7 -mfpu=fpv5-d16 -mfloat-abi=hard -mthumb -D__REDLIB__ -fstack-usage -specs=redlib.specs -MMD -MP -MF"drivers/fsl_gpio.d" -MT"drivers/fsl_gpio.o" -MT"drivers/fsl_gpio.d" -o "drivers/fsl_gpio.o" "../drivers/fsl_gpio.c"
arm-none-eabi-gcc -std=gnu99 -DCPU_MIMXRT106ADVL6A -DCPU_MIMXRT106ADVL6A_cm7 -DSDK_DEBUGCONSOLE=1 -DPRINTF_FLOAT_ENABLE=0 -DSCANF_FLOAT_ENABLE=0 -DPRINTF_ADVANCED_ENABLE=0 -DSCANF_ADVANCED_ENABLE=0 -DXIP_EXTERNAL_FLASH=1 -DXIP_BOOT_HEADER_ENABLE=1 -DXIP_BOOT_HEADER_DCD_ENABLE=1 -DCONFIG_FLEXRAM_AT_STARTUP=1 -DSERIAL_PORT_TYPE_UART=1 -DCR_INTEGER_PRINTF -D__MCUXPRESSO -D__USE_CMSIS -DDEBUG -D__REDLIB__ -I"C:\Users\amos.zhou\Documents\MCUXpressoIDE_11.5.0_7232\workspace\sln_alexa_iot_iled_blinky\board" -I"C:\Users\amos.zhou\Documents\MCUXpressoIDE_11.5.0_7232\workspace\sln_alexa_iot_iled_blinky\source" -I"C:\Users\amos.zhou\Documents\MCUXpressoIDE_11.5.0_7232\workspace\sln_alexa_iot_iled_blinky" -I"C:\Users\amos.zhou\Documents\MCUXpressoIDE_11.5.0_7232\workspace\sln_alexa_iot_iled_blinky\drivers" -I"C:\Users\amos.zhou\Documents\MCUXpressoIDE_11.5.0_7232\workspace\sln_alexa_iot_iled_blinky\device" -I"C:\Users\amos.zhou\Documents\MCUXpressoIDE_11.5.0_7232\workspace\sln_alexa_iot_iled_blinky\utilities" -I"C:\Users\amos.zhou\Documents\MCUXpressoIDE_11.5.0_7232\workspace\sln_alexa_iot_iled_blinky\component\uart" -I"C:\Users\amos.zhou\Documents\MCUXpressoIDE_11.5.0_7232\workspace\sln_alexa_iot_iled_blinky\component\serial_manager" -I"C:\Users\amos.zhou\Documents\MCUXpressoIDE_11.5.0_7232\workspace\sln_alexa_iot_iled_blinky\component\lists" -I"C:\Users\amos.zhou\Documents\MCUXpressoIDE_11.5.0_7232\workspace\sln_alexa_iot_iled_blinky\xip" -I"C:\Users\amos.zhou\Documents\MCUXpressoIDE_11.5.0_7232\workspace\sln_alexa_iot_iled_blinky\CMSIS" -O0 -fno-common -g3 -Wall -c  -ffunction-sections  -fdata-sections  -ffreestanding  -fno-builtin -fmerge-constants -fmacro-prefix-map="../drivers/"= -mcpu=cortex-m7 -mfpu=fpv5-d16 -mfloat-abi=hard -mthumb -D__REDLIB__ -fstack-usage -specs=redlib.specs -MMD -MP -MF"drivers/fsl_lpuart.d" -MT"drivers/fsl_lpuart.o" -MT"drivers/fsl_lpuart.d" -o "drivers/fsl_lpuart.o" "../drivers/fsl_lpuart.c"
Finished building: ../drivers/fsl_clock.c
Finished building: ../drivers/fsl_common.c
Finished building: ../drivers/fsl_flexram_allocate.c
 
Finished building: ../drivers/fsl_dcp.c
Finished building: ../drivers/fsl_flexspi.c
 
Finished building: ../drivers/fsl_flexram.c
 
Finished building: ../drivers/fsl_gpio.c
Building file: ../drivers/fsl_trng.c
Finished building: ../drivers/fsl_lpuart.c
 
 
Building file: ../device/system_MIMXRT106A.c
 
Building file: ../component/uart/lpuart_adapter.c
 
Invoking: MCU C Compiler
 
Building file: ../component/serial_manager/serial_manager.c
Building file: ../component/serial_manager/serial_port_uart.c
arm-none-eabi-gcc -std=gnu99 -DCPU_MIMXRT106ADVL6A -DCPU_MIMXRT106ADVL6A_cm7 -DSDK_DEBUGCONSOLE=1 -DPRINTF_FLOAT_ENABLE=0 -DSCANF_FLOAT_ENABLE=0 -DPRINTF_ADVANCED_ENABLE=0 -DSCANF_ADVANCED_ENABLE=0 -DXIP_EXTERNAL_FLASH=1 -DXIP_BOOT_HEADER_ENABLE=1 -DXIP_BOOT_HEADER_DCD_ENABLE=1 -DCONFIG_FLEXRAM_AT_STARTUP=1 -DSERIAL_PORT_TYPE_UART=1 -DCR_INTEGER_PRINTF -D__MCUXPRESSO -D__USE_CMSIS -DDEBUG -D__REDLIB__ -I"C:\Users\amos.zhou\Documents\MCUXpressoIDE_11.5.0_7232\workspace\sln_alexa_iot_iled_blinky\board" -I"C:\Users\amos.zhou\Documents\MCUXpressoIDE_11.5.0_7232\workspace\sln_alexa_iot_iled_blinky\source" -I"C:\Users\amos.zhou\Documents\MCUXpressoIDE_11.5.0_7232\workspace\sln_alexa_iot_iled_blinky" -I"C:\Users\amos.zhou\Documents\MCUXpressoIDE_11.5.0_7232\workspace\sln_alexa_iot_iled_blinky\drivers" -I"C:\Users\amos.zhou\Documents\MCUXpressoIDE_11.5.0_7232\workspace\sln_alexa_iot_iled_blinky\device" -I"C:\Users\amos.zhou\Documents\MCUXpressoIDE_11.5.0_7232\workspace\sln_alexa_iot_iled_blinky\utilities" -I"C:\Users\amos.zhou\Documents\MCUXpressoIDE_11.5.0_7232\workspace\sln_alexa_iot_iled_blinky\component\uart" -I"C:\Users\amos.zhou\Documents\MCUXpressoIDE_11.5.0_7232\workspace\sln_alexa_iot_iled_blinky\component\serial_manager" -I"C:\Users\amos.zhou\Documents\MCUXpressoIDE_11.5.0_7232\workspace\sln_alexa_iot_iled_blinky\component\lists" -I"C:\Users\amos.zhou\Documents\MCUXpressoIDE_11.5.0_7232\workspace\sln_alexa_iot_iled_blinky\xip" -I"C:\Users\amos.zhou\Documents\MCUXpressoIDE_11.5.0_7232\workspace\sln_alexa_iot_iled_blinky\CMSIS" -O0 -fno-common -g3 -Wall -c  -ffunction-sections  -fdata-sections  -ffreestanding  -fno-builtin -fmerge-constants -fmacro-prefix-map="../drivers/"= -mcpu=cortex-m7 -mfpu=fpv5-d16 -mfloat-abi=hard -mthumb -D__REDLIB__ -fstack-usage -specs=redlib.specs -MMD -MP -MF"drivers/fsl_trng.d" -MT"drivers/fsl_trng.o" -MT"drivers/fsl_trng.d" -o "drivers/fsl_trng.o" "../drivers/fsl_trng.c"
Building file: ../component/lists/generic_list.c
Invoking: MCU C Compiler
Invoking: MCU C Compiler
Building file: ../board/clock_config.c
Building file: ../board/board.c
Invoking: MCU C Compiler
arm-none-eabi-gcc -std=gnu99 -DCPU_MIMXRT106ADVL6A -DCPU_MIMXRT106ADVL6A_cm7 -DSDK_DEBUGCONSOLE=1 -DPRINTF_FLOAT_ENABLE=0 -DSCANF_FLOAT_ENABLE=0 -DPRINTF_ADVANCED_ENABLE=0 -DSCANF_ADVANCED_ENABLE=0 -DXIP_EXTERNAL_FLASH=1 -DXIP_BOOT_HEADER_ENABLE=1 -DXIP_BOOT_HEADER_DCD_ENABLE=1 -DCONFIG_FLEXRAM_AT_STARTUP=1 -DSERIAL_PORT_TYPE_UART=1 -DCR_INTEGER_PRINTF -D__MCUXPRESSO -D__USE_CMSIS -DDEBUG -D__REDLIB__ -I"C:\Users\amos.zhou\Documents\MCUXpressoIDE_11.5.0_7232\workspace\sln_alexa_iot_iled_blinky\board" -I"C:\Users\amos.zhou\Documents\MCUXpressoIDE_11.5.0_7232\workspace\sln_alexa_iot_iled_blinky\source" -I"C:\Users\amos.zhou\Documents\MCUXpressoIDE_11.5.0_7232\workspace\sln_alexa_iot_iled_blinky" -I"C:\Users\amos.zhou\Documents\MCUXpressoIDE_11.5.0_7232\workspace\sln_alexa_iot_iled_blinky\drivers" -I"C:\Users\amos.zhou\Documents\MCUXpressoIDE_11.5.0_7232\workspace\sln_alexa_iot_iled_blinky\device" -I"C:\Users\amos.zhou\Documents\MCUXpressoIDE_11.5.0_7232\workspace\sln_alexa_iot_iled_blinky\utilities" -I"C:\Users\amos.zhou\Documents\MCUXpressoIDE_11.5.0_7232\workspace\sln_alexa_iot_iled_blinky\component\uart" -I"C:\Users\amos.zhou\Documents\MCUXpressoIDE_11.5.0_7232\workspace\sln_alexa_iot_iled_blinky\component\serial_manager" -I"C:\Users\amos.zhou\Documents\MCUXpressoIDE_11.5.0_7232\workspace\sln_alexa_iot_iled_blinky\component\lists" -I"C:\Users\amos.zhou\Documents\MCUXpressoIDE_11.5.0_7232\workspace\sln_alexa_iot_iled_blinky\xip" -I"C:\Users\amos.zhou\Documents\MCUXpressoIDE_11.5.0_7232\workspace\sln_alexa_iot_iled_blinky\CMSIS" -O0 -fno-common -g3 -Wall -c  -ffunction-sections  -fdata-sections  -ffreestanding  -fno-builtin -fmerge-constants -fmacro-prefix-map="../device/"= -mcpu=cortex-m7 -mfpu=fpv5-d16 -mfloat-abi=hard -mthumb -D__REDLIB__ -fstack-usage -specs=redlib.specs -MMD -MP -MF"device/system_MIMXRT106A.d" -MT"device/system_MIMXRT106A.o" -MT"device/system_MIMXRT106A.d" -o "device/system_MIMXRT106A.o" "../device/system_MIMXRT106A.c"
arm-none-eabi-gcc -std=gnu99 -DCPU_MIMXRT106ADVL6A -DCPU_MIMXRT106ADVL6A_cm7 -DSDK_DEBUGCONSOLE=1 -DPRINTF_FLOAT_ENABLE=0 -DSCANF_FLOAT_ENABLE=0 -DPRINTF_ADVANCED_ENABLE=0 -DSCANF_ADVANCED_ENABLE=0 -DXIP_EXTERNAL_FLASH=1 -DXIP_BOOT_HEADER_ENABLE=1 -DXIP_BOOT_HEADER_DCD_ENABLE=1 -DCONFIG_FLEXRAM_AT_STARTUP=1 -DSERIAL_PORT_TYPE_UART=1 -DCR_INTEGER_PRINTF -D__MCUXPRESSO -D__USE_CMSIS -DDEBUG -D__REDLIB__ -I"C:\Users\amos.zhou\Documents\MCUXpressoIDE_11.5.0_7232\workspace\sln_alexa_iot_iled_blinky\board" -I"C:\Users\amos.zhou\Documents\MCUXpressoIDE_11.5.0_7232\workspace\sln_alexa_iot_iled_blinky\source" -I"C:\Users\amos.zhou\Documents\MCUXpressoIDE_11.5.0_7232\workspace\sln_alexa_iot_iled_blinky" -I"C:\Users\amos.zhou\Documents\MCUXpressoIDE_11.5.0_7232\workspace\sln_alexa_iot_iled_blinky\drivers" -I"C:\Users\amos.zhou\Documents\MCUXpressoIDE_11.5.0_7232\workspace\sln_alexa_iot_iled_blinky\device" -I"C:\Users\amos.zhou\Documents\MCUXpressoIDE_11.5.0_7232\workspace\sln_alexa_iot_iled_blinky\utilities" -I"C:\Users\amos.zhou\Documents\MCUXpressoIDE_11.5.0_7232\workspace\sln_alexa_iot_iled_blinky\component\uart" -I"C:\Users\amos.zhou\Documents\MCUXpressoIDE_11.5.0_7232\workspace\sln_alexa_iot_iled_blinky\component\serial_manager" -I"C:\Users\amos.zhou\Documents\MCUXpressoIDE_11.5.0_7232\workspace\sln_alexa_iot_iled_blinky\component\lists" -I"C:\Users\amos.zhou\Documents\MCUXpressoIDE_11.5.0_7232\workspace\sln_alexa_iot_iled_blinky\xip" -I"C:\Users\amos.zhou\Documents\MCUXpressoIDE_11.5.0_7232\workspace\sln_alexa_iot_iled_blinky\CMSIS" -O0 -fno-common -g3 -Wall -c  -ffunction-sections  -fdata-sections  -ffreestanding  -fno-builtin -fmerge-constants -fmacro-prefix-map="../component/uart/"= -mcpu=cortex-m7 -mfpu=fpv5-d16 -mfloat-abi=hard -mthumb -D__REDLIB__ -fstack-usage -specs=redlib.specs -MMD -MP -MF"component/uart/lpuart_adapter.d" -MT"component/uart/lpuart_adapter.o" -MT"component/uart/lpuart_adapter.d" -o "component/uart/lpuart_adapter.o" "../component/uart/lpuart_adapter.c"
Invoking: MCU C Compiler
Invoking: MCU C Compiler
arm-none-eabi-gcc -std=gnu99 -DCPU_MIMXRT106ADVL6A -DCPU_MIMXRT106ADVL6A_cm7 -DSDK_DEBUGCONSOLE=1 -DPRINTF_FLOAT_ENABLE=0 -DSCANF_FLOAT_ENABLE=0 -DPRINTF_ADVANCED_ENABLE=0 -DSCANF_ADVANCED_ENABLE=0 -DXIP_EXTERNAL_FLASH=1 -DXIP_BOOT_HEADER_ENABLE=1 -DXIP_BOOT_HEADER_DCD_ENABLE=1 -DCONFIG_FLEXRAM_AT_STARTUP=1 -DSERIAL_PORT_TYPE_UART=1 -DCR_INTEGER_PRINTF -D__MCUXPRESSO -D__USE_CMSIS -DDEBUG -D__REDLIB__ -I"C:\Users\amos.zhou\Documents\MCUXpressoIDE_11.5.0_7232\workspace\sln_alexa_iot_iled_blinky\board" -I"C:\Users\amos.zhou\Documents\MCUXpressoIDE_11.5.0_7232\workspace\sln_alexa_iot_iled_blinky\source" -I"C:\Users\amos.zhou\Documents\MCUXpressoIDE_11.5.0_7232\workspace\sln_alexa_iot_iled_blinky" -I"C:\Users\amos.zhou\Documents\MCUXpressoIDE_11.5.0_7232\workspace\sln_alexa_iot_iled_blinky\drivers" -I"C:\Users\amos.zhou\Documents\MCUXpressoIDE_11.5.0_7232\workspace\sln_alexa_iot_iled_blinky\device" -I"C:\Users\amos.zhou\Documents\MCUXpressoIDE_11.5.0_7232\workspace\sln_alexa_iot_iled_blinky\utilities" -I"C:\Users\amos.zhou\Documents\MCUXpressoIDE_11.5.0_7232\workspace\sln_alexa_iot_iled_blinky\component\uart" -I"C:\Users\amos.zhou\Documents\MCUXpressoIDE_11.5.0_7232\workspace\sln_alexa_iot_iled_blinky\component\serial_manager" -I"C:\Users\amos.zhou\Documents\MCUXpressoIDE_11.5.0_7232\workspace\sln_alexa_iot_iled_blinky\component\lists" -I"C:\Users\amos.zhou\Documents\MCUXpressoIDE_11.5.0_7232\workspace\sln_alexa_iot_iled_blinky\xip" -I"C:\Users\amos.zhou\Documents\MCUXpressoIDE_11.5.0_7232\workspace\sln_alexa_iot_iled_blinky\CMSIS" -O0 -fno-common -g3 -Wall -c  -ffunction-sections  -fdata-sections  -ffreestanding  -fno-builtin -fmerge-constants -fmacro-prefix-map="../component/serial_manager/"= -mcpu=cortex-m7 -mfpu=fpv5-d16 -mfloat-abi=hard -mthumb -D__REDLIB__ -fstack-usage -specs=redlib.specs -MMD -MP -MF"component/serial_manager/serial_manager.d" -MT"component/serial_manager/serial_manager.o" -MT"component/serial_manager/serial_manager.d" -o "component/serial_manager/serial_manager.o" "../component/serial_manager/serial_manager.c"
Invoking: MCU C Compiler
Invoking: MCU C Compiler
arm-none-eabi-gcc -std=gnu99 -DCPU_MIMXRT106ADVL6A -DCPU_MIMXRT106ADVL6A_cm7 -DSDK_DEBUGCONSOLE=1 -DPRINTF_FLOAT_ENABLE=0 -DSCANF_FLOAT_ENABLE=0 -DPRINTF_ADVANCED_ENABLE=0 -DSCANF_ADVANCED_ENABLE=0 -DXIP_EXTERNAL_FLASH=1 -DXIP_BOOT_HEADER_ENABLE=1 -DXIP_BOOT_HEADER_DCD_ENABLE=1 -DCONFIG_FLEXRAM_AT_STARTUP=1 -DSERIAL_PORT_TYPE_UART=1 -DCR_INTEGER_PRINTF -D__MCUXPRESSO -D__USE_CMSIS -DDEBUG -D__REDLIB__ -I"C:\Users\amos.zhou\Documents\MCUXpressoIDE_11.5.0_7232\workspace\sln_alexa_iot_iled_blinky\board" -I"C:\Users\amos.zhou\Documents\MCUXpressoIDE_11.5.0_7232\workspace\sln_alexa_iot_iled_blinky\source" -I"C:\Users\amos.zhou\Documents\MCUXpressoIDE_11.5.0_7232\workspace\sln_alexa_iot_iled_blinky" -I"C:\Users\amos.zhou\Documents\MCUXpressoIDE_11.5.0_7232\workspace\sln_alexa_iot_iled_blinky\drivers" -I"C:\Users\amos.zhou\Documents\MCUXpressoIDE_11.5.0_7232\workspace\sln_alexa_iot_iled_blinky\device" -I"C:\Users\amos.zhou\Documents\MCUXpressoIDE_11.5.0_7232\workspace\sln_alexa_iot_iled_blinky\utilities" -I"C:\Users\amos.zhou\Documents\MCUXpressoIDE_11.5.0_7232\workspace\sln_alexa_iot_iled_blinky\component\uart" -I"C:\Users\amos.zhou\Documents\MCUXpressoIDE_11.5.0_7232\workspace\sln_alexa_iot_iled_blinky\component\serial_manager" -I"C:\Users\amos.zhou\Documents\MCUXpressoIDE_11.5.0_7232\workspace\sln_alexa_iot_iled_blinky\component\lists" -I"C:\Users\amos.zhou\Documents\MCUXpressoIDE_11.5.0_7232\workspace\sln_alexa_iot_iled_blinky\xip" -I"C:\Users\amos.zhou\Documents\MCUXpressoIDE_11.5.0_7232\workspace\sln_alexa_iot_iled_blinky\CMSIS" -O0 -fno-common -g3 -Wall -c  -ffunction-sections  -fdata-sections  -ffreestanding  -fno-builtin -fmerge-constants -fmacro-prefix-map="../component/lists/"= -mcpu=cortex-m7 -mfpu=fpv5-d16 -mfloat-abi=hard -mthumb -D__REDLIB__ -fstack-usage -specs=redlib.specs -MMD -MP -MF"component/lists/generic_list.d" -MT"component/lists/generic_list.o" -MT"component/lists/generic_list.d" -o "component/lists/generic_list.o" "../component/lists/generic_list.c"
arm-none-eabi-gcc -std=gnu99 -DCPU_MIMXRT106ADVL6A -DCPU_MIMXRT106ADVL6A_cm7 -DSDK_DEBUGCONSOLE=1 -DPRINTF_FLOAT_ENABLE=0 -DSCANF_FLOAT_ENABLE=0 -DPRINTF_ADVANCED_ENABLE=0 -DSCANF_ADVANCED_ENABLE=0 -DXIP_EXTERNAL_FLASH=1 -DXIP_BOOT_HEADER_ENABLE=1 -DXIP_BOOT_HEADER_DCD_ENABLE=1 -DCONFIG_FLEXRAM_AT_STARTUP=1 -DSERIAL_PORT_TYPE_UART=1 -DCR_INTEGER_PRINTF -D__MCUXPRESSO -D__USE_CMSIS -DDEBUG -D__REDLIB__ -I"C:\Users\amos.zhou\Documents\MCUXpressoIDE_11.5.0_7232\workspace\sln_alexa_iot_iled_blinky\board" -I"C:\Users\amos.zhou\Documents\MCUXpressoIDE_11.5.0_7232\workspace\sln_alexa_iot_iled_blinky\source" -I"C:\Users\amos.zhou\Documents\MCUXpressoIDE_11.5.0_7232\workspace\sln_alexa_iot_iled_blinky" -I"C:\Users\amos.zhou\Documents\MCUXpressoIDE_11.5.0_7232\workspace\sln_alexa_iot_iled_blinky\drivers" -I"C:\Users\amos.zhou\Documents\MCUXpressoIDE_11.5.0_7232\workspace\sln_alexa_iot_iled_blinky\device" -I"C:\Users\amos.zhou\Documents\MCUXpressoIDE_11.5.0_7232\workspace\sln_alexa_iot_iled_blinky\utilities" -I"C:\Users\amos.zhou\Documents\MCUXpressoIDE_11.5.0_7232\workspace\sln_alexa_iot_iled_blinky\component\uart" -I"C:\Users\amos.zhou\Documents\MCUXpressoIDE_11.5.0_7232\workspace\sln_alexa_iot_iled_blinky\component\serial_manager" -I"C:\Users\amos.zhou\Documents\MCUXpressoIDE_11.5.0_7232\workspace\sln_alexa_iot_iled_blinky\component\lists" -I"C:\Users\amos.zhou\Documents\MCUXpressoIDE_11.5.0_7232\workspace\sln_alexa_iot_iled_blinky\xip" -I"C:\Users\amos.zhou\Documents\MCUXpressoIDE_11.5.0_7232\workspace\sln_alexa_iot_iled_blinky\CMSIS" -O0 -fno-common -g3 -Wall -c  -ffunction-sections  -fdata-sections  -ffreestanding  -fno-builtin -fmerge-constants -fmacro-prefix-map="../component/serial_manager/"= -mcpu=cortex-m7 -mfpu=fpv5-d16 -mfloat-abi=hard -mthumb -D__REDLIB__ -fstack-usage -specs=redlib.specs -MMD -MP -MF"component/serial_manager/serial_port_uart.d" -MT"component/serial_manager/serial_port_uart.o" -MT"component/serial_manager/serial_port_uart.d" -o "component/serial_manager/serial_port_uart.o" "../component/serial_manager/serial_port_uart.c"
arm-none-eabi-gcc -std=gnu99 -DCPU_MIMXRT106ADVL6A -DCPU_MIMXRT106ADVL6A_cm7 -DSDK_DEBUGCONSOLE=1 -DPRINTF_FLOAT_ENABLE=0 -DSCANF_FLOAT_ENABLE=0 -DPRINTF_ADVANCED_ENABLE=0 -DSCANF_ADVANCED_ENABLE=0 -DXIP_EXTERNAL_FLASH=1 -DXIP_BOOT_HEADER_ENABLE=1 -DXIP_BOOT_HEADER_DCD_ENABLE=1 -DCONFIG_FLEXRAM_AT_STARTUP=1 -DSERIAL_PORT_TYPE_UART=1 -DCR_INTEGER_PRINTF -D__MCUXPRESSO -D__USE_CMSIS -DDEBUG -D__REDLIB__ -I"C:\Users\amos.zhou\Documents\MCUXpressoIDE_11.5.0_7232\workspace\sln_alexa_iot_iled_blinky\board" -I"C:\Users\amos.zhou\Documents\MCUXpressoIDE_11.5.0_7232\workspace\sln_alexa_iot_iled_blinky\source" -I"C:\Users\amos.zhou\Documents\MCUXpressoIDE_11.5.0_7232\workspace\sln_alexa_iot_iled_blinky" -I"C:\Users\amos.zhou\Documents\MCUXpressoIDE_11.5.0_7232\workspace\sln_alexa_iot_iled_blinky\drivers" -I"C:\Users\amos.zhou\Documents\MCUXpressoIDE_11.5.0_7232\workspace\sln_alexa_iot_iled_blinky\device" -I"C:\Users\amos.zhou\Documents\MCUXpressoIDE_11.5.0_7232\workspace\sln_alexa_iot_iled_blinky\utilities" -I"C:\Users\amos.zhou\Documents\MCUXpressoIDE_11.5.0_7232\workspace\sln_alexa_iot_iled_blinky\component\uart" -I"C:\Users\amos.zhou\Documents\MCUXpressoIDE_11.5.0_7232\workspace\sln_alexa_iot_iled_blinky\component\serial_manager" -I"C:\Users\amos.zhou\Documents\MCUXpressoIDE_11.5.0_7232\workspace\sln_alexa_iot_iled_blinky\component\lists" -I"C:\Users\amos.zhou\Documents\MCUXpressoIDE_11.5.0_7232\workspace\sln_alexa_iot_iled_blinky\xip" -I"C:\Users\amos.zhou\Documents\MCUXpressoIDE_11.5.0_7232\workspace\sln_alexa_iot_iled_blinky\CMSIS" -O0 -fno-common -g3 -Wall -c  -ffunction-sections  -fdata-sections  -ffreestanding  -fno-builtin -fmerge-constants -fmacro-prefix-map="../board/"= -mcpu=cortex-m7 -mfpu=fpv5-d16 -mfloat-abi=hard -mthumb -D__REDLIB__ -fstack-usage -specs=redlib.specs -MMD -MP -MF"board/clock_config.d" -MT"board/clock_config.o" -MT"board/clock_config.d" -o "board/clock_config.o" "../board/clock_config.c"
arm-none-eabi-gcc -std=gnu99 -DCPU_MIMXRT106ADVL6A -DCPU_MIMXRT106ADVL6A_cm7 -DSDK_DEBUGCONSOLE=1 -DPRINTF_FLOAT_ENABLE=0 -DSCANF_FLOAT_ENABLE=0 -DPRINTF_ADVANCED_ENABLE=0 -DSCANF_ADVANCED_ENABLE=0 -DXIP_EXTERNAL_FLASH=1 -DXIP_BOOT_HEADER_ENABLE=1 -DXIP_BOOT_HEADER_DCD_ENABLE=1 -DCONFIG_FLEXRAM_AT_STARTUP=1 -DSERIAL_PORT_TYPE_UART=1 -DCR_INTEGER_PRINTF -D__MCUXPRESSO -D__USE_CMSIS -DDEBUG -D__REDLIB__ -I"C:\Users\amos.zhou\Documents\MCUXpressoIDE_11.5.0_7232\workspace\sln_alexa_iot_iled_blinky\board" -I"C:\Users\amos.zhou\Documents\MCUXpressoIDE_11.5.0_7232\workspace\sln_alexa_iot_iled_blinky\source" -I"C:\Users\amos.zhou\Documents\MCUXpressoIDE_11.5.0_7232\workspace\sln_alexa_iot_iled_blinky" -I"C:\Users\amos.zhou\Documents\MCUXpressoIDE_11.5.0_7232\workspace\sln_alexa_iot_iled_blinky\drivers" -I"C:\Users\amos.zhou\Documents\MCUXpressoIDE_11.5.0_7232\workspace\sln_alexa_iot_iled_blinky\device" -I"C:\Users\amos.zhou\Documents\MCUXpressoIDE_11.5.0_7232\workspace\sln_alexa_iot_iled_blinky\utilities" -I"C:\Users\amos.zhou\Documents\MCUXpressoIDE_11.5.0_7232\workspace\sln_alexa_iot_iled_blinky\component\uart" -I"C:\Users\amos.zhou\Documents\MCUXpressoIDE_11.5.0_7232\workspace\sln_alexa_iot_iled_blinky\component\serial_manager" -I"C:\Users\amos.zhou\Documents\MCUXpressoIDE_11.5.0_7232\workspace\sln_alexa_iot_iled_blinky\component\lists" -I"C:\Users\amos.zhou\Documents\MCUXpressoIDE_11.5.0_7232\workspace\sln_alexa_iot_iled_blinky\xip" -I"C:\Users\amos.zhou\Documents\MCUXpressoIDE_11.5.0_7232\workspace\sln_alexa_iot_iled_blinky\CMSIS" -O0 -fno-common -g3 -Wall -c  -ffunction-sections  -fdata-sections  -ffreestanding  -fno-builtin -fmerge-constants -fmacro-prefix-map="../board/"= -mcpu=cortex-m7 -mfpu=fpv5-d16 -mfloat-abi=hard -mthumb -D__REDLIB__ -fstack-usage -specs=redlib.specs -MMD -MP -MF"board/board.d" -MT"board/board.o" -MT"board/board.d" -o "board/board.o" "../board/board.c"
Finished building: ../drivers/fsl_trng.c
Finished building: ../device/system_MIMXRT106A.c
 
Finished building: ../component/uart/lpuart_adapter.c
 
Building file: ../board/dcd.c
Finished building: ../component/serial_manager/serial_manager.c
Finished building: ../component/lists/generic_list.c
Finished building: ../component/serial_manager/serial_port_uart.c
 
Building file: ../board/pin_mux.c
Finished building: ../board/board.c
Finished building: ../board/clock_config.c
Invoking: MCU C Compiler
 
 
 
arm-none-eabi-gcc -std=gnu99 -DCPU_MIMXRT106ADVL6A -DCPU_MIMXRT106ADVL6A_cm7 -DSDK_DEBUGCONSOLE=1 -DPRINTF_FLOAT_ENABLE=0 -DSCANF_FLOAT_ENABLE=0 -DPRINTF_ADVANCED_ENABLE=0 -DSCANF_ADVANCED_ENABLE=0 -DXIP_EXTERNAL_FLASH=1 -DXIP_BOOT_HEADER_ENABLE=1 -DXIP_BOOT_HEADER_DCD_ENABLE=1 -DCONFIG_FLEXRAM_AT_STARTUP=1 -DSERIAL_PORT_TYPE_UART=1 -DCR_INTEGER_PRINTF -D__MCUXPRESSO -D__USE_CMSIS -DDEBUG -D__REDLIB__ -I"C:\Users\amos.zhou\Documents\MCUXpressoIDE_11.5.0_7232\workspace\sln_alexa_iot_iled_blinky\board" -I"C:\Users\amos.zhou\Documents\MCUXpressoIDE_11.5.0_7232\workspace\sln_alexa_iot_iled_blinky\source" -I"C:\Users\amos.zhou\Documents\MCUXpressoIDE_11.5.0_7232\workspace\sln_alexa_iot_iled_blinky" -I"C:\Users\amos.zhou\Documents\MCUXpressoIDE_11.5.0_7232\workspace\sln_alexa_iot_iled_blinky\drivers" -I"C:\Users\amos.zhou\Documents\MCUXpressoIDE_11.5.0_7232\workspace\sln_alexa_iot_iled_blinky\device" -I"C:\Users\amos.zhou\Documents\MCUXpressoIDE_11.5.0_7232\workspace\sln_alexa_iot_iled_blinky\utilities" -I"C:\Users\amos.zhou\Documents\MCUXpressoIDE_11.5.0_7232\workspace\sln_alexa_iot_iled_blinky\component\uart" -I"C:\Users\amos.zhou\Documents\MCUXpressoIDE_11.5.0_7232\workspace\sln_alexa_iot_iled_blinky\component\serial_manager" -I"C:\Users\amos.zhou\Documents\MCUXpressoIDE_11.5.0_7232\workspace\sln_alexa_iot_iled_blinky\component\lists" -I"C:\Users\amos.zhou\Documents\MCUXpressoIDE_11.5.0_7232\workspace\sln_alexa_iot_iled_blinky\xip" -I"C:\Users\amos.zhou\Documents\MCUXpressoIDE_11.5.0_7232\workspace\sln_alexa_iot_iled_blinky\CMSIS" -O0 -fno-common -g3 -Wall -c  -ffunction-sections  -fdata-sections  -ffreestanding  -fno-builtin -fmerge-constants -fmacro-prefix-map="../board/"= -mcpu=cortex-m7 -mfpu=fpv5-d16 -mfloat-abi=hard -mthumb -D__REDLIB__ -fstack-usage -specs=redlib.specs -MMD -MP -MF"board/dcd.d" -MT"board/dcd.o" -MT"board/dcd.d" -o "board/dcd.o" "../board/dcd.c"
Invoking: MCU C Compiler
 
 
arm-none-eabi-gcc -std=gnu99 -DCPU_MIMXRT106ADVL6A -DCPU_MIMXRT106ADVL6A_cm7 -DSDK_DEBUGCONSOLE=1 -DPRINTF_FLOAT_ENABLE=0 -DSCANF_FLOAT_ENABLE=0 -DPRINTF_ADVANCED_ENABLE=0 -DSCANF_ADVANCED_ENABLE=0 -DXIP_EXTERNAL_FLASH=1 -DXIP_BOOT_HEADER_ENABLE=1 -DXIP_BOOT_HEADER_DCD_ENABLE=1 -DCONFIG_FLEXRAM_AT_STARTUP=1 -DSERIAL_PORT_TYPE_UART=1 -DCR_INTEGER_PRINTF -D__MCUXPRESSO -D__USE_CMSIS -DDEBUG -D__REDLIB__ -I"C:\Users\amos.zhou\Documents\MCUXpressoIDE_11.5.0_7232\workspace\sln_alexa_iot_iled_blinky\board" -I"C:\Users\amos.zhou\Documents\MCUXpressoIDE_11.5.0_7232\workspace\sln_alexa_iot_iled_blinky\source" -I"C:\Users\amos.zhou\Documents\MCUXpressoIDE_11.5.0_7232\workspace\sln_alexa_iot_iled_blinky" -I"C:\Users\amos.zhou\Documents\MCUXpressoIDE_11.5.0_7232\workspace\sln_alexa_iot_iled_blinky\drivers" -I"C:\Users\amos.zhou\Documents\MCUXpressoIDE_11.5.0_7232\workspace\sln_alexa_iot_iled_blinky\device" -I"C:\Users\amos.zhou\Documents\MCUXpressoIDE_11.5.0_7232\workspace\sln_alexa_iot_iled_blinky\utilities" -I"C:\Users\amos.zhou\Documents\MCUXpressoIDE_11.5.0_7232\workspace\sln_alexa_iot_iled_blinky\component\uart" -I"C:\Users\amos.zhou\Documents\MCUXpressoIDE_11.5.0_7232\workspace\sln_alexa_iot_iled_blinky\component\serial_manager" -I"C:\Users\amos.zhou\Documents\MCUXpressoIDE_11.5.0_7232\workspace\sln_alexa_iot_iled_blinky\component\lists" -I"C:\Users\amos.zhou\Documents\MCUXpressoIDE_11.5.0_7232\workspace\sln_alexa_iot_iled_blinky\xip" -I"C:\Users\amos.zhou\Documents\MCUXpressoIDE_11.5.0_7232\workspace\sln_alexa_iot_iled_blinky\CMSIS" -O0 -fno-common -g3 -Wall -c  -ffunction-sections  -fdata-sections  -ffreestanding  -fno-builtin -fmerge-constants -fmacro-prefix-map="../board/"= -mcpu=cortex-m7 -mfpu=fpv5-d16 -mfloat-abi=hard -mthumb -D__REDLIB__ -fstack-usage -specs=redlib.specs -MMD -MP -MF"board/pin_mux.d" -MT"board/pin_mux.o" -MT"board/pin_mux.d" -o "board/pin_mux.o" "../board/pin_mux.c"
Finished building: ../board/dcd.c
 
Finished building: ../board/pin_mux.c
 
Building target: sln_alexa_iot_iled_blinky.axf
Invoking: MCU Linker
arm-none-eabi-gcc -nostdlib -Xlinker -Map="sln_alexa_iot_iled_blinky.map" -Xlinker --gc-sections -Xlinker -print-memory-usage -Xlinker --sort-section=alignment -Xlinker --cref -mcpu=cortex-m7 -mfpu=fpv5-d16 -mfloat-abi=hard -mthumb -T sln_alexa_iot_iled_blinky_Debug.ld -o "sln_alexa_iot_iled_blinky.axf"  ./xip/fsl_flexspi_nor_boot.o ./xip/sln_alexa_iot_flexspi_nor_config.o  ./utilities/fsl_assert.o ./utilities/fsl_debug_console.o ./utilities/fsl_str.o  ./startup/startup_mimxrt106a.o  ./source/led_blinky.o ./source/semihost_hardfault.o  ./drivers/fsl_clock.o ./drivers/fsl_common.o ./drivers/fsl_dcp.o ./drivers/fsl_flexram.o ./drivers/fsl_flexram_allocate.o ./drivers/fsl_flexspi.o ./drivers/fsl_gpio.o ./drivers/fsl_lpuart.o ./drivers/fsl_trng.o  ./device/system_MIMXRT106A.o  ./component/uart/lpuart_adapter.o  ./component/serial_manager/serial_manager.o ./component/serial_manager/serial_port_uart.o  ./component/lists/generic_list.o  ./board/board.o ./board/clock_config.o ./board/dcd.o ./board/pin_mux.o   
d:/nxp/mcuxpressoide_11.5.0_7232/ide/plugins/com.nxp.mcuxpresso.tools.win32_11.5.0.202107051138/tools/bin/../lib/gcc/arm-none-eabi/10.3.1/../../../../arm-none-eabi/bin/ld.exe: ./source/led_blinky.o: in function `main':
C:\Users\amos.zhou\Documents\MCUXpressoIDE_11.5.0_7232\workspace\sln_alexa_iot_iled_blinky\Debug/../source/led_blinky.c:79: undefined reference to `SysTick_DelayTiscks'
Memory region         Used Size  Region Size  %age Used
     BOARD_FLASH:       22828 B        10 MB      0.22%
        SRAM_DTC:        8484 B       480 KB      1.73%
        SRAM_ITC:          0 GB        32 KB      0.00%
SRAM_OC_NON_CACHEABLE:          0 GB       256 KB      0.00%
SRAM_OC_CACHEABLE:          0 GB       256 KB      0.00%
collect2.exe: error: ld returned 1 exit status
make[1]: *** [makefile:56: sln_alexa_iot_iled_blinky.axf] Error 1
make: *** [makefile:47: all] Error 2
"make -r -j8 all" terminated with exit code 2. Build might be incomplete.
09:26:00 **** Incremental Build of configuration Debug for project sln_alexa_iot_iled_blinky ****
make -r -j8 all 
Building file: ../source/led_blinky.c
Invoking: MCU C Compiler
arm-none-eabi-gcc -std=gnu99 -DCPU_MIMXRT106ADVL6A -DCPU_MIMXRT106ADVL6A_cm7 -DSDK_DEBUGCONSOLE=1 -DPRINTF_FLOAT_ENABLE=0 -DSCANF_FLOAT_ENABLE=0 -DPRINTF_ADVANCED_ENABLE=0 -DSCANF_ADVANCED_ENABLE=0 -DXIP_EXTERNAL_FLASH=1 -DXIP_BOOT_HEADER_ENABLE=1 -DXIP_BOOT_HEADER_DCD_ENABLE=1 -DCONFIG_FLEXRAM_AT_STARTUP=1 -DSERIAL_PORT_TYPE_UART=1 -DCR_INTEGER_PRINTF -D__MCUXPRESSO -D__USE_CMSIS -DDEBUG -D__REDLIB__ -I"C:\Users\amos.zhou\Documents\MCUXpressoIDE_11.5.0_7232\workspace\sln_alexa_iot_iled_blinky\board" -I"C:\Users\amos.zhou\Documents\MCUXpressoIDE_11.5.0_7232\workspace\sln_alexa_iot_iled_blinky\source" -I"C:\Users\amos.zhou\Documents\MCUXpressoIDE_11.5.0_7232\workspace\sln_alexa_iot_iled_blinky" -I"C:\Users\amos.zhou\Documents\MCUXpressoIDE_11.5.0_7232\workspace\sln_alexa_iot_iled_blinky\drivers" -I"C:\Users\amos.zhou\Documents\MCUXpressoIDE_11.5.0_7232\workspace\sln_alexa_iot_iled_blinky\device" -I"C:\Users\amos.zhou\Documents\MCUXpressoIDE_11.5.0_7232\workspace\sln_alexa_iot_iled_blinky\utilities" -I"C:\Users\amos.zhou\Documents\MCUXpressoIDE_11.5.0_7232\workspace\sln_alexa_iot_iled_blinky\component\uart" -I"C:\Users\amos.zhou\Documents\MCUXpressoIDE_11.5.0_7232\workspace\sln_alexa_iot_iled_blinky\component\serial_manager" -I"C:\Users\amos.zhou\Documents\MCUXpressoIDE_11.5.0_7232\workspace\sln_alexa_iot_iled_blinky\component\lists" -I"C:\Users\amos.zhou\Documents\MCUXpressoIDE_11.5.0_7232\workspace\sln_alexa_iot_iled_blinky\xip" -I"C:\Users\amos.zhou\Documents\MCUXpressoIDE_11.5.0_7232\workspace\sln_alexa_iot_iled_blinky\CMSIS" -O0 -fno-common -g3 -Wall -c  -ffunction-sections  -fdata-sections  -ffreestanding  -fno-builtin -fmerge-constants -fmacro-prefix-map="../source/"= -mcpu=cortex-m7 -mfpu=fpv5-d16 -mfloat-abi=hard -mthumb -D__REDLIB__ -fstack-usage -specs=redlib.specs -MMD -MP -MF"source/led_blinky.d" -MT"source/led_blinky.o" -MT"source/led_blinky.d" -o "source/led_blinky.o" "../source/led_blinky.c"
Finished building: ../source/led_blinky.c
 
Building target: sln_alexa_iot_iled_blinky.axf
Invoking: MCU Linker
arm-none-eabi-gcc -nostdlib -Xlinker -Map="sln_alexa_iot_iled_blinky.map" -Xlinker --gc-sections -Xlinker -print-memory-usage -Xlinker --sort-section=alignment -Xlinker --cref -mcpu=cortex-m7 -mfpu=fpv5-d16 -mfloat-abi=hard -mthumb -T sln_alexa_iot_iled_blinky_Debug.ld -o "sln_alexa_iot_iled_blinky.axf"  ./xip/fsl_flexspi_nor_boot.o ./xip/sln_alexa_iot_flexspi_nor_config.o  ./utilities/fsl_assert.o ./utilities/fsl_debug_console.o ./utilities/fsl_str.o  ./startup/startup_mimxrt106a.o  ./source/led_blinky.o ./source/semihost_hardfault.o  ./drivers/fsl_clock.o ./drivers/fsl_common.o ./drivers/fsl_dcp.o ./drivers/fsl_flexram.o ./drivers/fsl_flexram_allocate.o ./drivers/fsl_flexspi.o ./drivers/fsl_gpio.o ./drivers/fsl_lpuart.o ./drivers/fsl_trng.o  ./device/system_MIMXRT106A.o  ./component/uart/lpuart_adapter.o  ./component/serial_manager/serial_manager.o ./component/serial_manager/serial_port_uart.o  ./component/lists/generic_list.o  ./board/board.o ./board/clock_config.o ./board/dcd.o ./board/pin_mux.o   
Memory region         Used Size  Region Size  %age Used
     BOARD_FLASH:       22836 B        10 MB      0.22%
        SRAM_DTC:        8484 B       480 KB      1.73%
        SRAM_ITC:          0 GB        32 KB      0.00%
SRAM_OC_NON_CACHEABLE:          0 GB       256 KB      0.00%
SRAM_OC_CACHEABLE:          0 GB       256 KB      0.00%
Finished building target: sln_alexa_iot_iled_blinky.axf
 
Performing post-build steps
arm-none-eabi-size "sln_alexa_iot_iled_blinky.axf"; # arm-none-eabi-objcopy -v -O binary "sln_alexa_iot_iled_blinky.axf" "sln_alexa_iot_iled_blinky.bin" ; # checksum -p MIMXRT106AxxxxA -d "sln_alexa_iot_iled_blinky.bin";
   text	   data	    bss	    dec	    hex	filename
  22832	      4	   8480	  31316	   7a54	sln_alexa_iot_iled_blinky.axf
 
09:28:26 **** Incremental Build of configuration Debug for project sln_alexa_iot_iled_blinky ****
make -r -j8 all 
Building file: ../source/led_blinky.c
Invoking: MCU C Compiler
arm-none-eabi-gcc -std=gnu99 -DCPU_MIMXRT106ADVL6A -DCPU_MIMXRT106ADVL6A_cm7 -DSDK_DEBUGCONSOLE=1 -DPRINTF_FLOAT_ENABLE=0 -DSCANF_FLOAT_ENABLE=0 -DPRINTF_ADVANCED_ENABLE=0 -DSCANF_ADVANCED_ENABLE=0 -DXIP_EXTERNAL_FLASH=1 -DXIP_BOOT_HEADER_ENABLE=1 -DXIP_BOOT_HEADER_DCD_ENABLE=1 -DCONFIG_FLEXRAM_AT_STARTUP=1 -DSERIAL_PORT_TYPE_UART=1 -DCR_INTEGER_PRINTF -D__MCUXPRESSO -D__USE_CMSIS -DDEBUG -D__REDLIB__ -I"C:\Users\amos.zhou\Documents\MCUXpressoIDE_11.5.0_7232\workspace\sln_alexa_iot_iled_blinky\board" -I"C:\Users\amos.zhou\Documents\MCUXpressoIDE_11.5.0_7232\workspace\sln_alexa_iot_iled_blinky\source" -I"C:\Users\amos.zhou\Documents\MCUXpressoIDE_11.5.0_7232\workspace\sln_alexa_iot_iled_blinky" -I"C:\Users\amos.zhou\Documents\MCUXpressoIDE_11.5.0_7232\workspace\sln_alexa_iot_iled_blinky\drivers" -I"C:\Users\amos.zhou\Documents\MCUXpressoIDE_11.5.0_7232\workspace\sln_alexa_iot_iled_blinky\device" -I"C:\Users\amos.zhou\Documents\MCUXpressoIDE_11.5.0_7232\workspace\sln_alexa_iot_iled_blinky\utilities" -I"C:\Users\amos.zhou\Documents\MCUXpressoIDE_11.5.0_7232\workspace\sln_alexa_iot_iled_blinky\component\uart" -I"C:\Users\amos.zhou\Documents\MCUXpressoIDE_11.5.0_7232\workspace\sln_alexa_iot_iled_blinky\component\serial_manager" -I"C:\Users\amos.zhou\Documents\MCUXpressoIDE_11.5.0_7232\workspace\sln_alexa_iot_iled_blinky\component\lists" -I"C:\Users\amos.zhou\Documents\MCUXpressoIDE_11.5.0_7232\workspace\sln_alexa_iot_iled_blinky\xip" -I"C:\Users\amos.zhou\Documents\MCUXpressoIDE_11.5.0_7232\workspace\sln_alexa_iot_iled_blinky\CMSIS" -O0 -fno-common -g3 -Wall -c  -ffunction-sections  -fdata-sections  -ffreestanding  -fno-builtin -fmerge-constants -fmacro-prefix-map="../source/"= -mcpu=cortex-m7 -mfpu=fpv5-d16 -mfloat-abi=hard -mthumb -D__REDLIB__ -fstack-usage -specs=redlib.specs -MMD -MP -MF"source/led_blinky.d" -MT"source/led_blinky.o" -MT"source/led_blinky.d" -o "source/led_blinky.o" "../source/led_blinky.c"
Finished building: ../source/led_blinky.c
 
Building target: sln_alexa_iot_iled_blinky.axf
Invoking: MCU Linker
arm-none-eabi-gcc -nostdlib -Xlinker -Map="sln_alexa_iot_iled_blinky.map" -Xlinker --gc-sections -Xlinker -print-memory-usage -Xlinker --sort-section=alignment -Xlinker --cref -mcpu=cortex-m7 -mfpu=fpv5-d16 -mfloat-abi=hard -mthumb -T sln_alexa_iot_iled_blinky_Debug.ld -o "sln_alexa_iot_iled_blinky.axf"  ./xip/fsl_flexspi_nor_boot.o ./xip/sln_alexa_iot_flexspi_nor_config.o  ./utilities/fsl_assert.o ./utilities/fsl_debug_console.o ./utilities/fsl_str.o  ./startup/startup_mimxrt106a.o  ./source/led_blinky.o ./source/semihost_hardfault.o  ./drivers/fsl_clock.o ./drivers/fsl_common.o ./drivers/fsl_dcp.o ./drivers/fsl_flexram.o ./drivers/fsl_flexram_allocate.o ./drivers/fsl_flexspi.o ./drivers/fsl_gpio.o ./drivers/fsl_lpuart.o ./drivers/fsl_trng.o  ./device/system_MIMXRT106A.o  ./component/uart/lpuart_adapter.o  ./component/serial_manager/serial_manager.o ./component/serial_manager/serial_port_uart.o  ./component/lists/generic_list.o  ./board/board.o ./board/clock_config.o ./board/dcd.o ./board/pin_mux.o   
Memory region         Used Size  Region Size  %age Used
     BOARD_FLASH:       22836 B        10 MB      0.22%
        SRAM_DTC:        8484 B       480 KB      1.73%
        SRAM_ITC:          0 GB        32 KB      0.00%
SRAM_OC_NON_CACHEABLE:          0 GB       256 KB      0.00%
SRAM_OC_CACHEABLE:          0 GB       256 KB      0.00%
Finished building target: sln_alexa_iot_iled_blinky.axf
 
Performing post-build steps
arm-none-eabi-size "sln_alexa_iot_iled_blinky.axf"; # arm-none-eabi-objcopy -v -O binary "sln_alexa_iot_iled_blinky.axf" "sln_alexa_iot_iled_blinky.bin" ; # checksum -p MIMXRT106AxxxxA -d "sln_alexa_iot_iled_blinky.bin";
   text	   data	    bss	    dec	    hex	filename
  22832	      4	   8480	  31316	   7a54	sln_alexa_iot_iled_blinky.axf
 
09:29:17 **** Incremental Build of configuration Debug for project sln_alexa_iot_iled_blinky ****
make -r -j8 all 
make[1]: Nothing to be done for 'main-build'.
Performing post-build steps
arm-none-eabi-size "sln_alexa_iot_iled_blinky.axf"; # arm-none-eabi-objcopy -v -O binary "sln_alexa_iot_iled_blinky.axf" "sln_alexa_iot_iled_blinky.bin" ; # checksum -p MIMXRT106AxxxxA -d "sln_alexa_iot_iled_blinky.bin";
   text	   data	    bss	    dec	    hex	filename
  22832	      4	   8480	  31316	   7a54	sln_alexa_iot_iled_blinky.axf
 
09:30:42 **** Incremental Build of configuration Debug for project sln_alexa_iot_iled_blinky ****
make -r -j8 all 
Building file: ../source/led_blinky.c
Invoking: MCU C Compiler
arm-none-eabi-gcc -std=gnu99 -DCPU_MIMXRT106ADVL6A -DCPU_MIMXRT106ADVL6A_cm7 -DSDK_DEBUGCONSOLE=1 -DPRINTF_FLOAT_ENABLE=0 -DSCANF_FLOAT_ENABLE=0 -DPRINTF_ADVANCED_ENABLE=0 -DSCANF_ADVANCED_ENABLE=0 -DXIP_EXTERNAL_FLASH=1 -DXIP_BOOT_HEADER_ENABLE=1 -DXIP_BOOT_HEADER_DCD_ENABLE=1 -DCONFIG_FLEXRAM_AT_STARTUP=1 -DSERIAL_PORT_TYPE_UART=1 -DCR_INTEGER_PRINTF -D__MCUXPRESSO -D__USE_CMSIS -DDEBUG -D__REDLIB__ -I"C:\Users\amos.zhou\Documents\MCUXpressoIDE_11.5.0_7232\workspace\sln_alexa_iot_iled_blinky\board" -I"C:\Users\amos.zhou\Documents\MCUXpressoIDE_11.5.0_7232\workspace\sln_alexa_iot_iled_blinky\source" -I"C:\Users\amos.zhou\Documents\MCUXpressoIDE_11.5.0_7232\workspace\sln_alexa_iot_iled_blinky" -I"C:\Users\amos.zhou\Documents\MCUXpressoIDE_11.5.0_7232\workspace\sln_alexa_iot_iled_blinky\drivers" -I"C:\Users\amos.zhou\Documents\MCUXpressoIDE_11.5.0_7232\workspace\sln_alexa_iot_iled_blinky\device" -I"C:\Users\amos.zhou\Documents\MCUXpressoIDE_11.5.0_7232\workspace\sln_alexa_iot_iled_blinky\utilities" -I"C:\Users\amos.zhou\Documents\MCUXpressoIDE_11.5.0_7232\workspace\sln_alexa_iot_iled_blinky\component\uart" -I"C:\Users\amos.zhou\Documents\MCUXpressoIDE_11.5.0_7232\workspace\sln_alexa_iot_iled_blinky\component\serial_manager" -I"C:\Users\amos.zhou\Documents\MCUXpressoIDE_11.5.0_7232\workspace\sln_alexa_iot_iled_blinky\component\lists" -I"C:\Users\amos.zhou\Documents\MCUXpressoIDE_11.5.0_7232\workspace\sln_alexa_iot_iled_blinky\xip" -I"C:\Users\amos.zhou\Documents\MCUXpressoIDE_11.5.0_7232\workspace\sln_alexa_iot_iled_blinky\CMSIS" -O0 -fno-common -g3 -Wall -c  -ffunction-sections  -fdata-sections  -ffreestanding  -fno-builtin -fmerge-constants -fmacro-prefix-map="../source/"= -mcpu=cortex-m7 -mfpu=fpv5-d16 -mfloat-abi=hard -mthumb -D__REDLIB__ -fstack-usage -specs=redlib.specs -MMD -MP -MF"source/led_blinky.d" -MT"source/led_blinky.o" -MT"source/led_blinky.d" -o "source/led_blinky.o" "../source/led_blinky.c"
Finished building: ../source/led_blinky.c
 
Building target: sln_alexa_iot_iled_blinky.axf
Invoking: MCU Linker
arm-none-eabi-gcc -nostdlib -Xlinker -Map="sln_alexa_iot_iled_blinky.map" -Xlinker --gc-sections -Xlinker -print-memory-usage -Xlinker --sort-section=alignment -Xlinker --cref -mcpu=cortex-m7 -mfpu=fpv5-d16 -mfloat-abi=hard -mthumb -T sln_alexa_iot_iled_blinky_Debug.ld -o "sln_alexa_iot_iled_blinky.axf"  ./xip/fsl_flexspi_nor_boot.o ./xip/sln_alexa_iot_flexspi_nor_config.o  ./utilities/fsl_assert.o ./utilities/fsl_debug_console.o ./utilities/fsl_str.o  ./startup/startup_mimxrt106a.o  ./source/led_blinky.o ./source/semihost_hardfault.o  ./drivers/fsl_clock.o ./drivers/fsl_common.o ./drivers/fsl_dcp.o ./drivers/fsl_flexram.o ./drivers/fsl_flexram_allocate.o ./drivers/fsl_flexspi.o ./drivers/fsl_gpio.o ./drivers/fsl_lpuart.o ./drivers/fsl_trng.o  ./device/system_MIMXRT106A.o  ./component/uart/lpuart_adapter.o  ./component/serial_manager/serial_manager.o ./component/serial_manager/serial_port_uart.o  ./component/lists/generic_list.o  ./board/board.o ./board/clock_config.o ./board/dcd.o ./board/pin_mux.o   
Memory region         Used Size  Region Size  %age Used
     BOARD_FLASH:       22832 B        10 MB      0.22%
        SRAM_DTC:        8484 B       480 KB      1.73%
        SRAM_ITC:          0 GB        32 KB      0.00%
SRAM_OC_NON_CACHEABLE:          0 GB       256 KB      0.00%
SRAM_OC_CACHEABLE:          0 GB       256 KB      0.00%
Finished building target: sln_alexa_iot_iled_blinky.axf
 
Performing post-build steps
arm-none-eabi-size "sln_alexa_iot_iled_blinky.axf"; # arm-none-eabi-objcopy -v -O binary "sln_alexa_iot_iled_blinky.axf" "sln_alexa_iot_iled_blinky.bin" ; # checksum -p MIMXRT106AxxxxA -d "sln_alexa_iot_iled_blinky.bin";
   text	   data	    bss	    dec	    hex	filename
  22828	      4	   8480	  31312	   7a50	sln_alexa_iot_iled_blinky.axf
 
09:32:42 **** Incremental Build of configuration Debug for project sln_alexa_iot_iled_blinky ****
make -r -j8 all 
Building file: ../xip/fsl_flexspi_nor_boot.c
Building file: ../source/led_blinky.c
Building file: ../board/board.c
Invoking: MCU C Compiler
Invoking: MCU C Compiler
Invoking: MCU C Compiler
arm-none-eabi-gcc -std=gnu99 -DCPU_MIMXRT106ADVL6A -DCPU_MIMXRT106ADVL6A_cm7 -DSDK_DEBUGCONSOLE=1 -DPRINTF_FLOAT_ENABLE=0 -DSCANF_FLOAT_ENABLE=0 -DPRINTF_ADVANCED_ENABLE=0 -DSCANF_ADVANCED_ENABLE=0 -DXIP_EXTERNAL_FLASH=1 -DXIP_BOOT_HEADER_ENABLE=1 -DXIP_BOOT_HEADER_DCD_ENABLE=1 -DCONFIG_FLEXRAM_AT_STARTUP=1 -DSERIAL_PORT_TYPE_UART=1 -DCR_INTEGER_PRINTF -D__MCUXPRESSO -D__USE_CMSIS -DDEBUG -D__REDLIB__ -I"C:\Users\amos.zhou\Documents\MCUXpressoIDE_11.5.0_7232\workspace\sln_alexa_iot_iled_blinky\board" -I"C:\Users\amos.zhou\Documents\MCUXpressoIDE_11.5.0_7232\workspace\sln_alexa_iot_iled_blinky\source" -I"C:\Users\amos.zhou\Documents\MCUXpressoIDE_11.5.0_7232\workspace\sln_alexa_iot_iled_blinky" -I"C:\Users\amos.zhou\Documents\MCUXpressoIDE_11.5.0_7232\workspace\sln_alexa_iot_iled_blinky\drivers" -I"C:\Users\amos.zhou\Documents\MCUXpressoIDE_11.5.0_7232\workspace\sln_alexa_iot_iled_blinky\device" -I"C:\Users\amos.zhou\Documents\MCUXpressoIDE_11.5.0_7232\workspace\sln_alexa_iot_iled_blinky\utilities" -I"C:\Users\amos.zhou\Documents\MCUXpressoIDE_11.5.0_7232\workspace\sln_alexa_iot_iled_blinky\component\uart" -I"C:\Users\amos.zhou\Documents\MCUXpressoIDE_11.5.0_7232\workspace\sln_alexa_iot_iled_blinky\component\serial_manager" -I"C:\Users\amos.zhou\Documents\MCUXpressoIDE_11.5.0_7232\workspace\sln_alexa_iot_iled_blinky\component\lists" -I"C:\Users\amos.zhou\Documents\MCUXpressoIDE_11.5.0_7232\workspace\sln_alexa_iot_iled_blinky\xip" -I"C:\Users\amos.zhou\Documents\MCUXpressoIDE_11.5.0_7232\workspace\sln_alexa_iot_iled_blinky\CMSIS" -O0 -fno-common -g3 -Wall -c  -ffunction-sections  -fdata-sections  -ffreestanding  -fno-builtin -fmerge-constants -fmacro-prefix-map="../xip/"= -mcpu=cortex-m7 -mfpu=fpv5-d16 -mfloat-abi=hard -mthumb -D__REDLIB__ -fstack-usage -specs=redlib.specs -MMD -MP -MF"xip/fsl_flexspi_nor_boot.d" -MT"xip/fsl_flexspi_nor_boot.o" -MT"xip/fsl_flexspi_nor_boot.d" -o "xip/fsl_flexspi_nor_boot.o" "../xip/fsl_flexspi_nor_boot.c"
arm-none-eabi-gcc -std=gnu99 -DCPU_MIMXRT106ADVL6A -DCPU_MIMXRT106ADVL6A_cm7 -DSDK_DEBUGCONSOLE=1 -DPRINTF_FLOAT_ENABLE=0 -DSCANF_FLOAT_ENABLE=0 -DPRINTF_ADVANCED_ENABLE=0 -DSCANF_ADVANCED_ENABLE=0 -DXIP_EXTERNAL_FLASH=1 -DXIP_BOOT_HEADER_ENABLE=1 -DXIP_BOOT_HEADER_DCD_ENABLE=1 -DCONFIG_FLEXRAM_AT_STARTUP=1 -DSERIAL_PORT_TYPE_UART=1 -DCR_INTEGER_PRINTF -D__MCUXPRESSO -D__USE_CMSIS -DDEBUG -D__REDLIB__ -I"C:\Users\amos.zhou\Documents\MCUXpressoIDE_11.5.0_7232\workspace\sln_alexa_iot_iled_blinky\board" -I"C:\Users\amos.zhou\Documents\MCUXpressoIDE_11.5.0_7232\workspace\sln_alexa_iot_iled_blinky\source" -I"C:\Users\amos.zhou\Documents\MCUXpressoIDE_11.5.0_7232\workspace\sln_alexa_iot_iled_blinky" -I"C:\Users\amos.zhou\Documents\MCUXpressoIDE_11.5.0_7232\workspace\sln_alexa_iot_iled_blinky\drivers" -I"C:\Users\amos.zhou\Documents\MCUXpressoIDE_11.5.0_7232\workspace\sln_alexa_iot_iled_blinky\device" -I"C:\Users\amos.zhou\Documents\MCUXpressoIDE_11.5.0_7232\workspace\sln_alexa_iot_iled_blinky\utilities" -I"C:\Users\amos.zhou\Documents\MCUXpressoIDE_11.5.0_7232\workspace\sln_alexa_iot_iled_blinky\component\uart" -I"C:\Users\amos.zhou\Documents\MCUXpressoIDE_11.5.0_7232\workspace\sln_alexa_iot_iled_blinky\component\serial_manager" -I"C:\Users\amos.zhou\Documents\MCUXpressoIDE_11.5.0_7232\workspace\sln_alexa_iot_iled_blinky\component\lists" -I"C:\Users\amos.zhou\Documents\MCUXpressoIDE_11.5.0_7232\workspace\sln_alexa_iot_iled_blinky\xip" -I"C:\Users\amos.zhou\Documents\MCUXpressoIDE_11.5.0_7232\workspace\sln_alexa_iot_iled_blinky\CMSIS" -O0 -fno-common -g3 -Wall -c  -ffunction-sections  -fdata-sections  -ffreestanding  -fno-builtin -fmerge-constants -fmacro-prefix-map="../source/"= -mcpu=cortex-m7 -mfpu=fpv5-d16 -mfloat-abi=hard -mthumb -D__REDLIB__ -fstack-usage -specs=redlib.specs -MMD -MP -MF"source/led_blinky.d" -MT"source/led_blinky.o" -MT"source/led_blinky.d" -o "source/led_blinky.o" "../source/led_blinky.c"
arm-none-eabi-gcc -std=gnu99 -DCPU_MIMXRT106ADVL6A -DCPU_MIMXRT106ADVL6A_cm7 -DSDK_DEBUGCONSOLE=1 -DPRINTF_FLOAT_ENABLE=0 -DSCANF_FLOAT_ENABLE=0 -DPRINTF_ADVANCED_ENABLE=0 -DSCANF_ADVANCED_ENABLE=0 -DXIP_EXTERNAL_FLASH=1 -DXIP_BOOT_HEADER_ENABLE=1 -DXIP_BOOT_HEADER_DCD_ENABLE=1 -DCONFIG_FLEXRAM_AT_STARTUP=1 -DSERIAL_PORT_TYPE_UART=1 -DCR_INTEGER_PRINTF -D__MCUXPRESSO -D__USE_CMSIS -DDEBUG -D__REDLIB__ -I"C:\Users\amos.zhou\Documents\MCUXpressoIDE_11.5.0_7232\workspace\sln_alexa_iot_iled_blinky\board" -I"C:\Users\amos.zhou\Documents\MCUXpressoIDE_11.5.0_7232\workspace\sln_alexa_iot_iled_blinky\source" -I"C:\Users\amos.zhou\Documents\MCUXpressoIDE_11.5.0_7232\workspace\sln_alexa_iot_iled_blinky" -I"C:\Users\amos.zhou\Documents\MCUXpressoIDE_11.5.0_7232\workspace\sln_alexa_iot_iled_blinky\drivers" -I"C:\Users\amos.zhou\Documents\MCUXpressoIDE_11.5.0_7232\workspace\sln_alexa_iot_iled_blinky\device" -I"C:\Users\amos.zhou\Documents\MCUXpressoIDE_11.5.0_7232\workspace\sln_alexa_iot_iled_blinky\utilities" -I"C:\Users\amos.zhou\Documents\MCUXpressoIDE_11.5.0_7232\workspace\sln_alexa_iot_iled_blinky\component\uart" -I"C:\Users\amos.zhou\Documents\MCUXpressoIDE_11.5.0_7232\workspace\sln_alexa_iot_iled_blinky\component\serial_manager" -I"C:\Users\amos.zhou\Documents\MCUXpressoIDE_11.5.0_7232\workspace\sln_alexa_iot_iled_blinky\component\lists" -I"C:\Users\amos.zhou\Documents\MCUXpressoIDE_11.5.0_7232\workspace\sln_alexa_iot_iled_blinky\xip" -I"C:\Users\amos.zhou\Documents\MCUXpressoIDE_11.5.0_7232\workspace\sln_alexa_iot_iled_blinky\CMSIS" -O0 -fno-common -g3 -Wall -c  -ffunction-sections  -fdata-sections  -ffreestanding  -fno-builtin -fmerge-constants -fmacro-prefix-map="../board/"= -mcpu=cortex-m7 -mfpu=fpv5-d16 -mfloat-abi=hard -mthumb -D__REDLIB__ -fstack-usage -specs=redlib.specs -MMD -MP -MF"board/board.d" -MT"board/board.o" -MT"board/board.d" -o "board/board.o" "../board/board.c"
Finished building: ../xip/fsl_flexspi_nor_boot.c
Finished building: ../source/led_blinky.c
Finished building: ../board/board.c
 
 
 
Building target: sln_alexa_iot_iled_blinky.axf
Invoking: MCU Linker
arm-none-eabi-gcc -nostdlib -Xlinker -Map="sln_alexa_iot_iled_blinky.map" -Xlinker --gc-sections -Xlinker -print-memory-usage -Xlinker --sort-section=alignment -Xlinker --cref -mcpu=cortex-m7 -mfpu=fpv5-d16 -mfloat-abi=hard -mthumb -T sln_alexa_iot_iled_blinky_Debug.ld -o "sln_alexa_iot_iled_blinky.axf"  ./xip/fsl_flexspi_nor_boot.o ./xip/sln_alexa_iot_flexspi_nor_config.o  ./utilities/fsl_assert.o ./utilities/fsl_debug_console.o ./utilities/fsl_str.o  ./startup/startup_mimxrt106a.o  ./source/led_blinky.o ./source/semihost_hardfault.o  ./drivers/fsl_clock.o ./drivers/fsl_common.o ./drivers/fsl_dcp.o ./drivers/fsl_flexram.o ./drivers/fsl_flexram_allocate.o ./drivers/fsl_flexspi.o ./drivers/fsl_gpio.o ./drivers/fsl_lpuart.o ./drivers/fsl_trng.o  ./device/system_MIMXRT106A.o  ./component/uart/lpuart_adapter.o  ./component/serial_manager/serial_manager.o ./component/serial_manager/serial_port_uart.o  ./component/lists/generic_list.o  ./board/board.o ./board/clock_config.o ./board/dcd.o ./board/pin_mux.o   
Memory region         Used Size  Region Size  %age Used
     BOARD_FLASH:       22828 B        10 MB      0.22%
        SRAM_DTC:        8484 B       480 KB      1.73%
        SRAM_ITC:          0 GB        32 KB      0.00%
SRAM_OC_NON_CACHEABLE:          0 GB       256 KB      0.00%
SRAM_OC_CACHEABLE:          0 GB       256 KB      0.00%
Finished building target: sln_alexa_iot_iled_blinky.axf
 
Performing post-build steps
arm-none-eabi-size "sln_alexa_iot_iled_blinky.axf"; # arm-none-eabi-objcopy -v -O binary "sln_alexa_iot_iled_blinky.axf" "sln_alexa_iot_iled_blinky.bin" ; # checksum -p MIMXRT106AxxxxA -d "sln_alexa_iot_iled_blinky.bin";
   text	   data	    bss	    dec	    hex	filename
  22824	      4	   8480	  31308	   7a4c	sln_alexa_iot_iled_blinky.axf
 
09:35:01 **** Incremental Build of configuration Debug for project sln_alexa_iot_iled_blinky ****
make -r -j8 all 
make[1]: Nothing to be done for 'main-build'.
Performing post-build steps
arm-none-eabi-size "sln_alexa_iot_iled_blinky.axf"; # arm-none-eabi-objcopy -v -O binary "sln_alexa_iot_iled_blinky.axf" "sln_alexa_iot_iled_blinky.bin" ; # checksum -p MIMXRT106AxxxxA -d "sln_alexa_iot_iled_blinky.bin";
   text	   data	    bss	    dec	    hex	filename
  22824	      4	   8480	  31308	   7a4c	sln_alexa_iot_iled_blinky.axf
 
09:36:30 **** Incremental Build of configuration Debug for project sln_alexa_iot_iled_blinky ****
make -r -j8 all 
Building file: ../source/led_blinky.c
Invoking: MCU C Compiler
[...]
Finished building: ../board/pin_mux.c
 
Building target: sln_alexa_iot_iled_blinky.axf
Invoking: MCU Linker
arm-none-eabi-gcc -nostdlib -Xlinker -Map="sln_alexa_iot_iled_blinky.map" -Xlinker --gc-sections -Xlinker -print-memory-usage -Xlinker --sort-section=alignment -Xlinker --cref -mcpu=cortex-m7 -mfpu=fpv5-d16 -mfloat-abi=hard -mthumb -T sln_alexa_iot_iled_blinky_Debug.ld -o "sln_alexa_iot_iled_blinky.axf"  ./xip/fsl_flexspi_nor_boot.o ./xip/sln_alexa_iot_flexspi_nor_config.o  ./utilities/fsl_assert.o ./utilities/fsl_debug_console.o ./utilities/fsl_str.o  ./startup/startup_mimxrt106a.o  ./source/led_blinky.o ./source/semihost_hardfault.o  ./drivers/fsl_clock.o ./drivers/fsl_common.o ./drivers/fsl_dcp.o ./drivers/fsl_flexram.o ./drivers/fsl_flexram_allocate.o ./drivers/fsl_flexspi.o ./drivers/fsl_gpio.o ./drivers/fsl_lpuart.o ./drivers/fsl_trng.o  ./device/system_MIMXRT106A.o  ./component/uart/lpuart_adapter.o  ./component/serial_manager/serial_manager.o ./component/serial_manager/serial_port_uart.o  ./component/lists/generic_list.o  ./board/board.o ./board/clock_config.o ./board/dcd.o ./board/pin_mux.o   
Memory region         Used Size  Region Size  %age Used
     BOARD_FLASH:       22900 B        10 MB      0.22%
        SRAM_DTC:        8484 B       480 KB      1.73%
        SRAM_ITC:          0 GB        32 KB      0.00%
SRAM_OC_NON_CACHEABLE:          0 GB       256 KB      0.00%
SRAM_OC_CACHEABLE:          0 GB       256 KB      0.00%
Finished building target: sln_alexa_iot_iled_blinky.axf
 
Performing post-build steps
arm-none-eabi-size "sln_alexa_iot_iled_blinky.axf"; # arm-none-eabi-objcopy -v -O binary "sln_alexa_iot_iled_blinky.axf" "sln_alexa_iot_iled_blinky.bin" ; # checksum -p MIMXRT106AxxxxA -d "sln_alexa_iot_iled_blinky.bin";
   text	   data	    bss	    dec	    hex	filename
  22896	      4	   8480	  31380	   7a94	sln_alexa_iot_iled_blinky.axf
 
10:56:28 **** Clean-only build of configuration Debug for project sln_alexa_iot_acs_test_runner ****
make -r -j8 clean 
make: *** No rule to make target 'clean'.  Stop.
"make -r -j8 clean" terminated with exit code 2. Build might be incomplete.
10:57:08 **** Clean-only build of configuration Debug for project sln_alexa_iot_acs_test_runner ****
make -r -j8 clean 
make: *** No rule to make target 'clean'.  Stop.
"make -r -j8 clean" terminated with exit code 2. Build might be incomplete.
11:00:53 **** Clean-only build of configuration Debug for project sln_alexa_iot_acs_test_runner ****
make -r -j8 clean 
make: *** No rule to make target 'clean'.  Stop.
"make -r -j8 clean" terminated with exit code 2. Build might be incomplete.
11:01:03 **** Clean-only build of configuration Debug for project sln_alexa_iot_acs_test_runner ****
make -r -j8 clean 
make: *** No rule to make target 'clean'.  Stop.
"make -r -j8 clean" terminated with exit code 2. Build might be incomplete.
11:02:56 **** Incremental Build of configuration Debug for project sln_alexa_iot_iled_blinky ****
make -r -j8 all 
Building file: ../board/pin_mux.c
Building file: ../board/board.c
Building file: ../xip/fsl_flexspi_nor_boot.c
Building file: ../source/led_blinky.c
Invoking: MCU C Compiler
Invoking: MCU C Compiler
Invoking: MCU C Compiler
Invoking: MCU C Compiler
arm-none-eabi-gcc -std=gnu99 -D__REDLIB__ -DCPU_MIMXRT106ADVL6A -DCPU_MIMXRT106ADVL6A_cm7 -DSDK_DEBUGCONSOLE=1 -DPRINTF_FLOAT_ENABLE=0 -DSCANF_FLOAT_ENABLE=0 -DPRINTF_ADVANCED_ENABLE=0 -DSCANF_ADVANCED_ENABLE=0 -DXIP_EXTERNAL_FLASH=1 -DXIP_BOOT_HEADER_ENABLE=1 -DXIP_BOOT_HEADER_DCD_ENABLE=1 -DCONFIG_FLEXRAM_AT_STARTUP=1 -DSERIAL_PORT_TYPE_UART=1 -DCR_INTEGER_PRINTF -D__MCUXPRESSO -D__USE_CMSIS -DDEBUG -I"C:\Users\amos.zhou\Documents\MCUXpressoIDE_11.5.0_7232\workspace\sln_alexa_iot_iled_blinky\board" -I"C:\Users\amos.zhou\Documents\MCUXpressoIDE_11.5.0_7232\workspace\sln_alexa_iot_iled_blinky\source" -I"C:\Users\amos.zhou\Documents\MCUXpressoIDE_11.5.0_7232\workspace\sln_alexa_iot_iled_blinky" -I"C:\Users\amos.zhou\Documents\MCUXpressoIDE_11.5.0_7232\workspace\sln_alexa_iot_iled_blinky\drivers" -I"C:\Users\amos.zhou\Documents\MCUXpressoIDE_11.5.0_7232\workspace\sln_alexa_iot_iled_blinky\device" -I"C:\Users\amos.zhou\Documents\MCUXpressoIDE_11.5.0_7232\workspace\sln_alexa_iot_iled_blinky\utilities" -I"C:\Users\amos.zhou\Documents\MCUXpressoIDE_11.5.0_7232\workspace\sln_alexa_iot_iled_blinky\component\uart" -I"C:\Users\amos.zhou\Documents\MCUXpressoIDE_11.5.0_7232\workspace\sln_alexa_iot_iled_blinky\component\serial_manager" -I"C:\Users\amos.zhou\Documents\MCUXpressoIDE_11.5.0_7232\workspace\sln_alexa_iot_iled_blinky\component\lists" -I"C:\Users\amos.zhou\Documents\MCUXpressoIDE_11.5.0_7232\workspace\sln_alexa_iot_iled_blinky\xip" -I"C:\Users\amos.zhou\Documents\MCUXpressoIDE_11.5.0_7232\workspace\sln_alexa_iot_iled_blinky\CMSIS" -O0 -fno-common -g3 -Wall -c  -ffunction-sections  -fdata-sections  -ffreestanding  -fno-builtin -fmerge-constants -fmacro-prefix-map="../board/"= -mcpu=cortex-m7 -mfpu=fpv5-d16 -mfloat-abi=hard -mthumb -D__REDLIB__ -fstack-usage -specs=redlib.specs -MMD -MP -MF"board/pin_mux.d" -MT"board/pin_mux.o" -MT"board/pin_mux.d" -o "board/pin_mux.o" "../board/pin_mux.c"
arm-none-eabi-gcc -std=gnu99 -D__REDLIB__ -DCPU_MIMXRT106ADVL6A -DCPU_MIMXRT106ADVL6A_cm7 -DSDK_DEBUGCONSOLE=1 -DPRINTF_FLOAT_ENABLE=0 -DSCANF_FLOAT_ENABLE=0 -DPRINTF_ADVANCED_ENABLE=0 -DSCANF_ADVANCED_ENABLE=0 -DXIP_EXTERNAL_FLASH=1 -DXIP_BOOT_HEADER_ENABLE=1 -DXIP_BOOT_HEADER_DCD_ENABLE=1 -DCONFIG_FLEXRAM_AT_STARTUP=1 -DSERIAL_PORT_TYPE_UART=1 -DCR_INTEGER_PRINTF -D__MCUXPRESSO -D__USE_CMSIS -DDEBUG -I"C:\Users\amos.zhou\Documents\MCUXpressoIDE_11.5.0_7232\workspace\sln_alexa_iot_iled_blinky\board" -I"C:\Users\amos.zhou\Documents\MCUXpressoIDE_11.5.0_7232\workspace\sln_alexa_iot_iled_blinky\source" -I"C:\Users\amos.zhou\Documents\MCUXpressoIDE_11.5.0_7232\workspace\sln_alexa_iot_iled_blinky" -I"C:\Users\amos.zhou\Documents\MCUXpressoIDE_11.5.0_7232\workspace\sln_alexa_iot_iled_blinky\drivers" -I"C:\Users\amos.zhou\Documents\MCUXpressoIDE_11.5.0_7232\workspace\sln_alexa_iot_iled_blinky\device" -I"C:\Users\amos.zhou\Documents\MCUXpressoIDE_11.5.0_7232\workspace\sln_alexa_iot_iled_blinky\utilities" -I"C:\Users\amos.zhou\Documents\MCUXpressoIDE_11.5.0_7232\workspace\sln_alexa_iot_iled_blinky\component\uart" -I"C:\Users\amos.zhou\Documents\MCUXpressoIDE_11.5.0_7232\workspace\sln_alexa_iot_iled_blinky\component\serial_manager" -I"C:\Users\amos.zhou\Documents\MCUXpressoIDE_11.5.0_7232\workspace\sln_alexa_iot_iled_blinky\component\lists" -I"C:\Users\amos.zhou\Documents\MCUXpressoIDE_11.5.0_7232\workspace\sln_alexa_iot_iled_blinky\xip" -I"C:\Users\amos.zhou\Documents\MCUXpressoIDE_11.5.0_7232\workspace\sln_alexa_iot_iled_blinky\CMSIS" -O0 -fno-common -g3 -Wall -c  -ffunction-sections  -fdata-sections  -ffreestanding  -fno-builtin -fmerge-constants -fmacro-prefix-map="../source/"= -mcpu=cortex-m7 -mfpu=fpv5-d16 -mfloat-abi=hard -mthumb -D__REDLIB__ -fstack-usage -specs=redlib.specs -MMD -MP -MF"source/led_blinky.d" -MT"source/led_blinky.o" -MT"source/led_blinky.d" -o "source/led_blinky.o" "../source/led_blinky.c"
arm-none-eabi-gcc -std=gnu99 -D__REDLIB__ -DCPU_MIMXRT106ADVL6A -DCPU_MIMXRT106ADVL6A_cm7 -DSDK_DEBUGCONSOLE=1 -DPRINTF_FLOAT_ENABLE=0 -DSCANF_FLOAT_ENABLE=0 -DPRINTF_ADVANCED_ENABLE=0 -DSCANF_ADVANCED_ENABLE=0 -DXIP_EXTERNAL_FLASH=1 -DXIP_BOOT_HEADER_ENABLE=1 -DXIP_BOOT_HEADER_DCD_ENABLE=1 -DCONFIG_FLEXRAM_AT_STARTUP=1 -DSERIAL_PORT_TYPE_UART=1 -DCR_INTEGER_PRINTF -D__MCUXPRESSO -D__USE_CMSIS -DDEBUG -I"C:\Users\amos.zhou\Documents\MCUXpressoIDE_11.5.0_7232\workspace\sln_alexa_iot_iled_blinky\board" -I"C:\Users\amos.zhou\Documents\MCUXpressoIDE_11.5.0_7232\workspace\sln_alexa_iot_iled_blinky\source" -I"C:\Users\amos.zhou\Documents\MCUXpressoIDE_11.5.0_7232\workspace\sln_alexa_iot_iled_blinky" -I"C:\Users\amos.zhou\Documents\MCUXpressoIDE_11.5.0_7232\workspace\sln_alexa_iot_iled_blinky\drivers" -I"C:\Users\amos.zhou\Documents\MCUXpressoIDE_11.5.0_7232\workspace\sln_alexa_iot_iled_blinky\device" -I"C:\Users\amos.zhou\Documents\MCUXpressoIDE_11.5.0_7232\workspace\sln_alexa_iot_iled_blinky\utilities" -I"C:\Users\amos.zhou\Documents\MCUXpressoIDE_11.5.0_7232\workspace\sln_alexa_iot_iled_blinky\component\uart" -I"C:\Users\amos.zhou\Documents\MCUXpressoIDE_11.5.0_7232\workspace\sln_alexa_iot_iled_blinky\component\serial_manager" -I"C:\Users\amos.zhou\Documents\MCUXpressoIDE_11.5.0_7232\workspace\sln_alexa_iot_iled_blinky\component\lists" -I"C:\Users\amos.zhou\Documents\MCUXpressoIDE_11.5.0_7232\workspace\sln_alexa_iot_iled_blinky\xip" -I"C:\Users\amos.zhou\Documents\MCUXpressoIDE_11.5.0_7232\workspace\sln_alexa_iot_iled_blinky\CMSIS" -O0 -fno-common -g3 -Wall -c  -ffunction-sections  -fdata-sections  -ffreestanding  -fno-builtin -fmerge-constants -fmacro-prefix-map="../board/"= -mcpu=cortex-m7 -mfpu=fpv5-d16 -mfloat-abi=hard -mthumb -D__REDLIB__ -fstack-usage -specs=redlib.specs -MMD -MP -MF"board/board.d" -MT"board/board.o" -MT"board/board.d" -o "board/board.o" "../board/board.c"
arm-none-eabi-gcc -std=gnu99 -D__REDLIB__ -DCPU_MIMXRT106ADVL6A -DCPU_MIMXRT106ADVL6A_cm7 -DSDK_DEBUGCONSOLE=1 -DPRINTF_FLOAT_ENABLE=0 -DSCANF_FLOAT_ENABLE=0 -DPRINTF_ADVANCED_ENABLE=0 -DSCANF_ADVANCED_ENABLE=0 -DXIP_EXTERNAL_FLASH=1 -DXIP_BOOT_HEADER_ENABLE=1 -DXIP_BOOT_HEADER_DCD_ENABLE=1 -DCONFIG_FLEXRAM_AT_STARTUP=1 -DSERIAL_PORT_TYPE_UART=1 -DCR_INTEGER_PRINTF -D__MCUXPRESSO -D__USE_CMSIS -DDEBUG -I"C:\Users\amos.zhou\Documents\MCUXpressoIDE_11.5.0_7232\workspace\sln_alexa_iot_iled_blinky\board" -I"C:\Users\amos.zhou\Documents\MCUXpressoIDE_11.5.0_7232\workspace\sln_alexa_iot_iled_blinky\source" -I"C:\Users\amos.zhou\Documents\MCUXpressoIDE_11.5.0_7232\workspace\sln_alexa_iot_iled_blinky" -I"C:\Users\amos.zhou\Documents\MCUXpressoIDE_11.5.0_7232\workspace\sln_alexa_iot_iled_blinky\drivers" -I"C:\Users\amos.zhou\Documents\MCUXpressoIDE_11.5.0_7232\workspace\sln_alexa_iot_iled_blinky\device" -I"C:\Users\amos.zhou\Documents\MCUXpressoIDE_11.5.0_7232\workspace\sln_alexa_iot_iled_blinky\utilities" -I"C:\Users\amos.zhou\Documents\MCUXpressoIDE_11.5.0_7232\workspace\sln_alexa_iot_iled_blinky\component\uart" -I"C:\Users\amos.zhou\Documents\MCUXpressoIDE_11.5.0_7232\workspace\sln_alexa_iot_iled_blinky\component\serial_manager" -I"C:\Users\amos.zhou\Documents\MCUXpressoIDE_11.5.0_7232\workspace\sln_alexa_iot_iled_blinky\component\lists" -I"C:\Users\amos.zhou\Documents\MCUXpressoIDE_11.5.0_7232\workspace\sln_alexa_iot_iled_blinky\xip" -I"C:\Users\amos.zhou\Documents\MCUXpressoIDE_11.5.0_7232\workspace\sln_alexa_iot_iled_blinky\CMSIS" -O0 -fno-common -g3 -Wall -c  -ffunction-sections  -fdata-sections  -ffreestanding  -fno-builtin -fmerge-constants -fmacro-prefix-map="../xip/"= -mcpu=cortex-m7 -mfpu=fpv5-d16 -mfloat-abi=hard -mthumb -D__REDLIB__ -fstack-usage -specs=redlib.specs -MMD -MP -MF"xip/fsl_flexspi_nor_boot.d" -MT"xip/fsl_flexspi_nor_boot.o" -MT"xip/fsl_flexspi_nor_boot.d" -o "xip/fsl_flexspi_nor_boot.o" "../xip/fsl_flexspi_nor_boot.c"
Finished building: ../xip/fsl_flexspi_nor_boot.c
Finished building: ../board/pin_mux.c
Finished building: ../source/led_blinky.c
Finished building: ../board/board.c
 
 
 
 
Building target: sln_alexa_iot_iled_blinky.axf
Invoking: MCU Linker
arm-none-eabi-gcc -nostdlib -Xlinker -Map="sln_alexa_iot_iled_blinky.map" -Xlinker --gc-sections -Xlinker -print-memory-usage -Xlinker --sort-section=alignment -Xlinker --cref -mcpu=cortex-m7 -mfpu=fpv5-d16 -mfloat-abi=hard -mthumb -T sln_alexa_iot_iled_blinky_Debug.ld -o "sln_alexa_iot_iled_blinky.axf"  ./xip/fsl_flexspi_nor_boot.o ./xip/sln_alexa_iot_flexspi_nor_config.o  ./utilities/fsl_assert.o ./utilities/fsl_debug_console.o ./utilities/fsl_str.o  ./startup/startup_mimxrt106a.o  ./source/led_blinky.o ./source/semihost_hardfault.o  ./drivers/fsl_clock.o ./drivers/fsl_common.o ./drivers/fsl_dcp.o ./drivers/fsl_flexram.o ./drivers/fsl_flexram_allocate.o ./drivers/fsl_flexspi.o ./drivers/fsl_gpio.o ./drivers/fsl_lpuart.o ./drivers/fsl_trng.o  ./device/system_MIMXRT106A.o  ./component/uart/lpuart_adapter.o  ./component/serial_manager/serial_manager.o ./component/serial_manager/serial_port_uart.o  ./component/lists/generic_list.o  ./board/board.o ./board/clock_config.o ./board/dcd.o ./board/pin_mux.o   
Memory region         Used Size  Region Size  %age Used
     BOARD_FLASH:       23008 B        10 MB      0.22%
        SRAM_DTC:        8484 B       480 KB      1.73%
        SRAM_ITC:          0 GB        32 KB      0.00%
SRAM_OC_NON_CACHEABLE:          0 GB       256 KB      0.00%
SRAM_OC_CACHEABLE:          0 GB       256 KB      0.00%
Finished building target: sln_alexa_iot_iled_blinky.axf
 
Performing post-build steps
arm-none-eabi-size "sln_alexa_iot_iled_blinky.axf"; # arm-none-eabi-objcopy -v -O binary "sln_alexa_iot_iled_blinky.axf" "sln_alexa_iot_iled_blinky.bin" ; # checksum -p MIMXRT106AxxxxA -d "sln_alexa_iot_iled_blinky.bin";
   text	   data	    bss	    dec	    hex	filename
  23004	      4	   8480	  31488	   7b00	sln_alexa_iot_iled_blinky.axf
 
11:07:23 **** Incremental Build of configuration Debug for project sln_alexa_iot_iled_blinky ****
make -r -j8 all 
Building file: ../source/led_blinky.c
Invoking: MCU C Compiler
arm-none-eabi-gcc -std=gnu99 -D__REDLIB__ -DCPU_MIMXRT106ADVL6A -DCPU_MIMXRT106ADVL6A_cm7 -DSDK_DEBUGCONSOLE=1 -DPRINTF_FLOAT_ENABLE=0 -DSCANF_FLOAT_ENABLE=0 -DPRINTF_ADVANCED_ENABLE=0 -DSCANF_ADVANCED_ENABLE=0 -DXIP_EXTERNAL_FLASH=1 -DXIP_BOOT_HEADER_ENABLE=1 -DXIP_BOOT_HEADER_DCD_ENABLE=1 -DCONFIG_FLEXRAM_AT_STARTUP=1 -DSERIAL_PORT_TYPE_UART=1 -DCR_INTEGER_PRINTF -D__MCUXPRESSO -D__USE_CMSIS -DDEBUG -I"C:\Users\amos.zhou\Documents\MCUXpressoIDE_11.5.0_7232\workspace\sln_alexa_iot_iled_blinky\board" -I"C:\Users\amos.zhou\Documents\MCUXpressoIDE_11.5.0_7232\workspace\sln_alexa_iot_iled_blinky\source" -I"C:\Users\amos.zhou\Documents\MCUXpressoIDE_11.5.0_7232\workspace\sln_alexa_iot_iled_blinky" -I"C:\Users\amos.zhou\Documents\MCUXpressoIDE_11.5.0_7232\workspace\sln_alexa_iot_iled_blinky\drivers" -I"C:\Users\amos.zhou\Documents\MCUXpressoIDE_11.5.0_7232\workspace\sln_alexa_iot_iled_blinky\device" -I"C:\Users\amos.zhou\Documents\MCUXpressoIDE_11.5.0_7232\workspace\sln_alexa_iot_iled_blinky\utilities" -I"C:\Users\amos.zhou\Documents\MCUXpressoIDE_11.5.0_7232\workspace\sln_alexa_iot_iled_blinky\component\uart" -I"C:\Users\amos.zhou\Documents\MCUXpressoIDE_11.5.0_7232\workspace\sln_alexa_iot_iled_blinky\component\serial_manager" -I"C:\Users\amos.zhou\Documents\MCUXpressoIDE_11.5.0_7232\workspace\sln_alexa_iot_iled_blinky\component\lists" -I"C:\Users\amos.zhou\Documents\MCUXpressoIDE_11.5.0_7232\workspace\sln_alexa_iot_iled_blinky\xip" -I"C:\Users\amos.zhou\Documents\MCUXpressoIDE_11.5.0_7232\workspace\sln_alexa_iot_iled_blinky\CMSIS" -O0 -fno-common -g3 -Wall -c  -ffunction-sections  -fdata-sections  -ffreestanding  -fno-builtin -fmerge-constants -fmacro-prefix-map="../source/"= -mcpu=cortex-m7 -mfpu=fpv5-d16 -mfloat-abi=hard -mthumb -D__REDLIB__ -fstack-usage -specs=redlib.specs -MMD -MP -MF"source/led_blinky.d" -MT"source/led_blinky.o" -MT"source/led_blinky.d" -o "source/led_blinky.o" "../source/led_blinky.c"
Finished building: ../source/led_blinky.c
 
Building target: sln_alexa_iot_iled_blinky.axf
Invoking: MCU Linker
arm-none-eabi-gcc -nostdlib -Xlinker -Map="sln_alexa_iot_iled_blinky.map" -Xlinker --gc-sections -Xlinker -print-memory-usage -Xlinker --sort-section=alignment -Xlinker --cref -mcpu=cortex-m7 -mfpu=fpv5-d16 -mfloat-abi=hard -mthumb -T sln_alexa_iot_iled_blinky_Debug.ld -o "sln_alexa_iot_iled_blinky.axf"  ./xip/fsl_flexspi_nor_boot.o ./xip/sln_alexa_iot_flexspi_nor_config.o  ./utilities/fsl_assert.o ./utilities/fsl_debug_console.o ./utilities/fsl_str.o  ./startup/startup_mimxrt106a.o  ./source/led_blinky.o ./source/semihost_hardfault.o  ./drivers/fsl_clock.o ./drivers/fsl_common.o ./drivers/fsl_dcp.o ./drivers/fsl_flexram.o ./drivers/fsl_flexram_allocate.o ./drivers/fsl_flexspi.o ./drivers/fsl_gpio.o ./drivers/fsl_lpuart.o ./drivers/fsl_trng.o  ./device/system_MIMXRT106A.o  ./component/uart/lpuart_adapter.o  ./component/serial_manager/serial_manager.o ./component/serial_manager/serial_port_uart.o  ./component/lists/generic_list.o  ./board/board.o ./board/clock_config.o ./board/dcd.o ./board/pin_mux.o   
Memory region         Used Size  Region Size  %age Used
     BOARD_FLASH:       22932 B        10 MB      0.22%
        SRAM_DTC:        8484 B       480 KB      1.73%
        SRAM_ITC:          0 GB        32 KB      0.00%
SRAM_OC_NON_CACHEABLE:          0 GB       256 KB      0.00%
SRAM_OC_CACHEABLE:          0 GB       256 KB      0.00%
Finished building target: sln_alexa_iot_iled_blinky.axf
 
Performing post-build steps
arm-none-eabi-size "sln_alexa_iot_iled_blinky.axf"; # arm-none-eabi-objcopy -v -O binary "sln_alexa_iot_iled_blinky.axf" "sln_alexa_iot_iled_blinky.bin" ; # checksum -p MIMXRT106AxxxxA -d "sln_alexa_iot_iled_blinky.bin";
   text	   data	    bss	    dec	    hex	filename
  22928	      4	   8480	  31412	   7ab4	sln_alexa_iot_iled_blinky.axf
 
11:08:16 **** Incremental Build of configuration Debug for project sln_alexa_iot_iled_blinky ****
make -r -j8 all 
make[1]: Nothing to be done for 'main-build'.
Performing post-build steps
arm-none-eabi-size "sln_alexa_iot_iled_blinky.axf"; # arm-none-eabi-objcopy -v -O binary "sln_alexa_iot_iled_blinky.axf" "sln_alexa_iot_iled_blinky.bin" ; # checksum -p MIMXRT106AxxxxA -d "sln_alexa_iot_iled_blinky.bin";
   text	   data	    bss	    dec	    hex	filename
  22928	      4	   8480	  31412	   7ab4	sln_alexa_iot_iled_blinky.axf
 
11:08:51 **** Incremental Build of configuration Debug for project sln_alexa_iot_iled_blinky ****
make -r -j8 all 
make[1]: Nothing to be done for 'main-build'.
Performing post-build steps
arm-none-eabi-size "sln_alexa_iot_iled_blinky.axf"; # arm-none-eabi-objcopy -v -O binary "sln_alexa_iot_iled_blinky.axf" "sln_alexa_iot_iled_blinky.bin" ; # checksum -p MIMXRT106AxxxxA -d "sln_alexa_iot_iled_blinky.bin";
   text	   data	    bss	    dec	    hex	filename
  22928	      4	   8480	  31412	   7ab4	sln_alexa_iot_iled_blinky.axf
 
11:11:00 **** Incremental Build of configuration Debug for project sln_alexa_iot_iled_blinky ****
make -r -j8 all 
make[1]: Nothing to be done for 'main-build'.
Performing post-build steps
arm-none-eabi-size "sln_alexa_iot_iled_blinky.axf"; # arm-none-eabi-objcopy -v -O binary "sln_alexa_iot_iled_blinky.axf" "sln_alexa_iot_iled_blinky.bin" ; # checksum -p MIMXRT106AxxxxA -d "sln_alexa_iot_iled_blinky.bin";
   text	   data	    bss	    dec	    hex	filename
  22928	      4	   8480	  31412	   7ab4	sln_alexa_iot_iled_blinky.axf
 
